
Magic 8.3 revision 483 - Compiled on Sun Jun  2 18:46:17 UTC 2024.
Starting magic under Tcl interpreter
Using the terminal as the console.
Using NULL graphics device.
Processing system .magicrc file
Sourcing design .magicrc for technology sky130A ...
2 Magic internal units = 1 Lambda
Input style sky130(): scaleFactor=2, multiplier=2
The following types are not handled by extraction and will be treated as non-electrical types:
    ubm 
Scaled tech values by 2 / 1 to match internal grid scaling
Loading sky130A Device Generator Menu ...
Using technology "sky130A", version 1.0.466-0-gbdc9412
Reading LEF data from file /home/briandeniz/.volare/sky130A/libs.ref/sky130_fd_sc_hd/techlef/sky130_fd_sc_hd__nom.tlef.
This action cannot be undone.
LEF read, Line 78 (Message): Unknown keyword "ANTENNAMODEL" in LEF file; ignoring.
LEF read, Line 79 (Message): Unknown keyword "ANTENNADIFFSIDEAREARATIO" in LEF file; ignoring.
LEF read, Line 112 (Message): Unknown keyword "MINENCLOSEDAREA" in LEF file; ignoring.
LEF read, Line 114 (Message): Unknown keyword "ANTENNAMODEL" in LEF file; ignoring.
LEF read, Line 115 (Message): Unknown keyword "ANTENNADIFFSIDEAREARATIO" in LEF file; ignoring.
LEF read, Line 121 (Message): Unknown keyword "MAXIMUMDENSITY" in LEF file; ignoring.
LEF read, Line 122 (Message): Unknown keyword "DENSITYCHECKWINDOW" in LEF file; ignoring.
LEF read, Line 123 (Message): Unknown keyword "DENSITYCHECKSTEP" in LEF file; ignoring.
LEF read, Line 156 (Message): Unknown keyword "MINENCLOSEDAREA" in LEF file; ignoring.
LEF read, Line 164 (Message): Unknown keyword "ANTENNAMODEL" in LEF file; ignoring.
LEF read, Line 165 (Message): Unknown keyword "ANTENNADIFFSIDEAREARATIO" in LEF file; ignoring.
LEF read, Line 167 (Message): Unknown keyword "MAXIMUMDENSITY" in LEF file; ignoring.
LEF read, Line 168 (Message): Unknown keyword "DENSITYCHECKWINDOW" in LEF file; ignoring.
LEF read, Line 169 (Message): Unknown keyword "DENSITYCHECKSTEP" in LEF file; ignoring.
LEF read, Line 206 (Message): Unknown keyword "ANTENNAMODEL" in LEF file; ignoring.
LEF read, Line 207 (Message): Unknown keyword "ANTENNADIFFSIDEAREARATIO" in LEF file; ignoring.
LEF read, Line 209 (Message): Unknown keyword "MAXIMUMDENSITY" in LEF file; ignoring.
LEF read, Line 210 (Message): Unknown keyword "DENSITYCHECKWINDOW" in LEF file; ignoring.
LEF read, Line 211 (Message): Unknown keyword "DENSITYCHECKSTEP" in LEF file; ignoring.
LEF read, Line 248 (Message): Unknown keyword "ANTENNAMODEL" in LEF file; ignoring.
LEF read, Line 249 (Message): Unknown keyword "ANTENNADIFFSIDEAREARATIO" in LEF file; ignoring.
LEF read, Line 251 (Message): Unknown keyword "MAXIMUMDENSITY" in LEF file; ignoring.
LEF read, Line 252 (Message): Unknown keyword "DENSITYCHECKWINDOW" in LEF file; ignoring.
LEF read, Line 253 (Message): Unknown keyword "DENSITYCHECKSTEP" in LEF file; ignoring.
LEF read, Line 290 (Message): Unknown keyword "ANTENNAMODEL" in LEF file; ignoring.
LEF read, Line 291 (Message): Unknown keyword "ANTENNADIFFSIDEAREARATIO" in LEF file; ignoring.
LEF read: Processed 797 lines.
Reading DEF data from file /openlane/designs/register_alu/runs/RUN_2025.05.31_04.05.36/results/routing/register_alu.def.
This action cannot be undone.
  Processed 4 vias total.
Cell sky130_fd_sc_hd__diode_2 read from path /home/briandeniz/.volare/sky130A/libs.ref/sky130_fd_sc_hd/maglef
Cell sky130_fd_sc_hd__decap_3 read from path /home/briandeniz/.volare/sky130A/libs.ref/sky130_fd_sc_hd/maglef
Cell sky130_ef_sc_hd__decap_12 read from path /home/briandeniz/.volare/sky130A/libs.ref/sky130_fd_sc_hd/maglef
Cell sky130_fd_sc_hd__fill_2 read from path /home/briandeniz/.volare/sky130A/libs.ref/sky130_fd_sc_hd/maglef
Cell sky130_fd_sc_hd__decap_8 read from path /home/briandeniz/.volare/sky130A/libs.ref/sky130_fd_sc_hd/maglef
Cell sky130_fd_sc_hd__decap_4 read from path /home/briandeniz/.volare/sky130A/libs.ref/sky130_fd_sc_hd/maglef
Cell sky130_fd_sc_hd__fill_1 read from path /home/briandeniz/.volare/sky130A/libs.ref/sky130_fd_sc_hd/maglef
Cell sky130_fd_sc_hd__decap_6 read from path /home/briandeniz/.volare/sky130A/libs.ref/sky130_fd_sc_hd/maglef
Cell sky130_fd_sc_hd__tapvpwrvgnd_1 read from path /home/briandeniz/.volare/sky130A/libs.ref/sky130_fd_sc_hd/maglef
Cell sky130_fd_sc_hd__inv_8 read from path /home/briandeniz/.volare/sky130A/libs.ref/sky130_fd_sc_hd/maglef
Cell sky130_fd_sc_hd__mux4_1 read from path /home/briandeniz/.volare/sky130A/libs.ref/sky130_fd_sc_hd/maglef
Cell sky130_fd_sc_hd__mux2_1 read from path /home/briandeniz/.volare/sky130A/libs.ref/sky130_fd_sc_hd/maglef
Cell sky130_fd_sc_hd__nand2_1 read from path /home/briandeniz/.volare/sky130A/libs.ref/sky130_fd_sc_hd/maglef
Cell sky130_fd_sc_hd__a21oi_1 read from path /home/briandeniz/.volare/sky130A/libs.ref/sky130_fd_sc_hd/maglef
Cell sky130_fd_sc_hd__a32o_4 read from path /home/briandeniz/.volare/sky130A/libs.ref/sky130_fd_sc_hd/maglef
Cell sky130_fd_sc_hd__or2_1 read from path /home/briandeniz/.volare/sky130A/libs.ref/sky130_fd_sc_hd/maglef
Cell sky130_fd_sc_hd__o21a_1 read from path /home/briandeniz/.volare/sky130A/libs.ref/sky130_fd_sc_hd/maglef
Cell sky130_fd_sc_hd__a221o_1 read from path /home/briandeniz/.volare/sky130A/libs.ref/sky130_fd_sc_hd/maglef
Cell sky130_fd_sc_hd__o21a_2 read from path /home/briandeniz/.volare/sky130A/libs.ref/sky130_fd_sc_hd/maglef
Cell sky130_fd_sc_hd__clkbuf_16 read from path /home/briandeniz/.volare/sky130A/libs.ref/sky130_fd_sc_hd/maglef
Cell sky130_fd_sc_hd__o211a_1 read from path /home/briandeniz/.volare/sky130A/libs.ref/sky130_fd_sc_hd/maglef
Cell sky130_fd_sc_hd__a21o_1 read from path /home/briandeniz/.volare/sky130A/libs.ref/sky130_fd_sc_hd/maglef
Cell sky130_fd_sc_hd__o22a_1 read from path /home/briandeniz/.volare/sky130A/libs.ref/sky130_fd_sc_hd/maglef
Cell sky130_fd_sc_hd__o22a_4 read from path /home/briandeniz/.volare/sky130A/libs.ref/sky130_fd_sc_hd/maglef
Cell sky130_fd_sc_hd__buf_12 read from path /home/briandeniz/.volare/sky130A/libs.ref/sky130_fd_sc_hd/maglef
Cell sky130_fd_sc_hd__clkbuf_8 read from path /home/briandeniz/.volare/sky130A/libs.ref/sky130_fd_sc_hd/maglef
Cell sky130_fd_sc_hd__buf_4 read from path /home/briandeniz/.volare/sky130A/libs.ref/sky130_fd_sc_hd/maglef
Cell sky130_fd_sc_hd__buf_6 read from path /home/briandeniz/.volare/sky130A/libs.ref/sky130_fd_sc_hd/maglef
Cell sky130_fd_sc_hd__a2bb2o_4 read from path /home/briandeniz/.volare/sky130A/libs.ref/sky130_fd_sc_hd/maglef
Cell sky130_fd_sc_hd__o21ai_4 read from path /home/briandeniz/.volare/sky130A/libs.ref/sky130_fd_sc_hd/maglef
Cell sky130_fd_sc_hd__buf_8 read from path /home/briandeniz/.volare/sky130A/libs.ref/sky130_fd_sc_hd/maglef
Cell sky130_fd_sc_hd__o22a_2 read from path /home/briandeniz/.volare/sky130A/libs.ref/sky130_fd_sc_hd/maglef
Cell sky130_fd_sc_hd__a22o_2 read from path /home/briandeniz/.volare/sky130A/libs.ref/sky130_fd_sc_hd/maglef
Cell sky130_fd_sc_hd__and2_1 read from path /home/briandeniz/.volare/sky130A/libs.ref/sky130_fd_sc_hd/maglef
Cell sky130_fd_sc_hd__o221a_1 read from path /home/briandeniz/.volare/sky130A/libs.ref/sky130_fd_sc_hd/maglef
Cell sky130_fd_sc_hd__a22o_1 read from path /home/briandeniz/.volare/sky130A/libs.ref/sky130_fd_sc_hd/maglef
Cell sky130_fd_sc_hd__nor2_1 read from path /home/briandeniz/.volare/sky130A/libs.ref/sky130_fd_sc_hd/maglef
Cell sky130_fd_sc_hd__o21ai_1 read from path /home/briandeniz/.volare/sky130A/libs.ref/sky130_fd_sc_hd/maglef
Cell sky130_fd_sc_hd__o2bb2a_4 read from path /home/briandeniz/.volare/sky130A/libs.ref/sky130_fd_sc_hd/maglef
Cell sky130_fd_sc_hd__clkinv_8 read from path /home/briandeniz/.volare/sky130A/libs.ref/sky130_fd_sc_hd/maglef
Cell sky130_fd_sc_hd__a21o_4 read from path /home/briandeniz/.volare/sky130A/libs.ref/sky130_fd_sc_hd/maglef
Cell sky130_fd_sc_hd__mux4_2 read from path /home/briandeniz/.volare/sky130A/libs.ref/sky130_fd_sc_hd/maglef
Cell sky130_fd_sc_hd__a21oi_4 read from path /home/briandeniz/.volare/sky130A/libs.ref/sky130_fd_sc_hd/maglef
Cell sky130_fd_sc_hd__clkinv_4 read from path /home/briandeniz/.volare/sky130A/libs.ref/sky130_fd_sc_hd/maglef
Cell sky130_fd_sc_hd__clkbuf_4 read from path /home/briandeniz/.volare/sky130A/libs.ref/sky130_fd_sc_hd/maglef
Cell sky130_fd_sc_hd__inv_4 read from path /home/briandeniz/.volare/sky130A/libs.ref/sky130_fd_sc_hd/maglef
Cell sky130_fd_sc_hd__inv_12 read from path /home/briandeniz/.volare/sky130A/libs.ref/sky130_fd_sc_hd/maglef
Cell sky130_fd_sc_hd__inv_6 read from path /home/briandeniz/.volare/sky130A/libs.ref/sky130_fd_sc_hd/maglef
Cell sky130_fd_sc_hd__a21o_2 read from path /home/briandeniz/.volare/sky130A/libs.ref/sky130_fd_sc_hd/maglef
Cell sky130_fd_sc_hd__clkinv_16 read from path /home/briandeniz/.volare/sky130A/libs.ref/sky130_fd_sc_hd/maglef
Cell sky130_fd_sc_hd__inv_2 read from path /home/briandeniz/.volare/sky130A/libs.ref/sky130_fd_sc_hd/maglef
Cell sky130_fd_sc_hd__mux2_8 read from path /home/briandeniz/.volare/sky130A/libs.ref/sky130_fd_sc_hd/maglef
Cell sky130_fd_sc_hd__clkbuf_1 read from path /home/briandeniz/.volare/sky130A/libs.ref/sky130_fd_sc_hd/maglef
Cell sky130_fd_sc_hd__nor2_8 read from path /home/briandeniz/.volare/sky130A/libs.ref/sky130_fd_sc_hd/maglef
Cell sky130_fd_sc_hd__a311oi_4 read from path /home/briandeniz/.volare/sky130A/libs.ref/sky130_fd_sc_hd/maglef
Cell sky130_fd_sc_hd__xnor2_1 read from path /home/briandeniz/.volare/sky130A/libs.ref/sky130_fd_sc_hd/maglef
Cell sky130_fd_sc_hd__and2b_1 read from path /home/briandeniz/.volare/sky130A/libs.ref/sky130_fd_sc_hd/maglef
Cell sky130_fd_sc_hd__xor2_1 read from path /home/briandeniz/.volare/sky130A/libs.ref/sky130_fd_sc_hd/maglef
Cell sky130_fd_sc_hd__a211o_1 read from path /home/briandeniz/.volare/sky130A/libs.ref/sky130_fd_sc_hd/maglef
Cell sky130_fd_sc_hd__o221a_4 read from path /home/briandeniz/.volare/sky130A/libs.ref/sky130_fd_sc_hd/maglef
Cell sky130_fd_sc_hd__or2b_1 read from path /home/briandeniz/.volare/sky130A/libs.ref/sky130_fd_sc_hd/maglef
Cell sky130_fd_sc_hd__o21a_4 read from path /home/briandeniz/.volare/sky130A/libs.ref/sky130_fd_sc_hd/maglef
Cell sky130_fd_sc_hd__nand2_4 read from path /home/briandeniz/.volare/sky130A/libs.ref/sky130_fd_sc_hd/maglef
Cell sky130_fd_sc_hd__o31a_1 read from path /home/briandeniz/.volare/sky130A/libs.ref/sky130_fd_sc_hd/maglef
Cell sky130_fd_sc_hd__a21oi_2 read from path /home/briandeniz/.volare/sky130A/libs.ref/sky130_fd_sc_hd/maglef
Cell sky130_fd_sc_hd__o41a_2 read from path /home/briandeniz/.volare/sky130A/libs.ref/sky130_fd_sc_hd/maglef
Cell sky130_fd_sc_hd__xnor2_2 read from path /home/briandeniz/.volare/sky130A/libs.ref/sky130_fd_sc_hd/maglef
Cell sky130_fd_sc_hd__or3_1 read from path /home/briandeniz/.volare/sky130A/libs.ref/sky130_fd_sc_hd/maglef
Cell sky130_fd_sc_hd__a31o_4 read from path /home/briandeniz/.volare/sky130A/libs.ref/sky130_fd_sc_hd/maglef
Cell sky130_fd_sc_hd__and3_1 read from path /home/briandeniz/.volare/sky130A/libs.ref/sky130_fd_sc_hd/maglef
Cell sky130_fd_sc_hd__nor4_2 read from path /home/briandeniz/.volare/sky130A/libs.ref/sky130_fd_sc_hd/maglef
Cell sky130_fd_sc_hd__a311o_1 read from path /home/briandeniz/.volare/sky130A/libs.ref/sky130_fd_sc_hd/maglef
Cell sky130_fd_sc_hd__a2111o_1 read from path /home/briandeniz/.volare/sky130A/libs.ref/sky130_fd_sc_hd/maglef
Cell sky130_fd_sc_hd__and4_1 read from path /home/briandeniz/.volare/sky130A/libs.ref/sky130_fd_sc_hd/maglef
Cell sky130_fd_sc_hd__a2111oi_1 read from path /home/briandeniz/.volare/sky130A/libs.ref/sky130_fd_sc_hd/maglef
Cell sky130_fd_sc_hd__o21bai_1 read from path /home/briandeniz/.volare/sky130A/libs.ref/sky130_fd_sc_hd/maglef
Cell sky130_fd_sc_hd__a31o_1 read from path /home/briandeniz/.volare/sky130A/libs.ref/sky130_fd_sc_hd/maglef
Cell sky130_fd_sc_hd__o211ai_2 read from path /home/briandeniz/.volare/sky130A/libs.ref/sky130_fd_sc_hd/maglef
Cell sky130_fd_sc_hd__o31ai_4 read from path /home/briandeniz/.volare/sky130A/libs.ref/sky130_fd_sc_hd/maglef
Cell sky130_fd_sc_hd__a41o_1 read from path /home/briandeniz/.volare/sky130A/libs.ref/sky130_fd_sc_hd/maglef
Cell sky130_fd_sc_hd__or4_4 read from path /home/briandeniz/.volare/sky130A/libs.ref/sky130_fd_sc_hd/maglef
Cell sky130_fd_sc_hd__nand4_4 read from path /home/briandeniz/.volare/sky130A/libs.ref/sky130_fd_sc_hd/maglef
Cell sky130_fd_sc_hd__nor3_1 read from path /home/briandeniz/.volare/sky130A/libs.ref/sky130_fd_sc_hd/maglef
Cell sky130_fd_sc_hd__and4b_1 read from path /home/briandeniz/.volare/sky130A/libs.ref/sky130_fd_sc_hd/maglef
Cell sky130_fd_sc_hd__a32o_1 read from path /home/briandeniz/.volare/sky130A/libs.ref/sky130_fd_sc_hd/maglef
Cell sky130_fd_sc_hd__a211o_2 read from path /home/briandeniz/.volare/sky130A/libs.ref/sky130_fd_sc_hd/maglef
Cell sky130_fd_sc_hd__nand2b_2 read from path /home/briandeniz/.volare/sky130A/libs.ref/sky130_fd_sc_hd/maglef
Cell sky130_fd_sc_hd__or2_2 read from path /home/briandeniz/.volare/sky130A/libs.ref/sky130_fd_sc_hd/maglef
Cell sky130_fd_sc_hd__nand3_1 read from path /home/briandeniz/.volare/sky130A/libs.ref/sky130_fd_sc_hd/maglef
Cell sky130_fd_sc_hd__o21ba_1 read from path /home/briandeniz/.volare/sky130A/libs.ref/sky130_fd_sc_hd/maglef
Cell sky130_fd_sc_hd__or4_2 read from path /home/briandeniz/.volare/sky130A/libs.ref/sky130_fd_sc_hd/maglef
Cell sky130_fd_sc_hd__o21ai_2 read from path /home/briandeniz/.volare/sky130A/libs.ref/sky130_fd_sc_hd/maglef
Cell sky130_fd_sc_hd__or3b_1 read from path /home/briandeniz/.volare/sky130A/libs.ref/sky130_fd_sc_hd/maglef
Cell sky130_fd_sc_hd__nand2_2 read from path /home/briandeniz/.volare/sky130A/libs.ref/sky130_fd_sc_hd/maglef
Cell sky130_fd_sc_hd__xor2_4 read from path /home/briandeniz/.volare/sky130A/libs.ref/sky130_fd_sc_hd/maglef
Cell sky130_fd_sc_hd__xnor2_4 read from path /home/briandeniz/.volare/sky130A/libs.ref/sky130_fd_sc_hd/maglef
Cell sky130_fd_sc_hd__or4b_2 read from path /home/briandeniz/.volare/sky130A/libs.ref/sky130_fd_sc_hd/maglef
Cell sky130_fd_sc_hd__nor4_1 read from path /home/briandeniz/.volare/sky130A/libs.ref/sky130_fd_sc_hd/maglef
Cell sky130_fd_sc_hd__o311ai_4 read from path /home/briandeniz/.volare/sky130A/libs.ref/sky130_fd_sc_hd/maglef
Cell sky130_fd_sc_hd__o41a_1 read from path /home/briandeniz/.volare/sky130A/libs.ref/sky130_fd_sc_hd/maglef
Cell sky130_fd_sc_hd__a21boi_4 read from path /home/briandeniz/.volare/sky130A/libs.ref/sky130_fd_sc_hd/maglef
Cell sky130_fd_sc_hd__a21bo_1 read from path /home/briandeniz/.volare/sky130A/libs.ref/sky130_fd_sc_hd/maglef
Cell sky130_fd_sc_hd__mux2_4 read from path /home/briandeniz/.volare/sky130A/libs.ref/sky130_fd_sc_hd/maglef
Cell sky130_fd_sc_hd__clkbuf_2 read from path /home/briandeniz/.volare/sky130A/libs.ref/sky130_fd_sc_hd/maglef
Cell sky130_fd_sc_hd__nand4_1 read from path /home/briandeniz/.volare/sky130A/libs.ref/sky130_fd_sc_hd/maglef
Cell sky130_fd_sc_hd__nor2_2 read from path /home/briandeniz/.volare/sky130A/libs.ref/sky130_fd_sc_hd/maglef
Cell sky130_fd_sc_hd__o31a_4 read from path /home/briandeniz/.volare/sky130A/libs.ref/sky130_fd_sc_hd/maglef
Cell sky130_fd_sc_hd__buf_2 read from path /home/briandeniz/.volare/sky130A/libs.ref/sky130_fd_sc_hd/maglef
Cell sky130_fd_sc_hd__or3b_4 read from path /home/briandeniz/.volare/sky130A/libs.ref/sky130_fd_sc_hd/maglef
Cell sky130_fd_sc_hd__or2_4 read from path /home/briandeniz/.volare/sky130A/libs.ref/sky130_fd_sc_hd/maglef
Cell sky130_fd_sc_hd__nor2_4 read from path /home/briandeniz/.volare/sky130A/libs.ref/sky130_fd_sc_hd/maglef
Cell sky130_fd_sc_hd__and3b_4 read from path /home/briandeniz/.volare/sky130A/libs.ref/sky130_fd_sc_hd/maglef
Cell sky130_fd_sc_hd__nand3b_4 read from path /home/briandeniz/.volare/sky130A/libs.ref/sky130_fd_sc_hd/maglef
Cell sky130_fd_sc_hd__or3_4 read from path /home/briandeniz/.volare/sky130A/libs.ref/sky130_fd_sc_hd/maglef
Cell sky130_fd_sc_hd__and3_4 read from path /home/briandeniz/.volare/sky130A/libs.ref/sky130_fd_sc_hd/maglef
Cell sky130_fd_sc_hd__nand2_8 read from path /home/briandeniz/.volare/sky130A/libs.ref/sky130_fd_sc_hd/maglef
Cell sky130_fd_sc_hd__nand3_4 read from path /home/briandeniz/.volare/sky130A/libs.ref/sky130_fd_sc_hd/maglef
Cell sky130_fd_sc_hd__nand2b_4 read from path /home/briandeniz/.volare/sky130A/libs.ref/sky130_fd_sc_hd/maglef
Cell sky130_fd_sc_hd__nor2b_4 read from path /home/briandeniz/.volare/sky130A/libs.ref/sky130_fd_sc_hd/maglef
Cell sky130_fd_sc_hd__a221oi_4 read from path /home/briandeniz/.volare/sky130A/libs.ref/sky130_fd_sc_hd/maglef
Cell sky130_fd_sc_hd__dfxtp_1 read from path /home/briandeniz/.volare/sky130A/libs.ref/sky130_fd_sc_hd/maglef
Cell sky130_fd_sc_hd__clkinvlp_4 read from path /home/briandeniz/.volare/sky130A/libs.ref/sky130_fd_sc_hd/maglef
Cell sky130_fd_sc_hd__clkinv_1 read from path /home/briandeniz/.volare/sky130A/libs.ref/sky130_fd_sc_hd/maglef
Cell sky130_fd_sc_hd__bufinv_16 read from path /home/briandeniz/.volare/sky130A/libs.ref/sky130_fd_sc_hd/maglef
Cell sky130_fd_sc_hd__clkinvlp_2 read from path /home/briandeniz/.volare/sky130A/libs.ref/sky130_fd_sc_hd/maglef
Cell sky130_fd_sc_hd__buf_1 read from path /home/briandeniz/.volare/sky130A/libs.ref/sky130_fd_sc_hd/maglef
  Processed 274955 subcell instances total.
  Processed 149 pins total.
  Processed 2 special nets total.
  Processed 5319 nets total.
DEF read: Processed 552740 lines.
Moving label "_0008_" from metal1 to via1 in cell register_alu.
Moving label "_0013_" from metal1 to via1 in cell register_alu.
Moving label "_0024_" from metal1 to via1 in cell register_alu.
Moving label "_0026_" from metal1 to via1 in cell register_alu.
Moving label "_0027_" from metal1 to via1 in cell register_alu.
Moving label "_0029_" from metal1 to via1 in cell register_alu.
Moving label "_0031_" from metal1 to via1 in cell register_alu.
Moving label "_0046_" from metal1 to via1 in cell register_alu.
Moving label "_0047_" from metal1 to via1 in cell register_alu.
Moving label "_0048_" from metal1 to via1 in cell register_alu.
Moving label "_0060_" from metal1 to via1 in cell register_alu.
Moving label "_0061_" from metal1 to via1 in cell register_alu.
Moving label "_0070_" from metal1 to via1 in cell register_alu.
Moving label "_0077_" from metal1 to via1 in cell register_alu.
Moving label "_0081_" from metal1 to via1 in cell register_alu.
Moving label "_0083_" from metal1 to via1 in cell register_alu.
Moving label "_0089_" from metal1 to via1 in cell register_alu.
Moving label "_0092_" from metal1 to via1 in cell register_alu.
Moving label "_0093_" from metal1 to via1 in cell register_alu.
Moving label "_0099_" from metal1 to via1 in cell register_alu.
Moving label "_0121_" from metal1 to via1 in cell register_alu.
Moving label "_0122_" from metal1 to via1 in cell register_alu.
Moving label "_0131_" from metal1 to via1 in cell register_alu.
Moving label "_0135_" from metal1 to via1 in cell register_alu.
Moving label "_0147_" from metal1 to via1 in cell register_alu.
Moving label "_0148_" from metal1 to via1 in cell register_alu.
Moving label "_0153_" from metal1 to via1 in cell register_alu.
Moving label "_0161_" from metal1 to via1 in cell register_alu.
Moving label "_0170_" from metal1 to via1 in cell register_alu.
Moving label "_0172_" from metal1 to via1 in cell register_alu.
Moving label "_0174_" from metal1 to via1 in cell register_alu.
Moving label "_0187_" from metal1 to viali in cell register_alu.
Moving label "_0192_" from metal1 to via1 in cell register_alu.
Moving label "_0210_" from metal1 to via1 in cell register_alu.
Moving label "_0222_" from metal1 to via1 in cell register_alu.
Moving label "_0248_" from metal1 to via1 in cell register_alu.
Moving label "_0251_" from metal1 to via1 in cell register_alu.
Moving label "_0252_" from metal1 to via1 in cell register_alu.
Moving label "_0256_" from metal1 to via1 in cell register_alu.
Moving label "_0257_" from metal1 to via1 in cell register_alu.
Moving label "_0267_" from metal1 to via1 in cell register_alu.
Moving label "_0284_" from metal1 to via1 in cell register_alu.
Moving label "_0294_" from metal1 to via1 in cell register_alu.
Moving label "_0298_" from metal1 to via1 in cell register_alu.
Moving label "_0306_" from metal1 to via1 in cell register_alu.
Moving label "_0328_" from metal1 to via1 in cell register_alu.
Moving label "_0341_" from metal1 to via1 in cell register_alu.
Moving label "_0344_" from metal1 to via1 in cell register_alu.
Moving label "_0345_" from metal1 to via1 in cell register_alu.
Moving label "_0358_" from metal1 to via1 in cell register_alu.
Moving label "_0364_" from metal1 to via1 in cell register_alu.
Moving label "_0369_" from metal1 to via1 in cell register_alu.
Moving label "_0377_" from metal1 to via1 in cell register_alu.
Moving label "_0395_" from metal1 to via1 in cell register_alu.
Moving label "_0403_" from metal1 to via1 in cell register_alu.
Moving label "_0412_" from metal1 to via1 in cell register_alu.
Moving label "_0414_" from metal1 to via1 in cell register_alu.
Moving label "_0422_" from metal1 to via1 in cell register_alu.
Moving label "_0437_" from metal1 to via1 in cell register_alu.
Moving label "_0438_" from metal1 to via1 in cell register_alu.
Moving label "_0440_" from metal1 to via1 in cell register_alu.
Moving label "_0444_" from metal1 to via1 in cell register_alu.
Moving label "_0448_" from metal1 to via1 in cell register_alu.
Moving label "_0454_" from metal1 to via1 in cell register_alu.
Moving label "_0457_" from metal1 to via1 in cell register_alu.
Moving label "_0474_" from metal1 to via1 in cell register_alu.
Moving label "_0489_" from metal1 to via1 in cell register_alu.
Moving label "_0498_" from metal1 to via1 in cell register_alu.
Moving label "_0501_" from metal1 to via1 in cell register_alu.
Moving label "_0507_" from metal1 to via1 in cell register_alu.
Moving label "_0518_" from metal1 to viali in cell register_alu.
Moving label "_0527_" from metal1 to via1 in cell register_alu.
Moving label "_0529_" from metal1 to viali in cell register_alu.
Moving label "_0538_" from metal1 to via1 in cell register_alu.
Moving label "_0539_" from metal1 to via1 in cell register_alu.
Moving label "_0549_" from metal1 to via1 in cell register_alu.
Moving label "_0563_" from metal1 to via1 in cell register_alu.
Moving label "_0567_" from metal1 to via1 in cell register_alu.
Moving label "_0582_" from metal1 to via1 in cell register_alu.
Moving label "_0584_" from metal1 to via1 in cell register_alu.
Moving label "_0596_" from metal1 to via1 in cell register_alu.
Moving label "_0601_" from metal1 to via1 in cell register_alu.
Moving label "_0604_" from metal1 to via1 in cell register_alu.
Moving label "_0607_" from metal1 to via1 in cell register_alu.
Moving label "_0611_" from metal1 to via1 in cell register_alu.
Moving label "_0619_" from metal1 to via1 in cell register_alu.
Moving label "_0630_" from metal1 to via1 in cell register_alu.
Moving label "_0631_" from metal1 to via1 in cell register_alu.
Moving label "_0633_" from metal1 to viali in cell register_alu.
Moving label "_0642_" from metal1 to via1 in cell register_alu.
Moving label "_0651_" from metal1 to via1 in cell register_alu.
Moving label "_0653_" from metal1 to via1 in cell register_alu.
Moving label "_0656_" from metal1 to via1 in cell register_alu.
Moving label "_0662_" from metal1 to via1 in cell register_alu.
Moving label "_0669_" from metal1 to via1 in cell register_alu.
Moving label "_0685_" from metal1 to via1 in cell register_alu.
Moving label "_0701_" from metal1 to via1 in cell register_alu.
Moving label "_0703_" from metal1 to via1 in cell register_alu.
Moving label "_0713_" from metal1 to via1 in cell register_alu.
Moving label "_0742_" from metal1 to via1 in cell register_alu.
Moving label "_0745_" from metal1 to via1 in cell register_alu.
Moving label "_0748_" from metal1 to via1 in cell register_alu.
Moving label "_0749_" from metal1 to via1 in cell register_alu.
Moving label "_0751_" from metal1 to via1 in cell register_alu.
Moving label "_0758_" from metal1 to via1 in cell register_alu.
Moving label "_0762_" from metal1 to via1 in cell register_alu.
Moving label "_0765_" from metal1 to via1 in cell register_alu.
Moving label "_0767_" from metal1 to via1 in cell register_alu.
Moving label "_0778_" from metal1 to via1 in cell register_alu.
Moving label "_0780_" from metal1 to via1 in cell register_alu.
Moving label "_0784_" from metal1 to via1 in cell register_alu.
Moving label "_0788_" from metal1 to via1 in cell register_alu.
Moving label "_0789_" from metal1 to via1 in cell register_alu.
Moving label "_0800_" from metal1 to via1 in cell register_alu.
Moving label "_0804_" from metal1 to viali in cell register_alu.
Moving label "_0814_" from metal1 to via1 in cell register_alu.
Moving label "_0818_" from metal1 to via1 in cell register_alu.
Moving label "_0819_" from metal1 to via1 in cell register_alu.
Moving label "_0829_" from metal1 to via1 in cell register_alu.
Moving label "_0835_" from metal1 to via1 in cell register_alu.
Moving label "_0837_" from metal1 to via1 in cell register_alu.
Moving label "_0840_" from metal1 to via1 in cell register_alu.
Moving label "_0841_" from metal1 to via1 in cell register_alu.
Moving label "_0844_" from metal1 to via1 in cell register_alu.
Moving label "_0854_" from metal1 to via1 in cell register_alu.
Moving label "_0864_" from metal1 to via1 in cell register_alu.
Moving label "_0866_" from metal1 to via1 in cell register_alu.
Moving label "_0874_" from metal1 to via1 in cell register_alu.
Moving label "_0886_" from metal1 to via1 in cell register_alu.
Moving label "_0889_" from metal1 to via1 in cell register_alu.
Moving label "_0911_" from metal1 to via1 in cell register_alu.
Moving label "_0913_" from metal1 to via1 in cell register_alu.
Moving label "_0931_" from metal1 to via1 in cell register_alu.
Moving label "_0936_" from metal1 to via1 in cell register_alu.
Moving label "_0956_" from metal1 to via1 in cell register_alu.
Moving label "_0963_" from metal1 to via1 in cell register_alu.
Moving label "_0973_" from metal1 to via1 in cell register_alu.
Moving label "_0976_" from metal1 to via1 in cell register_alu.
Moving label "_0980_" from metal1 to via1 in cell register_alu.
Moving label "_0991_" from metal1 to via1 in cell register_alu.
Moving label "_0993_" from metal1 to via1 in cell register_alu.
Moving label "_1007_" from metal1 to via1 in cell register_alu.
Moving label "_1009_" from metal1 to via1 in cell register_alu.
Moving label "_1013_" from metal1 to via1 in cell register_alu.
Moving label "_1015_" from metal1 to via1 in cell register_alu.
Moving label "_1047_" from metal1 to via1 in cell register_alu.
Moving label "_1056_" from metal2 to via2 in cell register_alu.
Moving label "_1070_" from metal1 to via1 in cell register_alu.
Moving label "_1227_" from metal2 to via2 in cell register_alu.
Moving label "_1293_" from metal1 to viali in cell register_alu.
Moving label "_1304_" from metal2 to via2 in cell register_alu.
Moving label "_1312_" from metal2 to via1 in cell register_alu.
Moving label "_1315_" from metal1 to viali in cell register_alu.
Moving label "_1418_" from metal2 to via2 in cell register_alu.
Moving label "_1446_" from metal2 to via1 in cell register_alu.
Moving label "_1480_" from metal1 to via1 in cell register_alu.
Moving label "_1507_" from metal2 to via2 in cell register_alu.
Moving label "_1616_" from metal2 to via1 in cell register_alu.
Moving label "_1648_" from metal1 to viali in cell register_alu.
Moving label "_1663_" from metal2 to via2 in cell register_alu.
Moving label "_1817_" from metal1 to via1 in cell register_alu.
Moving label "_1823_" from metal1 to via1 in cell register_alu.
Moving label "_1844_" from metal2 to via2 in cell register_alu.
Moving label "_1901_" from metal1 to viali in cell register_alu.
Moving label "_1921_" from metal2 to via1 in cell register_alu.
Moving label "_2198_" from metal1 to via1 in cell register_alu.
Moving label "_2291_" from metal1 to via1 in cell register_alu.
Moving label "_2342_" from metal1 to via1 in cell register_alu.
Moving label "_2374_" from metal1 to via1 in cell register_alu.
Moving label "_2702_" from metal1 to via1 in cell register_alu.
Moving label "_3377_" from metal2 to via2 in cell register_alu.
Moving label "_3672_" from metal1 to viali in cell register_alu.
Moving label "a1[1]" from metal2 to via2 in cell register_alu.
Moving label "a1[3]" from metal2 to via2 in cell register_alu.
Moving label "clknet_0_clk" from metal2 to via2 in cell register_alu.
Moving label "clknet_3_0_0_clk" from metal2 to via2 in cell register_alu.
Moving label "clknet_3_2_0_clk" from metal2 to via2 in cell register_alu.
Moving label "clknet_4_0__leaf_clk" from metal2 to via2 in cell register_alu.
Moving label "clknet_4_11__leaf_clk" from metal2 to via2 in cell register_alu.
Moving label "clknet_4_12__leaf_clk" from metal2 to via2 in cell register_alu.
Moving label "clknet_4_13__leaf_clk" from metal2 to via2 in cell register_alu.
Moving label "clknet_4_1__leaf_clk" from metal2 to via2 in cell register_alu.
Moving label "clknet_4_3__leaf_clk" from metal2 to via2 in cell register_alu.
Moving label "clknet_4_8__leaf_clk" from metal2 to via2 in cell register_alu.
Moving label "clknet_4_9__leaf_clk" from metal2 to via2 in cell register_alu.
Moving label "net128" from metal2 to via2 in cell register_alu.
Moving label "net129" from metal2 to via2 in cell register_alu.
Moving label "net4" from metal2 to via2 in cell register_alu.
Moving label "opcode[0]" from metal2 to via2 in cell register_alu.
Moving label "rf.registers\[10\]\[0\]" from metal1 to via1 in cell register_alu.
Moving label "rf.registers\[10\]\[12\]" from metal1 to via1 in cell register_alu.
Moving label "rf.registers\[10\]\[15\]" from metal1 to via1 in cell register_alu.
Moving label "rf.registers\[10\]\[16\]" from metal1 to via1 in cell register_alu.
Moving label "rf.registers\[10\]\[20\]" from metal1 to via1 in cell register_alu.
Moving label "rf.registers\[10\]\[31\]" from metal1 to via1 in cell register_alu.
Moving label "rf.registers\[10\]\[5\]" from metal2 to via1 in cell register_alu.
Moving label "rf.registers\[10\]\[8\]" from metal1 to via1 in cell register_alu.
Moving label "rf.registers\[11\]\[13\]" from metal2 to via1 in cell register_alu.
Moving label "rf.registers\[13\]\[17\]" from metal1 to via1 in cell register_alu.
Moving label "rf.registers\[13\]\[24\]" from metal2 to via2 in cell register_alu.
Moving label "rf.registers\[14\]\[0\]" from metal1 to via1 in cell register_alu.
Moving label "rf.registers\[14\]\[10\]" from metal1 to via1 in cell register_alu.
Moving label "rf.registers\[14\]\[12\]" from metal1 to via1 in cell register_alu.
Moving label "rf.registers\[14\]\[13\]" from metal1 to via1 in cell register_alu.
Moving label "rf.registers\[14\]\[14\]" from metal1 to via1 in cell register_alu.
Moving label "rf.registers\[14\]\[21\]" from metal1 to via1 in cell register_alu.
Moving label "rf.registers\[14\]\[25\]" from metal1 to via1 in cell register_alu.
Moving label "rf.registers\[14\]\[2\]" from metal1 to via1 in cell register_alu.
Moving label "rf.registers\[14\]\[3\]" from metal1 to via1 in cell register_alu.
Moving label "rf.registers\[14\]\[6\]" from metal1 to via1 in cell register_alu.
Moving label "rf.registers\[14\]\[8\]" from metal1 to via1 in cell register_alu.
Moving label "rf.registers\[18\]\[12\]" from metal1 to via1 in cell register_alu.
Moving label "rf.registers\[18\]\[22\]" from metal1 to via1 in cell register_alu.
Moving label "rf.registers\[18\]\[25\]" from metal1 to via1 in cell register_alu.
Moving label "rf.registers\[18\]\[26\]" from metal1 to via1 in cell register_alu.
Moving label "rf.registers\[18\]\[28\]" from metal1 to via1 in cell register_alu.
Moving label "rf.registers\[18\]\[29\]" from metal1 to via1 in cell register_alu.
Moving label "rf.registers\[18\]\[3\]" from metal1 to via1 in cell register_alu.
Moving label "rf.registers\[18\]\[7\]" from metal1 to via1 in cell register_alu.
Moving label "rf.registers\[18\]\[9\]" from metal1 to via1 in cell register_alu.
Moving label "rf.registers\[19\]\[14\]" from metal2 to via1 in cell register_alu.
Moving label "rf.registers\[19\]\[17\]" from metal2 to via2 in cell register_alu.
Moving label "rf.registers\[22\]\[0\]" from metal1 to via1 in cell register_alu.
Moving label "rf.registers\[22\]\[19\]" from metal1 to via1 in cell register_alu.
Moving label "rf.registers\[22\]\[21\]" from metal1 to via1 in cell register_alu.
Moving label "rf.registers\[22\]\[22\]" from metal1 to via1 in cell register_alu.
Moving label "rf.registers\[22\]\[25\]" from metal1 to via1 in cell register_alu.
Moving label "rf.registers\[22\]\[2\]" from metal1 to via1 in cell register_alu.
Moving label "rf.registers\[22\]\[3\]" from metal1 to via1 in cell register_alu.
Moving label "rf.registers\[22\]\[5\]" from metal1 to via1 in cell register_alu.
Moving label "rf.registers\[23\]\[10\]" from metal2 to via1 in cell register_alu.
Moving label "rf.registers\[23\]\[11\]" from metal2 to via1 in cell register_alu.
Moving label "rf.registers\[23\]\[4\]" from metal2 to via1 in cell register_alu.
Moving label "rf.registers\[23\]\[8\]" from metal2 to via1 in cell register_alu.
Moving label "rf.registers\[24\]\[26\]" from metal2 to via1 in cell register_alu.
Moving label "rf.registers\[26\]\[13\]" from metal1 to via1 in cell register_alu.
Moving label "rf.registers\[26\]\[15\]" from metal1 to via1 in cell register_alu.
Moving label "rf.registers\[26\]\[17\]" from metal1 to via1 in cell register_alu.
Moving label "rf.registers\[26\]\[24\]" from metal1 to viali in cell register_alu.
Moving label "rf.registers\[26\]\[25\]" from metal1 to via1 in cell register_alu.
Moving label "rf.registers\[26\]\[28\]" from metal1 to via1 in cell register_alu.
Moving label "rf.registers\[26\]\[5\]" from metal1 to via1 in cell register_alu.
Moving label "rf.registers\[2\]\[10\]" from metal1 to via1 in cell register_alu.
Moving label "rf.registers\[2\]\[11\]" from metal1 to via1 in cell register_alu.
Moving label "rf.registers\[2\]\[12\]" from metal1 to via1 in cell register_alu.
Moving label "rf.registers\[2\]\[13\]" from metal1 to via1 in cell register_alu.
Moving label "rf.registers\[2\]\[14\]" from metal1 to via1 in cell register_alu.
Moving label "rf.registers\[2\]\[16\]" from metal1 to via1 in cell register_alu.
Moving label "rf.registers\[2\]\[27\]" from metal1 to via1 in cell register_alu.
Moving label "rf.registers\[2\]\[28\]" from metal2 to via1 in cell register_alu.
Moving label "rf.registers\[2\]\[2\]" from metal1 to via1 in cell register_alu.
Moving label "rf.registers\[2\]\[30\]" from metal1 to via1 in cell register_alu.
Moving label "rf.registers\[2\]\[31\]" from metal1 to via1 in cell register_alu.
Moving label "rf.registers\[2\]\[5\]" from metal1 to via1 in cell register_alu.
Moving label "rf.registers\[2\]\[6\]" from metal1 to via1 in cell register_alu.
Moving label "rf.registers\[2\]\[8\]" from metal1 to via1 in cell register_alu.
Moving label "rf.registers\[30\]\[10\]" from metal1 to via1 in cell register_alu.
Moving label "rf.registers\[30\]\[14\]" from metal1 to via1 in cell register_alu.
Moving label "rf.registers\[30\]\[16\]" from metal1 to via1 in cell register_alu.
Moving label "rf.registers\[30\]\[17\]" from metal1 to via1 in cell register_alu.
Moving label "rf.registers\[30\]\[19\]" from metal1 to via1 in cell register_alu.
Moving label "rf.registers\[30\]\[24\]" from metal1 to via1 in cell register_alu.
Moving label "rf.registers\[30\]\[27\]" from metal1 to via1 in cell register_alu.
Moving label "rf.registers\[30\]\[28\]" from metal1 to via1 in cell register_alu.
Moving label "rf.registers\[30\]\[30\]" from metal1 to via1 in cell register_alu.
Moving label "rf.registers\[30\]\[3\]" from metal1 to via1 in cell register_alu.
Moving label "rf.registers\[30\]\[7\]" from metal1 to via1 in cell register_alu.
Moving label "rf.registers\[3\]\[9\]" from metal2 to via1 in cell register_alu.
Moving label "rf.registers\[6\]\[0\]" from metal1 to via1 in cell register_alu.
Moving label "rf.registers\[6\]\[10\]" from metal1 to via1 in cell register_alu.
Moving label "rf.registers\[6\]\[11\]" from metal1 to via1 in cell register_alu.
Moving label "rf.registers\[6\]\[12\]" from metal1 to via1 in cell register_alu.
Moving label "rf.registers\[6\]\[14\]" from metal1 to via1 in cell register_alu.
Moving label "rf.registers\[6\]\[15\]" from metal1 to via1 in cell register_alu.
Moving label "rf.registers\[6\]\[18\]" from metal1 to via1 in cell register_alu.
Moving label "rf.registers\[6\]\[20\]" from metal1 to via1 in cell register_alu.
Moving label "rf.registers\[6\]\[21\]" from metal1 to via1 in cell register_alu.
Moving label "rf.registers\[6\]\[24\]" from metal1 to via1 in cell register_alu.
Moving label "rf.registers\[6\]\[25\]" from metal1 to via1 in cell register_alu.
Moving label "rf.registers\[6\]\[26\]" from metal1 to via1 in cell register_alu.
Moving label "rf.registers\[6\]\[29\]" from metal1 to via1 in cell register_alu.
Moving label "rf.registers\[6\]\[31\]" from metal1 to via1 in cell register_alu.
Moving label "rf.registers\[7\]\[14\]" from metal2 to via2 in cell register_alu.
Moving label "rf.registers\[7\]\[20\]" from metal2 to via1 in cell register_alu.
Moving label "wd3[18]" from metal2 to via2 in cell register_alu.
Moving label "wd3[30]" from metal2 to via2 in cell register_alu.
Moving label "we3" from metal2 to via2 in cell register_alu.
Processing register_alu
Extracting sky130_ef_sc_hd__decap_12 into sky130_ef_sc_hd__decap_12.ext:
Extracting sky130_fd_sc_hd__decap_3 into sky130_fd_sc_hd__decap_3.ext:
Extracting sky130_fd_sc_hd__fill_1 into sky130_fd_sc_hd__fill_1.ext:
Extracting sky130_fd_sc_hd__tapvpwrvgnd_1 into sky130_fd_sc_hd__tapvpwrvgnd_1.ext:
Extracting sky130_fd_sc_hd__buf_1 into sky130_fd_sc_hd__buf_1.ext:
Extracting sky130_fd_sc_hd__decap_4 into sky130_fd_sc_hd__decap_4.ext:
Extracting sky130_fd_sc_hd__fill_2 into sky130_fd_sc_hd__fill_2.ext:
Extracting sky130_fd_sc_hd__diode_2 into sky130_fd_sc_hd__diode_2.ext:
Extracting sky130_fd_sc_hd__decap_8 into sky130_fd_sc_hd__decap_8.ext:
Extracting sky130_fd_sc_hd__decap_6 into sky130_fd_sc_hd__decap_6.ext:
Extracting sky130_fd_sc_hd__buf_8 into sky130_fd_sc_hd__buf_8.ext:
Extracting sky130_fd_sc_hd__buf_6 into sky130_fd_sc_hd__buf_6.ext:
Extracting sky130_fd_sc_hd__buf_12 into sky130_fd_sc_hd__buf_12.ext:
Extracting sky130_fd_sc_hd__buf_4 into sky130_fd_sc_hd__buf_4.ext:
Extracting sky130_fd_sc_hd__clkbuf_1 into sky130_fd_sc_hd__clkbuf_1.ext:
Extracting sky130_fd_sc_hd__dfxtp_1 into sky130_fd_sc_hd__dfxtp_1.ext:
Extracting sky130_fd_sc_hd__mux2_1 into sky130_fd_sc_hd__mux2_1.ext:
Extracting sky130_fd_sc_hd__mux4_1 into sky130_fd_sc_hd__mux4_1.ext:
Extracting sky130_fd_sc_hd__clkinv_4 into sky130_fd_sc_hd__clkinv_4.ext:
Extracting sky130_fd_sc_hd__clkbuf_8 into sky130_fd_sc_hd__clkbuf_8.ext:
Extracting sky130_fd_sc_hd__clkinv_1 into sky130_fd_sc_hd__clkinv_1.ext:
Extracting sky130_fd_sc_hd__clkbuf_4 into sky130_fd_sc_hd__clkbuf_4.ext:
Extracting sky130_fd_sc_hd__clkinvlp_4 into sky130_fd_sc_hd__clkinvlp_4.ext:
Extracting sky130_fd_sc_hd__bufinv_16 into sky130_fd_sc_hd__bufinv_16.ext:
Extracting sky130_fd_sc_hd__inv_6 into sky130_fd_sc_hd__inv_6.ext:
Extracting sky130_fd_sc_hd__buf_2 into sky130_fd_sc_hd__buf_2.ext:
Extracting sky130_fd_sc_hd__a21o_1 into sky130_fd_sc_hd__a21o_1.ext:
Extracting sky130_fd_sc_hd__clkbuf_16 into sky130_fd_sc_hd__clkbuf_16.ext:
Extracting sky130_fd_sc_hd__clkinv_8 into sky130_fd_sc_hd__clkinv_8.ext:
Extracting sky130_fd_sc_hd__o22a_4 into sky130_fd_sc_hd__o22a_4.ext:
Extracting sky130_fd_sc_hd__inv_4 into sky130_fd_sc_hd__inv_4.ext:
Extracting sky130_fd_sc_hd__o21a_1 into sky130_fd_sc_hd__o21a_1.ext:
Extracting sky130_fd_sc_hd__inv_8 into sky130_fd_sc_hd__inv_8.ext:
Extracting sky130_fd_sc_hd__o211a_1 into sky130_fd_sc_hd__o211a_1.ext:
Extracting sky130_fd_sc_hd__inv_2 into sky130_fd_sc_hd__inv_2.ext:
Extracting sky130_fd_sc_hd__or2_1 into sky130_fd_sc_hd__or2_1.ext:
Extracting sky130_fd_sc_hd__a221oi_4 into sky130_fd_sc_hd__a221oi_4.ext:
Extracting sky130_fd_sc_hd__a221o_1 into sky130_fd_sc_hd__a221o_1.ext:
Extracting sky130_fd_sc_hd__o21ai_4 into sky130_fd_sc_hd__o21ai_4.ext:
Extracting sky130_fd_sc_hd__a21oi_1 into sky130_fd_sc_hd__a21oi_1.ext:
Extracting sky130_fd_sc_hd__a2bb2o_4 into sky130_fd_sc_hd__a2bb2o_4.ext:
Extracting sky130_fd_sc_hd__mux4_2 into sky130_fd_sc_hd__mux4_2.ext:
Extracting sky130_fd_sc_hd__nand2_1 into sky130_fd_sc_hd__nand2_1.ext:
Extracting sky130_fd_sc_hd__clkbuf_2 into sky130_fd_sc_hd__clkbuf_2.ext:
Extracting sky130_fd_sc_hd__a32o_4 into sky130_fd_sc_hd__a32o_4.ext:
Extracting sky130_fd_sc_hd__a31o_4 into sky130_fd_sc_hd__a31o_4.ext:
Extracting sky130_fd_sc_hd__a311oi_4 into sky130_fd_sc_hd__a311oi_4.ext:
Extracting sky130_fd_sc_hd__inv_12 into sky130_fd_sc_hd__inv_12.ext:
Extracting sky130_fd_sc_hd__xnor2_1 into sky130_fd_sc_hd__xnor2_1.ext:
Extracting sky130_fd_sc_hd__nor2_1 into sky130_fd_sc_hd__nor2_1.ext:
Extracting sky130_fd_sc_hd__xor2_1 into sky130_fd_sc_hd__xor2_1.ext:
Extracting sky130_fd_sc_hd__and2b_1 into sky130_fd_sc_hd__and2b_1.ext:
Extracting sky130_fd_sc_hd__clkinvlp_2 into sky130_fd_sc_hd__clkinvlp_2.ext:
Extracting sky130_fd_sc_hd__or2b_1 into sky130_fd_sc_hd__or2b_1.ext:
Extracting sky130_fd_sc_hd__o22a_2 into sky130_fd_sc_hd__o22a_2.ext:
Extracting sky130_fd_sc_hd__o21a_2 into sky130_fd_sc_hd__o21a_2.ext:
Extracting sky130_fd_sc_hd__a21oi_2 into sky130_fd_sc_hd__a21oi_2.ext:
Extracting sky130_fd_sc_hd__o31a_1 into sky130_fd_sc_hd__o31a_1.ext:
Extracting sky130_fd_sc_hd__xnor2_2 into sky130_fd_sc_hd__xnor2_2.ext:
Extracting sky130_fd_sc_hd__a211o_1 into sky130_fd_sc_hd__a211o_1.ext:
Extracting sky130_fd_sc_hd__o41a_2 into sky130_fd_sc_hd__o41a_2.ext:
Extracting sky130_fd_sc_hd__or4_4 into sky130_fd_sc_hd__or4_4.ext:
Extracting sky130_fd_sc_hd__nor4_2 into sky130_fd_sc_hd__nor4_2.ext:
Extracting sky130_fd_sc_hd__o221a_4 into sky130_fd_sc_hd__o221a_4.ext:
Extracting sky130_fd_sc_hd__o21ai_1 into sky130_fd_sc_hd__o21ai_1.ext:
Extracting sky130_fd_sc_hd__o21a_4 into sky130_fd_sc_hd__o21a_4.ext:
Extracting sky130_fd_sc_hd__and2_1 into sky130_fd_sc_hd__and2_1.ext:
Extracting sky130_fd_sc_hd__o22a_1 into sky130_fd_sc_hd__o22a_1.ext:
Extracting sky130_fd_sc_hd__nand2_4 into sky130_fd_sc_hd__nand2_4.ext:
Extracting sky130_fd_sc_hd__mux2_8 into sky130_fd_sc_hd__mux2_8.ext:
Extracting sky130_fd_sc_hd__or3_1 into sky130_fd_sc_hd__or3_1.ext:
Extracting sky130_fd_sc_hd__a2111oi_1 into sky130_fd_sc_hd__a2111oi_1.ext:
Extracting sky130_fd_sc_hd__a2111o_1 into sky130_fd_sc_hd__a2111o_1.ext:
Extracting sky130_fd_sc_hd__and3_1 into sky130_fd_sc_hd__and3_1.ext:
Extracting sky130_fd_sc_hd__a311o_1 into sky130_fd_sc_hd__a311o_1.ext:
Extracting sky130_fd_sc_hd__and4_1 into sky130_fd_sc_hd__and4_1.ext:
Extracting sky130_fd_sc_hd__nand4_4 into sky130_fd_sc_hd__nand4_4.ext:
Extracting sky130_fd_sc_hd__o21bai_1 into sky130_fd_sc_hd__o21bai_1.ext:
Extracting sky130_fd_sc_hd__a21o_4 into sky130_fd_sc_hd__a21o_4.ext:
Extracting sky130_fd_sc_hd__a41o_1 into sky130_fd_sc_hd__a41o_1.ext:
Extracting sky130_fd_sc_hd__a31o_1 into sky130_fd_sc_hd__a31o_1.ext:
Extracting sky130_fd_sc_hd__and4b_1 into sky130_fd_sc_hd__and4b_1.ext:
Extracting sky130_fd_sc_hd__o211ai_2 into sky130_fd_sc_hd__o211ai_2.ext:
Extracting sky130_fd_sc_hd__o31ai_4 into sky130_fd_sc_hd__o31ai_4.ext:
Extracting sky130_fd_sc_hd__nand3b_4 into sky130_fd_sc_hd__nand3b_4.ext:
Extracting sky130_fd_sc_hd__and3_4 into sky130_fd_sc_hd__and3_4.ext:
Extracting sky130_fd_sc_hd__or3b_1 into sky130_fd_sc_hd__or3b_1.ext:
Extracting sky130_fd_sc_hd__and3b_4 into sky130_fd_sc_hd__and3b_4.ext:
Extracting sky130_fd_sc_hd__nor2_4 into sky130_fd_sc_hd__nor2_4.ext:
Extracting sky130_fd_sc_hd__or2_4 into sky130_fd_sc_hd__or2_4.ext:
Extracting sky130_fd_sc_hd__nand3_4 into sky130_fd_sc_hd__nand3_4.ext:
Extracting sky130_fd_sc_hd__or3b_4 into sky130_fd_sc_hd__or3b_4.ext:
Extracting sky130_fd_sc_hd__nor2_8 into sky130_fd_sc_hd__nor2_8.ext:
Extracting sky130_fd_sc_hd__nor2b_4 into sky130_fd_sc_hd__nor2b_4.ext:
Extracting sky130_fd_sc_hd__nand2_8 into sky130_fd_sc_hd__nand2_8.ext:
Extracting sky130_fd_sc_hd__or3_4 into sky130_fd_sc_hd__or3_4.ext:
Extracting sky130_fd_sc_hd__nand2b_4 into sky130_fd_sc_hd__nand2b_4.ext:
Extracting sky130_fd_sc_hd__nor3_1 into sky130_fd_sc_hd__nor3_1.ext:
Extracting sky130_fd_sc_hd__or4_2 into sky130_fd_sc_hd__or4_2.ext:
Extracting sky130_fd_sc_hd__a32o_1 into sky130_fd_sc_hd__a32o_1.ext:
Extracting sky130_fd_sc_hd__a211o_2 into sky130_fd_sc_hd__a211o_2.ext:
Extracting sky130_fd_sc_hd__o221a_1 into sky130_fd_sc_hd__o221a_1.ext:
Extracting sky130_fd_sc_hd__a21oi_4 into sky130_fd_sc_hd__a21oi_4.ext:
Extracting sky130_fd_sc_hd__o2bb2a_4 into sky130_fd_sc_hd__o2bb2a_4.ext:
Extracting sky130_fd_sc_hd__nor2_2 into sky130_fd_sc_hd__nor2_2.ext:
Extracting sky130_fd_sc_hd__clkinv_16 into sky130_fd_sc_hd__clkinv_16.ext:
Extracting sky130_fd_sc_hd__nand3_1 into sky130_fd_sc_hd__nand3_1.ext:
Extracting sky130_fd_sc_hd__o21ai_2 into sky130_fd_sc_hd__o21ai_2.ext:
Extracting sky130_fd_sc_hd__o21ba_1 into sky130_fd_sc_hd__o21ba_1.ext:
Extracting sky130_fd_sc_hd__or2_2 into sky130_fd_sc_hd__or2_2.ext:
Extracting sky130_fd_sc_hd__nand2b_2 into sky130_fd_sc_hd__nand2b_2.ext:
Extracting sky130_fd_sc_hd__nor4_1 into sky130_fd_sc_hd__nor4_1.ext:
Extracting sky130_fd_sc_hd__or4b_2 into sky130_fd_sc_hd__or4b_2.ext:
Extracting sky130_fd_sc_hd__a22o_2 into sky130_fd_sc_hd__a22o_2.ext:
Extracting sky130_fd_sc_hd__o311ai_4 into sky130_fd_sc_hd__o311ai_4.ext:
Extracting sky130_fd_sc_hd__xnor2_4 into sky130_fd_sc_hd__xnor2_4.ext:
Extracting sky130_fd_sc_hd__nand2_2 into sky130_fd_sc_hd__nand2_2.ext:
Extracting sky130_fd_sc_hd__o31a_4 into sky130_fd_sc_hd__o31a_4.ext:
Extracting sky130_fd_sc_hd__xor2_4 into sky130_fd_sc_hd__xor2_4.ext:
Extracting sky130_fd_sc_hd__o41a_1 into sky130_fd_sc_hd__o41a_1.ext:
Extracting sky130_fd_sc_hd__nand4_1 into sky130_fd_sc_hd__nand4_1.ext:
Extracting sky130_fd_sc_hd__mux2_4 into sky130_fd_sc_hd__mux2_4.ext:
Extracting sky130_fd_sc_hd__a21boi_4 into sky130_fd_sc_hd__a21boi_4.ext:
Extracting sky130_fd_sc_hd__a21bo_1 into sky130_fd_sc_hd__a21bo_1.ext:
Extracting sky130_fd_sc_hd__a22o_1 into sky130_fd_sc_hd__a22o_1.ext:
Extracting sky130_fd_sc_hd__a21o_2 into sky130_fd_sc_hd__a21o_2.ext:
Extracting register_alu into register_alu.ext:
exttospice finished.
