OpenROAD b16bda7e82721d10566ff7e2b68f1ff0be9f9e38 
Features included (+) or not (-): +Charts +GPU +GUI +Python
This program is licensed under the BSD-3 license. See the LICENSE file for details.
Components of this program may be licensed under more restrictive licenses which must be honored.
define_corners Typical
read_liberty -corner Typical /home/briandeniz/.volare/sky130A/libs.ref/sky130_fd_sc_hd/lib/sky130_fd_sc_hd__tt_025C_1v80.lib
Using 1e-12 for capacitance...
Using 1e+03 for resistance...
Using 1e-09 for time...
Using 1e+00 for voltage...
Using 1e-03 for current...
Using 1e-09 for power...
Using 1e-06 for distance...
[INFO]: Reading ODB at '/openlane/designs/register_alu/runs/RUN_2025.05.31_04.05.36/results/routing/register_alu.odb'…
Reading design constraints file at '/openlane/designs/register_alu/src/register_alu.sdc'…
Net: _1669_
  Pin: _4345_/A (sky130_fd_sc_hd__or2_1)
    Layer: met2
      Partial area ratio:   15.84
      Required ratio:    0.00 (Gate area) 
      Partial area ratio:   80.03
      Required ratio: 5051.60 (Side area) 
      Cumulative area ratio:  117.66
      Required ratio:    0.00 (Cumulative area) 
      Cumulative area ratio:  597.73
      Required ratio:    0.00 (Cumulative side area) 

    Layer: met1
      Partial area ratio:    2.71
      Required ratio:    0.00 (Gate area) 
      Partial area ratio:   14.33
      Required ratio:  400.00 (Side area) 
      Cumulative area ratio:    2.71
      Required ratio:    0.00 (Cumulative area) 
      Cumulative area ratio:   14.33
      Required ratio:    0.00 (Cumulative side area) 

    Layer: li1
      Partial area ratio:    0.00
      Required ratio:    0.00 (Gate area) 
      Partial area ratio:    0.00
      Required ratio:   75.00 (Side area) 
      Cumulative area ratio:    0.00
      Required ratio:    0.00 (Cumulative area) 
      Cumulative area ratio:    0.00
      Required ratio:    0.00 (Cumulative side area) 

    Via: M1M2_PR
      Partial area ratio:    0.18
      Required ratio:    6.00 (Gate area) 
      Cumulative area ratio:    0.41
      Required ratio:    0.00 (Cumulative area) 

    Via: L1M1_PR_MR
      Partial area ratio:    0.23
      Required ratio:    3.00 (Gate area) 
      Cumulative area ratio:    0.23
      Required ratio:    0.00 (Cumulative area) 

  Pin: _4474_/S0 (sky130_fd_sc_hd__mux4_1)
    Layer: met2
      Partial area ratio:   15.84
      Required ratio:    0.00 (Gate area) 
      Partial area ratio:   80.03
      Required ratio: 5051.60 (Side area) 
      Cumulative area ratio:  130.24
      Required ratio:    0.00 (Cumulative area) 
      Cumulative area ratio:  661.14
      Required ratio:    0.00 (Cumulative side area) 

    Layer: met1
      Partial area ratio:   15.29
      Required ratio:    0.00 (Gate area) 
      Partial area ratio:   77.74
      Required ratio: 2773.88 (Side area) 
      Cumulative area ratio:   15.29
      Required ratio:    0.00 (Cumulative area) 
      Cumulative area ratio:   77.74
      Required ratio:    0.00 (Cumulative side area) 

    Layer: li1
      Partial area ratio:    0.00
      Required ratio:    0.00 (Gate area) 
      Partial area ratio:    0.00
      Required ratio:   75.00 (Side area) 
      Cumulative area ratio:    0.00
      Required ratio:    0.00 (Cumulative area) 
      Cumulative area ratio:    0.00
      Required ratio:    0.00 (Cumulative side area) 

    Via: M1M2_PR
      Partial area ratio:    0.06
      Required ratio:    6.00 (Gate area) 
      Cumulative area ratio:    0.14
      Required ratio:    0.00 (Cumulative area) 

    Via: L1M1_PR_MR
      Partial area ratio:    0.08
      Required ratio:    3.00 (Gate area) 
      Cumulative area ratio:    0.08
      Required ratio:    0.00 (Cumulative area) 

  Pin: _4478_/A1 (sky130_fd_sc_hd__o21a_1)
    Layer: met2
      Partial area ratio:   15.84
      Required ratio:    0.00 (Gate area) 
      Partial area ratio:   80.03
      Required ratio: 5051.60 (Side area) 
      Cumulative area ratio:  114.95
      Required ratio:    0.00 (Cumulative area) 
      Cumulative area ratio:  583.40
      Required ratio:    0.00 (Cumulative side area) 

    Layer: met1
      Partial area ratio:   15.60
      Required ratio:    0.00 (Gate area) 
      Partial area ratio:   79.59
      Required ratio: 2773.88 (Side area) 
      Cumulative area ratio:   15.60
      Required ratio:    0.00 (Cumulative area) 
      Cumulative area ratio:   79.59
      Required ratio:    0.00 (Cumulative side area) 

    Layer: li1
      Partial area ratio:    0.00
      Required ratio:    0.00 (Gate area) 
      Partial area ratio:    0.00
      Required ratio:   75.00 (Side area) 
      Cumulative area ratio:    0.00
      Required ratio:    0.00 (Cumulative area) 
      Cumulative area ratio:    0.00
      Required ratio:    0.00 (Cumulative side area) 

    Via: M1M2_PR
      Partial area ratio:    0.18
      Required ratio:    6.00 (Gate area) 
      Cumulative area ratio:    0.30
      Required ratio:    0.00 (Cumulative area) 

    Via: L1M1_PR_MR
      Partial area ratio:    0.12
      Required ratio:    3.00 (Gate area) 
      Cumulative area ratio:    0.12
      Required ratio:    0.00 (Cumulative area) 

  Pin: _4481_/S (sky130_fd_sc_hd__mux2_1)
    Layer: met2
      Partial area ratio:   15.84
      Required ratio:    0.00 (Gate area) 
      Partial area ratio:   80.03
      Required ratio: 5051.60 (Side area) 
      Cumulative area ratio:   99.35
      Required ratio:    0.00 (Cumulative area) 
      Cumulative area ratio:  503.81
      Required ratio:    0.00 (Cumulative side area) 

    Layer: met1
      Partial area ratio:    0.00
      Required ratio:    0.00 (Gate area) 
      Partial area ratio:    0.00
      Required ratio:  400.00 (Side area) 
      Cumulative area ratio:    0.00
      Required ratio:    0.00 (Cumulative area) 
      Cumulative area ratio:    0.00
      Required ratio:    0.00 (Cumulative side area) 

    Layer: li1
      Partial area ratio:    0.00
      Required ratio:    0.00 (Gate area) 
      Partial area ratio:    0.00
      Required ratio:   75.00 (Side area) 
      Cumulative area ratio:    0.00
      Required ratio:    0.00 (Cumulative area) 
      Cumulative area ratio:    0.00
      Required ratio:    0.00 (Cumulative side area) 

    Via: M1M2_PR
      Partial area ratio:    0.09
      Required ratio:    6.00 (Gate area) 
      Cumulative area ratio:    0.20
      Required ratio:    0.00 (Cumulative area) 

    Via: L1M1_PR_MR
      Partial area ratio:    0.11
      Required ratio:    3.00 (Gate area) 
      Cumulative area ratio:    0.11
      Required ratio:    0.00 (Cumulative area) 

  Pin: _4399_/A (sky130_fd_sc_hd__buf_6)
    Layer: met2
      Partial area ratio:   15.84
      Required ratio:    0.00 (Gate area) 
      Partial area ratio:   80.03
      Required ratio: 5051.60 (Side area) 
      Cumulative area ratio:   99.91
      Required ratio:    0.00 (Cumulative area) 
      Cumulative area ratio:  506.81
      Required ratio:    0.00 (Cumulative side area) 

    Layer: met1
      Partial area ratio:    0.56
      Required ratio:    0.00 (Gate area) 
      Partial area ratio:    3.00
      Required ratio: 2773.88 (Side area) 
      Cumulative area ratio:    0.56
      Required ratio:    0.00 (Cumulative area) 
      Cumulative area ratio:    3.00
      Required ratio:    0.00 (Cumulative side area) 

    Layer: li1
      Partial area ratio:    0.00
      Required ratio:    0.00 (Gate area) 
      Partial area ratio:    0.00
      Required ratio:   75.00 (Side area) 
      Cumulative area ratio:    0.00
      Required ratio:    0.00 (Cumulative area) 
      Cumulative area ratio:    0.00
      Required ratio:    0.00 (Cumulative side area) 

    Via: M1M2_PR
      Partial area ratio:    0.05
      Required ratio:    6.00 (Gate area) 
      Cumulative area ratio:    0.10
      Required ratio:    0.00 (Cumulative area) 

    Via: L1M1_PR_MR
      Partial area ratio:    0.06
      Required ratio:    3.00 (Gate area) 
      Cumulative area ratio:    0.06
      Required ratio:    0.00 (Cumulative area) 

  Pin: _4462_/A (sky130_fd_sc_hd__or2_1)
    Layer: met2
      Partial area ratio:   15.84
      Required ratio:    0.00 (Gate area) 
      Partial area ratio:   80.03
      Required ratio: 5051.60 (Side area) 
      Cumulative area ratio:   99.35
      Required ratio:    0.00 (Cumulative area) 
      Cumulative area ratio:  503.81
      Required ratio:    0.00 (Cumulative side area) 

    Layer: met1
      Partial area ratio:   83.51
      Required ratio:    0.00 (Gate area) 
      Partial area ratio:  423.78
      Required ratio:  400.00 (Side area) (VIOLATED)
      Cumulative area ratio:   83.51
      Required ratio:    0.00 (Cumulative area) 
      Cumulative area ratio:  423.78
      Required ratio:    0.00 (Cumulative side area) 

    Layer: li1
      Partial area ratio:    0.00
      Required ratio:    0.00 (Gate area) 
      Partial area ratio:    0.00
      Required ratio:   75.00 (Side area) 
      Cumulative area ratio:    0.00
      Required ratio:    0.00 (Cumulative area) 
      Cumulative area ratio:    0.00
      Required ratio:    0.00 (Cumulative side area) 

    Via: M1M2_PR
      Partial area ratio:    0.54
      Required ratio:    6.00 (Gate area) 
      Cumulative area ratio:    0.77
      Required ratio:    0.00 (Cumulative area) 

    Via: L1M1_PR_MR
      Partial area ratio:    0.23
      Required ratio:    3.00 (Gate area) 
      Cumulative area ratio:    0.23
      Required ratio:    0.00 (Cumulative area) 

  Pin: _4336_/S0 (sky130_fd_sc_hd__mux4_2)
    Layer: met2
      Partial area ratio:   15.84
      Required ratio:    0.00 (Gate area) 
      Partial area ratio:   80.03
      Required ratio: 5051.60 (Side area) 
      Cumulative area ratio:  127.90
      Required ratio:    0.00 (Cumulative area) 
      Cumulative area ratio:  647.55
      Required ratio:    0.00 (Cumulative side area) 

    Layer: met1
      Partial area ratio:   28.55
      Required ratio:    0.00 (Gate area) 
      Partial area ratio:  143.74
      Required ratio: 2773.88 (Side area) 
      Cumulative area ratio:   28.55
      Required ratio:    0.00 (Cumulative area) 
      Cumulative area ratio:  143.74
      Required ratio:    0.00 (Cumulative side area) 

    Via: M1M2_PR
      Partial area ratio:    0.17
      Required ratio:    6.00 (Gate area) 
      Cumulative area ratio:    0.17
      Required ratio:    0.00 (Cumulative area) 

  Pin: _4422_/A1 (sky130_fd_sc_hd__o21a_1)
    Layer: met2
      Partial area ratio:   15.84
      Required ratio:    0.00 (Gate area) 
      Partial area ratio:   80.03
      Required ratio: 5051.60 (Side area) 
      Cumulative area ratio:  131.64
      Required ratio:    0.00 (Cumulative area) 
      Cumulative area ratio:  667.46
      Required ratio:    0.00 (Cumulative side area) 

    Layer: met1
      Partial area ratio:    3.74
      Required ratio:    0.00 (Gate area) 
      Partial area ratio:   19.91
      Required ratio: 2773.88 (Side area) 
      Cumulative area ratio:    3.74
      Required ratio:    0.00 (Cumulative area) 
      Cumulative area ratio:   19.91
      Required ratio:    0.00 (Cumulative side area) 

    Layer: li1
      Partial area ratio:    0.00
      Required ratio:    0.00 (Gate area) 
      Partial area ratio:    0.00
      Required ratio:   75.00 (Side area) 
      Cumulative area ratio:    0.00
      Required ratio:    0.00 (Cumulative area) 
      Cumulative area ratio:    0.00
      Required ratio:    0.00 (Cumulative side area) 

    Via: M1M2_PR
      Partial area ratio:    0.09
      Required ratio:    6.00 (Gate area) 
      Cumulative area ratio:    0.21
      Required ratio:    0.00 (Cumulative area) 

    Via: L1M1_PR_MR
      Partial area ratio:    0.12
      Required ratio:    3.00 (Gate area) 
      Cumulative area ratio:    0.12
      Required ratio:    0.00 (Cumulative area) 

  Pin: _4456_/S0 (sky130_fd_sc_hd__mux4_2)
    Layer: met2
      Partial area ratio:   15.84
      Required ratio:    0.00 (Gate area) 
      Partial area ratio:   80.03
      Required ratio: 5051.60 (Side area) 
      Cumulative area ratio:  135.39
      Required ratio:    0.00 (Cumulative area) 
      Cumulative area ratio:  685.99
      Required ratio:    0.00 (Cumulative side area) 

    Layer: met1
      Partial area ratio:    7.49
      Required ratio:    0.00 (Gate area) 
      Partial area ratio:   38.44
      Required ratio: 2773.88 (Side area) 
      Cumulative area ratio:    7.49
      Required ratio:    0.00 (Cumulative area) 
      Cumulative area ratio:   38.44
      Required ratio:    0.00 (Cumulative side area) 

    Via: M1M2_PR
      Partial area ratio:    0.11
      Required ratio:    6.00 (Gate area) 
      Cumulative area ratio:    0.11
      Required ratio:    0.00 (Cumulative area) 

  Pin: _4322_/A1 (sky130_fd_sc_hd__o211a_1)
    Layer: met2
      Partial area ratio:   15.84
      Required ratio:    0.00 (Gate area) 
      Partial area ratio:   80.03
      Required ratio: 5051.60 (Side area) 
      Cumulative area ratio:  137.04
      Required ratio:    0.00 (Cumulative area) 
      Cumulative area ratio:  695.04
      Required ratio:    0.00 (Cumulative side area) 

    Layer: met1
      Partial area ratio:    1.65
      Required ratio:    0.00 (Gate area) 
      Partial area ratio:    9.05
      Required ratio: 2773.88 (Side area) 
      Cumulative area ratio:    1.65
      Required ratio:    0.00 (Cumulative area) 
      Cumulative area ratio:    9.05
      Required ratio:    0.00 (Cumulative side area) 

    Layer: li1
      Partial area ratio:    0.00
      Required ratio:    0.00 (Gate area) 
      Partial area ratio:    0.00
      Required ratio:   75.00 (Side area) 
      Cumulative area ratio:    0.00
      Required ratio:    0.00 (Cumulative area) 
      Cumulative area ratio:    0.00
      Required ratio:    0.00 (Cumulative side area) 

    Via: M1M2_PR
      Partial area ratio:    0.09
      Required ratio:    6.00 (Gate area) 
      Cumulative area ratio:    0.21
      Required ratio:    0.00 (Cumulative area) 

    Via: L1M1_PR_MR
      Partial area ratio:    0.12
      Required ratio:    3.00 (Gate area) 
      Cumulative area ratio:    0.12
      Required ratio:    0.00 (Cumulative area) 


Net: _3149_
  Pin: _6309_/S (sky130_fd_sc_hd__mux2_1)
    Layer: met3
      Partial area ratio:   14.92
      Required ratio:    0.00 (Gate area) 
      Partial area ratio:   80.62
      Required ratio: 5234.12 (Side area) 
      Cumulative area ratio:  236.10
      Required ratio:    0.00 (Cumulative area) 
      Cumulative area ratio: 1195.56
      Required ratio:    0.00 (Cumulative side area) 

    Layer: met2
      Partial area ratio:   25.95
      Required ratio:    0.00 (Gate area) 
      Partial area ratio:  130.63
      Required ratio: 3991.04 (Side area) 
      Cumulative area ratio:  115.22
      Required ratio:    0.00 (Cumulative area) 
      Cumulative area ratio:  581.63
      Required ratio:    0.00 (Cumulative side area) 

    Layer: met1
      Partial area ratio:    3.69
      Required ratio:    0.00 (Gate area) 
      Partial area ratio:   20.00
      Required ratio: 2773.88 (Side area) 
      Cumulative area ratio:    3.69
      Required ratio:    0.00 (Cumulative area) 
      Cumulative area ratio:   20.00
      Required ratio:    0.00 (Cumulative side area) 

    Layer: li1
      Partial area ratio:    0.00
      Required ratio:    0.00 (Gate area) 
      Partial area ratio:    0.00
      Required ratio:   75.00 (Side area) 
      Cumulative area ratio:    0.00
      Required ratio:    0.00 (Cumulative area) 
      Cumulative area ratio:    0.00
      Required ratio:    0.00 (Cumulative side area) 

    Layer: met4
      Partial area ratio:   17.52
      Required ratio:    0.00 (Gate area) 
      Partial area ratio:   93.64
      Required ratio: 5408.00 (Side area) 
      Cumulative area ratio:  253.62
      Required ratio:    0.00 (Cumulative area) 
      Cumulative area ratio: 1289.20
      Required ratio:    0.00 (Cumulative side area) 

    Via: M3M4_PR
      Partial area ratio:    0.02
      Required ratio:    6.00 (Gate area) 
      Cumulative area ratio:    0.83
      Required ratio:    0.00 (Cumulative area) 

    Via: M2M3_PR
      Partial area ratio:    0.02
      Required ratio:    6.00 (Gate area) 
      Cumulative area ratio:    0.49
      Required ratio:    0.00 (Cumulative area) 

    Via: M1M2_PR
      Partial area ratio:    0.18
      Required ratio:    6.00 (Gate area) 
      Cumulative area ratio:    0.29
      Required ratio:    0.00 (Cumulative area) 

    Via: L1M1_PR_MR
      Partial area ratio:    0.11
      Required ratio:    3.00 (Gate area) 
      Cumulative area ratio:    0.11
      Required ratio:    0.00 (Cumulative area) 

  Pin: _6291_/S (sky130_fd_sc_hd__mux2_1)
    Layer: met3
      Partial area ratio:   14.92
      Required ratio:    0.00 (Gate area) 
      Partial area ratio:   80.62
      Required ratio: 5234.12 (Side area) 
      Cumulative area ratio:  238.47
      Required ratio:    0.00 (Cumulative area) 
      Cumulative area ratio: 1207.84
      Required ratio:    0.00 (Cumulative side area) 

    Layer: met2
      Partial area ratio:   25.95
      Required ratio:    0.00 (Gate area) 
      Partial area ratio:  130.63
      Required ratio: 3991.04 (Side area) 
      Cumulative area ratio:  117.60
      Required ratio:    0.00 (Cumulative area) 
      Cumulative area ratio:  593.91
      Required ratio:    0.00 (Cumulative side area) 

    Layer: met1
      Partial area ratio:    2.38
      Required ratio:    0.00 (Gate area) 
      Partial area ratio:   12.28
      Required ratio: 2773.88 (Side area) 
      Cumulative area ratio:    2.38
      Required ratio:    0.00 (Cumulative area) 
      Cumulative area ratio:   12.28
      Required ratio:    0.00 (Cumulative side area) 

    Layer: li1
      Partial area ratio:    0.00
      Required ratio:    0.00 (Gate area) 
      Partial area ratio:    0.00
      Required ratio:   75.00 (Side area) 
      Cumulative area ratio:    0.00
      Required ratio:    0.00 (Cumulative area) 
      Cumulative area ratio:    0.00
      Required ratio:    0.00 (Cumulative side area) 

    Layer: met4
      Partial area ratio:   17.52
      Required ratio:    0.00 (Gate area) 
      Partial area ratio:   93.64
      Required ratio: 5408.00 (Side area) 
      Cumulative area ratio:  256.00
      Required ratio:    0.00 (Cumulative area) 
      Cumulative area ratio: 1301.47
      Required ratio:    0.00 (Cumulative side area) 

    Via: M3M4_PR
      Partial area ratio:    0.02
      Required ratio:    6.00 (Gate area) 
      Cumulative area ratio:    0.92
      Required ratio:    0.00 (Cumulative area) 

    Via: M2M3_PR
      Partial area ratio:    0.02
      Required ratio:    6.00 (Gate area) 
      Cumulative area ratio:    0.58
      Required ratio:    0.00 (Cumulative area) 

    Via: M1M2_PR
      Partial area ratio:    0.09
      Required ratio:    6.00 (Gate area) 
      Cumulative area ratio:    0.20
      Required ratio:    0.00 (Cumulative area) 

    Via: L1M1_PR_MR
      Partial area ratio:    0.11
      Required ratio:    3.00 (Gate area) 
      Cumulative area ratio:    0.11
      Required ratio:    0.00 (Cumulative area) 

  Pin: _6301_/S (sky130_fd_sc_hd__mux2_1)
    Layer: met3
      Partial area ratio:   14.92
      Required ratio:    0.00 (Gate area) 
      Partial area ratio:   80.62
      Required ratio: 5234.12 (Side area) 
      Cumulative area ratio:  235.04
      Required ratio:    0.00 (Cumulative area) 
      Cumulative area ratio: 1189.11
      Required ratio:    0.00 (Cumulative side area) 

    Layer: met2
      Partial area ratio:   25.95
      Required ratio:    0.00 (Gate area) 
      Partial area ratio:  130.63
      Required ratio: 3991.04 (Side area) 
      Cumulative area ratio:  114.16
      Required ratio:    0.00 (Cumulative area) 
      Cumulative area ratio:  575.19
      Required ratio:    0.00 (Cumulative side area) 

    Layer: met1
      Partial area ratio:    2.63
      Required ratio:    0.00 (Gate area) 
      Partial area ratio:   13.56
      Required ratio:  400.00 (Side area) 
      Cumulative area ratio:    2.63
      Required ratio:    0.00 (Cumulative area) 
      Cumulative area ratio:   13.56
      Required ratio:    0.00 (Cumulative side area) 

    Layer: li1
      Partial area ratio:    0.00
      Required ratio:    0.00 (Gate area) 
      Partial area ratio:    0.00
      Required ratio:   75.00 (Side area) 
      Cumulative area ratio:    0.00
      Required ratio:    0.00 (Cumulative area) 
      Cumulative area ratio:    0.00
      Required ratio:    0.00 (Cumulative side area) 

    Layer: met4
      Partial area ratio:   17.52
      Required ratio:    0.00 (Gate area) 
      Partial area ratio:   93.64
      Required ratio: 5408.00 (Side area) 
      Cumulative area ratio:  252.56
      Required ratio:    0.00 (Cumulative area) 
      Cumulative area ratio: 1282.75
      Required ratio:    0.00 (Cumulative side area) 

    Via: M3M4_PR
      Partial area ratio:    0.02
      Required ratio:    6.00 (Gate area) 
      Cumulative area ratio:    0.74
      Required ratio:    0.00 (Cumulative area) 

    Via: M2M3_PR
      Partial area ratio:    0.02
      Required ratio:    6.00 (Gate area) 
      Cumulative area ratio:    0.40
      Required ratio:    0.00 (Cumulative area) 

    Via: M1M2_PR
      Partial area ratio:    0.09
      Required ratio:    6.00 (Gate area) 
      Cumulative area ratio:    0.20
      Required ratio:    0.00 (Cumulative area) 

    Via: L1M1_PR_MR
      Partial area ratio:    0.11
      Required ratio:    3.00 (Gate area) 
      Cumulative area ratio:    0.11
      Required ratio:    0.00 (Cumulative area) 

  Pin: _6299_/S (sky130_fd_sc_hd__mux2_1)
    Layer: met3
      Partial area ratio:   14.92
      Required ratio:    0.00 (Gate area) 
      Partial area ratio:   80.62
      Required ratio: 5234.12 (Side area) 
      Cumulative area ratio:  234.53
      Required ratio:    0.00 (Cumulative area) 
      Cumulative area ratio: 1186.56
      Required ratio:    0.00 (Cumulative side area) 

    Layer: met2
      Partial area ratio:   25.95
      Required ratio:    0.00 (Gate area) 
      Partial area ratio:  130.63
      Required ratio: 3991.04 (Side area) 
      Cumulative area ratio:  113.65
      Required ratio:    0.00 (Cumulative area) 
      Cumulative area ratio:  572.63
      Required ratio:    0.00 (Cumulative side area) 

    Layer: met1
      Partial area ratio:    2.12
      Required ratio:    0.00 (Gate area) 
      Partial area ratio:   11.00
      Required ratio: 2773.88 (Side area) 
      Cumulative area ratio:    2.12
      Required ratio:    0.00 (Cumulative area) 
      Cumulative area ratio:   11.00
      Required ratio:    0.00 (Cumulative side area) 

    Layer: li1
      Partial area ratio:    0.00
      Required ratio:    0.00 (Gate area) 
      Partial area ratio:    0.00
      Required ratio:   75.00 (Side area) 
      Cumulative area ratio:    0.00
      Required ratio:    0.00 (Cumulative area) 
      Cumulative area ratio:    0.00
      Required ratio:    0.00 (Cumulative side area) 

    Layer: met4
      Partial area ratio:   17.52
      Required ratio:    0.00 (Gate area) 
      Partial area ratio:   93.64
      Required ratio: 5408.00 (Side area) 
      Cumulative area ratio:  252.05
      Required ratio:    0.00 (Cumulative area) 
      Cumulative area ratio: 1280.20
      Required ratio:    0.00 (Cumulative side area) 

    Via: M3M4_PR
      Partial area ratio:    0.02
      Required ratio:    6.00 (Gate area) 
      Cumulative area ratio:    0.74
      Required ratio:    0.00 (Cumulative area) 

    Via: M2M3_PR
      Partial area ratio:    0.02
      Required ratio:    6.00 (Gate area) 
      Cumulative area ratio:    0.40
      Required ratio:    0.00 (Cumulative area) 

    Via: M1M2_PR
      Partial area ratio:    0.09
      Required ratio:    6.00 (Gate area) 
      Cumulative area ratio:    0.20
      Required ratio:    0.00 (Cumulative area) 

    Via: L1M1_PR_MR
      Partial area ratio:    0.11
      Required ratio:    3.00 (Gate area) 
      Cumulative area ratio:    0.11
      Required ratio:    0.00 (Cumulative area) 

  Pin: _6305_/S (sky130_fd_sc_hd__mux2_1)
    Layer: met3
      Partial area ratio:   14.92
      Required ratio:    0.00 (Gate area) 
      Partial area ratio:   80.62
      Required ratio: 5234.12 (Side area) 
      Cumulative area ratio:  241.22
      Required ratio:    0.00 (Cumulative area) 
      Cumulative area ratio: 1220.61
      Required ratio:    0.00 (Cumulative side area) 

    Layer: met2
      Partial area ratio:   25.95
      Required ratio:    0.00 (Gate area) 
      Partial area ratio:  130.63
      Required ratio: 3991.04 (Side area) 
      Cumulative area ratio:  120.35
      Required ratio:    0.00 (Cumulative area) 
      Cumulative area ratio:  606.69
      Required ratio:    0.00 (Cumulative side area) 

    Layer: met1
      Partial area ratio:    8.82
      Required ratio:    0.00 (Gate area) 
      Partial area ratio:   45.06
      Required ratio: 2947.76 (Side area) 
      Cumulative area ratio:    8.82
      Required ratio:    0.00 (Cumulative area) 
      Cumulative area ratio:   45.06
      Required ratio:    0.00 (Cumulative side area) 

    Layer: li1
      Partial area ratio:    0.00
      Required ratio:    0.00 (Gate area) 
      Partial area ratio:    0.00
      Required ratio:   75.00 (Side area) 
      Cumulative area ratio:    0.00
      Required ratio:    0.00 (Cumulative area) 
      Cumulative area ratio:    0.00
      Required ratio:    0.00 (Cumulative side area) 

    Layer: met4
      Partial area ratio:   17.52
      Required ratio:    0.00 (Gate area) 
      Partial area ratio:   93.64
      Required ratio: 5408.00 (Side area) 
      Cumulative area ratio:  258.75
      Required ratio:    0.00 (Cumulative area) 
      Cumulative area ratio: 1314.25
      Required ratio:    0.00 (Cumulative side area) 

    Via: M3M4_PR
      Partial area ratio:    0.02
      Required ratio:    6.00 (Gate area) 
      Cumulative area ratio:    0.69
      Required ratio:    0.00 (Cumulative area) 

    Via: M2M3_PR
      Partial area ratio:    0.02
      Required ratio:    6.00 (Gate area) 
      Cumulative area ratio:    0.36
      Required ratio:    0.00 (Cumulative area) 

    Via: M1M2_PR
      Partial area ratio:    0.04
      Required ratio:    6.00 (Gate area) 
      Cumulative area ratio:    0.16
      Required ratio:    0.00 (Cumulative area) 

    Via: L1M1_PR_MR
      Partial area ratio:    0.11
      Required ratio:    3.00 (Gate area) 
      Cumulative area ratio:    0.11
      Required ratio:    0.00 (Cumulative area) 

  Pin: _6295_/S (sky130_fd_sc_hd__mux2_1)
    Layer: met3
      Partial area ratio:   14.92
      Required ratio:    0.00 (Gate area) 
      Partial area ratio:   80.62
      Required ratio: 5234.12 (Side area) 
      Cumulative area ratio:  241.22
      Required ratio:    0.00 (Cumulative area) 
      Cumulative area ratio: 1220.61
      Required ratio:    0.00 (Cumulative side area) 

    Layer: met2
      Partial area ratio:   25.95
      Required ratio:    0.00 (Gate area) 
      Partial area ratio:  130.63
      Required ratio: 3991.04 (Side area) 
      Cumulative area ratio:  120.35
      Required ratio:    0.00 (Cumulative area) 
      Cumulative area ratio:  606.69
      Required ratio:    0.00 (Cumulative side area) 

    Layer: met1
      Partial area ratio:    8.82
      Required ratio:    0.00 (Gate area) 
      Partial area ratio:   45.06
      Required ratio: 2947.76 (Side area) 
      Cumulative area ratio:    8.82
      Required ratio:    0.00 (Cumulative area) 
      Cumulative area ratio:   45.06
      Required ratio:    0.00 (Cumulative side area) 

    Layer: li1
      Partial area ratio:    0.00
      Required ratio:    0.00 (Gate area) 
      Partial area ratio:    0.00
      Required ratio:   75.00 (Side area) 
      Cumulative area ratio:    0.00
      Required ratio:    0.00 (Cumulative area) 
      Cumulative area ratio:    0.00
      Required ratio:    0.00 (Cumulative side area) 

    Layer: met4
      Partial area ratio:   17.52
      Required ratio:    0.00 (Gate area) 
      Partial area ratio:   93.64
      Required ratio: 5408.00 (Side area) 
      Cumulative area ratio:  258.75
      Required ratio:    0.00 (Cumulative area) 
      Cumulative area ratio: 1314.25
      Required ratio:    0.00 (Cumulative side area) 

    Via: M3M4_PR
      Partial area ratio:    0.02
      Required ratio:    6.00 (Gate area) 
      Cumulative area ratio:    0.69
      Required ratio:    0.00 (Cumulative area) 

    Via: M2M3_PR
      Partial area ratio:    0.02
      Required ratio:    6.00 (Gate area) 
      Cumulative area ratio:    0.36
      Required ratio:    0.00 (Cumulative area) 

    Via: M1M2_PR
      Partial area ratio:    0.04
      Required ratio:    6.00 (Gate area) 
      Cumulative area ratio:    0.16
      Required ratio:    0.00 (Cumulative area) 

    Via: L1M1_PR_MR
      Partial area ratio:    0.11
      Required ratio:    3.00 (Gate area) 
      Cumulative area ratio:    0.11
      Required ratio:    0.00 (Cumulative area) 

  Pin: _6307_/S (sky130_fd_sc_hd__mux2_1)
    Layer: met3
      Partial area ratio:   14.92
      Required ratio:    0.00 (Gate area) 
      Partial area ratio:   80.62
      Required ratio: 5234.12 (Side area) 
      Cumulative area ratio:  232.41
      Required ratio:    0.00 (Cumulative area) 
      Cumulative area ratio: 1175.56
      Required ratio:    0.00 (Cumulative side area) 

    Layer: met2
      Partial area ratio:   25.95
      Required ratio:    0.00 (Gate area) 
      Partial area ratio:  130.63
      Required ratio: 3991.04 (Side area) 
      Cumulative area ratio:  111.53
      Required ratio:    0.00 (Cumulative area) 
      Cumulative area ratio:  561.63
      Required ratio:    0.00 (Cumulative side area) 

    Layer: met1
      Partial area ratio:    0.00
      Required ratio:    0.00 (Gate area) 
      Partial area ratio:    0.00
      Required ratio:  400.00 (Side area) 
      Cumulative area ratio:    0.00
      Required ratio:    0.00 (Cumulative area) 
      Cumulative area ratio:    0.00
      Required ratio:    0.00 (Cumulative side area) 

    Layer: li1
      Partial area ratio:    0.00
      Required ratio:    0.00 (Gate area) 
      Partial area ratio:    0.00
      Required ratio:   75.00 (Side area) 
      Cumulative area ratio:    0.00
      Required ratio:    0.00 (Cumulative area) 
      Cumulative area ratio:    0.00
      Required ratio:    0.00 (Cumulative side area) 

    Layer: met4
      Partial area ratio:   17.52
      Required ratio:    0.00 (Gate area) 
      Partial area ratio:   93.64
      Required ratio: 5408.00 (Side area) 
      Cumulative area ratio:  249.93
      Required ratio:    0.00 (Cumulative area) 
      Cumulative area ratio: 1269.20
      Required ratio:    0.00 (Cumulative side area) 

    Via: M3M4_PR
      Partial area ratio:    0.02
      Required ratio:    6.00 (Gate area) 
      Cumulative area ratio:    0.74
      Required ratio:    0.00 (Cumulative area) 

    Via: M2M3_PR
      Partial area ratio:    0.02
      Required ratio:    6.00 (Gate area) 
      Cumulative area ratio:    0.40
      Required ratio:    0.00 (Cumulative area) 

    Via: M1M2_PR
      Partial area ratio:    0.09
      Required ratio:    6.00 (Gate area) 
      Cumulative area ratio:    0.20
      Required ratio:    0.00 (Cumulative area) 

    Via: L1M1_PR_MR
      Partial area ratio:    0.11
      Required ratio:    3.00 (Gate area) 
      Cumulative area ratio:    0.11
      Required ratio:    0.00 (Cumulative area) 

  Pin: _6297_/S (sky130_fd_sc_hd__mux2_1)
    Layer: met3
      Partial area ratio:   14.92
      Required ratio:    0.00 (Gate area) 
      Partial area ratio:   80.62
      Required ratio: 5234.12 (Side area) 
      Cumulative area ratio:  232.41
      Required ratio:    0.00 (Cumulative area) 
      Cumulative area ratio: 1175.56
      Required ratio:    0.00 (Cumulative side area) 

    Layer: met2
      Partial area ratio:   25.95
      Required ratio:    0.00 (Gate area) 
      Partial area ratio:  130.63
      Required ratio: 3991.04 (Side area) 
      Cumulative area ratio:  111.53
      Required ratio:    0.00 (Cumulative area) 
      Cumulative area ratio:  561.63
      Required ratio:    0.00 (Cumulative side area) 

    Layer: met1
      Partial area ratio:   85.58
      Required ratio:    0.00 (Gate area) 
      Partial area ratio:  431.00
      Required ratio:  400.00 (Side area) (VIOLATED)
      Cumulative area ratio:   85.58
      Required ratio:    0.00 (Cumulative area) 
      Cumulative area ratio:  431.00
      Required ratio:    0.00 (Cumulative side area) 

    Layer: li1
      Partial area ratio:    0.00
      Required ratio:    0.00 (Gate area) 
      Partial area ratio:    0.00
      Required ratio:   75.00 (Side area) 
      Cumulative area ratio:    0.00
      Required ratio:    0.00 (Cumulative area) 
      Cumulative area ratio:    0.00
      Required ratio:    0.00 (Cumulative side area) 

    Layer: met4
      Partial area ratio:   17.52
      Required ratio:    0.00 (Gate area) 
      Partial area ratio:   93.64
      Required ratio: 5408.00 (Side area) 
      Cumulative area ratio:  249.93
      Required ratio:    0.00 (Cumulative area) 
      Cumulative area ratio: 1269.20
      Required ratio:    0.00 (Cumulative side area) 

    Via: M3M4_PR
      Partial area ratio:    0.02
      Required ratio:    6.00 (Gate area) 
      Cumulative area ratio:    0.65
      Required ratio:    0.00 (Cumulative area) 

    Via: M2M3_PR
      Partial area ratio:    0.02
      Required ratio:    6.00 (Gate area) 
      Cumulative area ratio:    0.31
      Required ratio:    0.00 (Cumulative area) 

    Via: M1M2_PR
      Partial area ratio:    0.18
      Required ratio:    6.00 (Gate area) 
      Cumulative area ratio:    0.29
      Required ratio:    0.00 (Cumulative area) 

    Via: L1M1_PR_MR
      Partial area ratio:    0.11
      Required ratio:    3.00 (Gate area) 
      Cumulative area ratio:    0.11
      Required ratio:    0.00 (Cumulative area) 

  Pin: _6303_/S (sky130_fd_sc_hd__mux2_1)
    Layer: met3
      Partial area ratio:   14.92
      Required ratio:    0.00 (Gate area) 
      Partial area ratio:   80.62
      Required ratio: 5234.12 (Side area) 
      Cumulative area ratio:  121.98
      Required ratio:    0.00 (Cumulative area) 
      Cumulative area ratio:  619.82
      Required ratio:    0.00 (Cumulative side area) 

    Layer: met2
      Partial area ratio:  105.96
      Required ratio:    0.00 (Gate area) 
      Partial area ratio:  533.31
      Required ratio: 2773.88 (Side area) 
      Cumulative area ratio:  107.06
      Required ratio:    0.00 (Cumulative area) 
      Cumulative area ratio:  539.19
      Required ratio:    0.00 (Cumulative side area) 

    Layer: met1
      Partial area ratio:    1.10
      Required ratio:    0.00 (Gate area) 
      Partial area ratio:    5.89
      Required ratio: 2773.88 (Side area) 
      Cumulative area ratio:    1.10
      Required ratio:    0.00 (Cumulative area) 
      Cumulative area ratio:    5.89
      Required ratio:    0.00 (Cumulative side area) 

    Layer: li1
      Partial area ratio:    0.00
      Required ratio:    0.00 (Gate area) 
      Partial area ratio:    0.00
      Required ratio:   75.00 (Side area) 
      Cumulative area ratio:    0.00
      Required ratio:    0.00 (Cumulative area) 
      Cumulative area ratio:    0.00
      Required ratio:    0.00 (Cumulative side area) 

    Layer: met4
      Partial area ratio:   17.52
      Required ratio:    0.00 (Gate area) 
      Partial area ratio:   93.64
      Required ratio: 5408.00 (Side area) 
      Cumulative area ratio:  139.50
      Required ratio:    0.00 (Cumulative area) 
      Cumulative area ratio:  713.45
      Required ratio:    0.00 (Cumulative side area) 

    Via: M3M4_PR
      Partial area ratio:    0.02
      Required ratio:    6.00 (Gate area) 
      Cumulative area ratio:    0.54
      Required ratio:    0.00 (Cumulative area) 

    Via: M2M3_PR
      Partial area ratio:    0.32
      Required ratio:    6.00 (Gate area) 
      Cumulative area ratio:    0.52
      Required ratio:    0.00 (Cumulative area) 

    Via: M1M2_PR
      Partial area ratio:    0.09
      Required ratio:    6.00 (Gate area) 
      Cumulative area ratio:    0.20
      Required ratio:    0.00 (Cumulative area) 

    Via: L1M1_PR_MR
      Partial area ratio:    0.11
      Required ratio:    3.00 (Gate area) 
      Cumulative area ratio:    0.11
      Required ratio:    0.00 (Cumulative area) 

  Pin: _6293_/S (sky130_fd_sc_hd__mux2_1)
    Layer: met4
      Partial area ratio:   17.52
      Required ratio:    0.00 (Gate area) 
      Partial area ratio:   93.64
      Required ratio: 5408.00 (Side area) 
      Cumulative area ratio:   19.54
      Required ratio:    0.00 (Cumulative area) 
      Cumulative area ratio:  106.60
      Required ratio:    0.00 (Cumulative side area) 

    Layer: met3
      Partial area ratio:    0.63
      Required ratio:    0.00 (Gate area) 
      Partial area ratio:    5.27
      Required ratio: 2773.88 (Side area) 
      Cumulative area ratio:    2.01
      Required ratio:    0.00 (Cumulative area) 
      Cumulative area ratio:   12.96
      Required ratio:    0.00 (Cumulative side area) 

    Layer: met2
      Partial area ratio:    1.38
      Required ratio:    0.00 (Gate area) 
      Partial area ratio:    7.69
      Required ratio: 2773.88 (Side area) 
      Cumulative area ratio:    1.38
      Required ratio:    0.00 (Cumulative area) 
      Cumulative area ratio:    7.69
      Required ratio:    0.00 (Cumulative side area) 

    Layer: met1
      Partial area ratio:    0.00
      Required ratio:    0.00 (Gate area) 
      Partial area ratio:    0.00
      Required ratio:  400.00 (Side area) 
      Cumulative area ratio:    0.00
      Required ratio:    0.00 (Cumulative area) 
      Cumulative area ratio:    0.00
      Required ratio:    0.00 (Cumulative side area) 

    Layer: li1
      Partial area ratio:    0.00
      Required ratio:    0.00 (Gate area) 
      Partial area ratio:    0.00
      Required ratio:   75.00 (Side area) 
      Cumulative area ratio:    0.00
      Required ratio:    0.00 (Cumulative area) 
      Cumulative area ratio:    0.00
      Required ratio:    0.00 (Cumulative side area) 

    Via: M3M4_PR
      Partial area ratio:    0.16
      Required ratio:    6.00 (Gate area) 
      Cumulative area ratio:    0.52
      Required ratio:    0.00 (Cumulative area) 

    Via: M2M3_PR
      Partial area ratio:    0.16
      Required ratio:    6.00 (Gate area) 
      Cumulative area ratio:    0.36
      Required ratio:    0.00 (Cumulative area) 

    Via: M1M2_PR
      Partial area ratio:    0.09
      Required ratio:    6.00 (Gate area) 
      Cumulative area ratio:    0.20
      Required ratio:    0.00 (Cumulative area) 

    Via: L1M1_PR_MR
      Partial area ratio:    0.11
      Required ratio:    3.00 (Gate area) 
      Cumulative area ratio:    0.11
      Required ratio:    0.00 (Cumulative area) 


Net: net23
  Pin: _6087_/A (sky130_fd_sc_hd__clkbuf_4)
    Layer: met2
      Partial area ratio:   13.96
      Required ratio:    0.00 (Gate area) 
      Partial area ratio:   71.10
      Required ratio: 3787.48 (Side area) 
      Cumulative area ratio:  102.84
      Required ratio:    0.00 (Cumulative area) 
      Cumulative area ratio:  517.33
      Required ratio:    0.00 (Cumulative side area) 

    Layer: met1
      Partial area ratio:   88.88
      Required ratio:    0.00 (Gate area) 
      Partial area ratio:  446.23
      Required ratio:  400.00 (Side area) (VIOLATED)
      Cumulative area ratio:   88.88
      Required ratio:    0.00 (Cumulative area) 
      Cumulative area ratio:  446.23
      Required ratio:    0.00 (Cumulative side area) 

    Layer: li1
      Partial area ratio:    0.00
      Required ratio:    0.00 (Gate area) 
      Partial area ratio:    0.00
      Required ratio:   75.00 (Side area) 
      Cumulative area ratio:    0.00
      Required ratio:    0.00 (Cumulative area) 
      Cumulative area ratio:    0.00
      Required ratio:    0.00 (Cumulative side area) 

    Via: M1M2_PR
      Partial area ratio:    0.32
      Required ratio:    6.00 (Gate area) 
      Cumulative area ratio:    0.45
      Required ratio:    0.00 (Cumulative area) 

    Via: L1M1_PR_MR
      Partial area ratio:    0.14
      Required ratio:    3.00 (Gate area) 
      Cumulative area ratio:    0.14
      Required ratio:    0.00 (Cumulative area) 

  Pin: _5436_/A (sky130_fd_sc_hd__clkbuf_4)
    Layer: met2
      Partial area ratio:   13.96
      Required ratio:    0.00 (Gate area) 
      Partial area ratio:   71.10
      Required ratio: 3787.48 (Side area) 
      Cumulative area ratio:  104.44
      Required ratio:    0.00 (Cumulative area) 
      Cumulative area ratio:  525.81
      Required ratio:    0.00 (Cumulative side area) 

    Layer: met1
      Partial area ratio:    1.60
      Required ratio:    0.00 (Gate area) 
      Partial area ratio:    8.48
      Required ratio:  400.00 (Side area) 
      Cumulative area ratio:    1.60
      Required ratio:    0.00 (Cumulative area) 
      Cumulative area ratio:    8.48
      Required ratio:    0.00 (Cumulative side area) 

    Layer: li1
      Partial area ratio:    0.00
      Required ratio:    0.00 (Gate area) 
      Partial area ratio:    0.00
      Required ratio:   75.00 (Side area) 
      Cumulative area ratio:    0.00
      Required ratio:    0.00 (Cumulative area) 
      Cumulative area ratio:    0.00
      Required ratio:    0.00 (Cumulative side area) 

    Via: M1M2_PR
      Partial area ratio:    0.11
      Required ratio:    6.00 (Gate area) 
      Cumulative area ratio:    0.24
      Required ratio:    0.00 (Cumulative area) 

    Via: L1M1_PR_MR
      Partial area ratio:    0.14
      Required ratio:    3.00 (Gate area) 
      Cumulative area ratio:    0.14
      Required ratio:    0.00 (Cumulative area) 

  Pin: _7528_/A1 (sky130_fd_sc_hd__mux2_1)
    Layer: met2
      Partial area ratio:   13.96
      Required ratio:    0.00 (Gate area) 
      Partial area ratio:   71.10
      Required ratio: 3787.48 (Side area) 
      Cumulative area ratio:  108.26
      Required ratio:    0.00 (Cumulative area) 
      Cumulative area ratio:  546.00
      Required ratio:    0.00 (Cumulative side area) 

    Layer: met1
      Partial area ratio:    5.42
      Required ratio:    0.00 (Gate area) 
      Partial area ratio:   28.67
      Required ratio: 2773.88 (Side area) 
      Cumulative area ratio:    5.42
      Required ratio:    0.00 (Cumulative area) 
      Cumulative area ratio:   28.67
      Required ratio:    0.00 (Cumulative side area) 

    Layer: li1
      Partial area ratio:    0.00
      Required ratio:    0.00 (Gate area) 
      Partial area ratio:    0.00
      Required ratio:   75.00 (Side area) 
      Cumulative area ratio:    0.00
      Required ratio:    0.00 (Cumulative area) 
      Cumulative area ratio:    0.00
      Required ratio:    0.00 (Cumulative side area) 

    Via: M1M2_PR
      Partial area ratio:    0.36
      Required ratio:    6.00 (Gate area) 
      Cumulative area ratio:    0.59
      Required ratio:    0.00 (Cumulative area) 

    Via: L1M1_PR_MR
      Partial area ratio:    0.23
      Required ratio:    3.00 (Gate area) 
      Cumulative area ratio:    0.23
      Required ratio:    0.00 (Cumulative area) 

  Pin: _7461_/A1 (sky130_fd_sc_hd__mux2_1)
    Layer: met2
      Partial area ratio:   13.96
      Required ratio:    0.00 (Gate area) 
      Partial area ratio:   71.10
      Required ratio: 3787.48 (Side area) 
      Cumulative area ratio:  117.77
      Required ratio:    0.00 (Cumulative area) 
      Cumulative area ratio:  595.11
      Required ratio:    0.00 (Cumulative side area) 

    Layer: met1
      Partial area ratio:    9.51
      Required ratio:    0.00 (Gate area) 
      Partial area ratio:   49.11
      Required ratio:  400.00 (Side area) 
      Cumulative area ratio:    9.51
      Required ratio:    0.00 (Cumulative area) 
      Cumulative area ratio:   49.11
      Required ratio:    0.00 (Cumulative side area) 

    Layer: li1
      Partial area ratio:    0.00
      Required ratio:    0.00 (Gate area) 
      Partial area ratio:    0.00
      Required ratio:   75.00 (Side area) 
      Cumulative area ratio:    0.00
      Required ratio:    0.00 (Cumulative area) 
      Cumulative area ratio:    0.00
      Required ratio:    0.00 (Cumulative side area) 

    Via: M1M2_PR
      Partial area ratio:    0.36
      Required ratio:    6.00 (Gate area) 
      Cumulative area ratio:    0.59
      Required ratio:    0.00 (Cumulative area) 

    Via: L1M1_PR_MR
      Partial area ratio:    0.23
      Required ratio:    3.00 (Gate area) 
      Cumulative area ratio:    0.23
      Required ratio:    0.00 (Cumulative area) 

  Pin: _5334_/A (sky130_fd_sc_hd__buf_2)
    Layer: met2
      Partial area ratio:   13.96
      Required ratio:    0.00 (Gate area) 
      Partial area ratio:   71.10
      Required ratio: 3787.48 (Side area) 
      Cumulative area ratio:  103.37
      Required ratio:    0.00 (Cumulative area) 
      Cumulative area ratio:  520.59
      Required ratio:    0.00 (Cumulative side area) 

    Layer: met1
      Partial area ratio:    0.53
      Required ratio:    0.00 (Gate area) 
      Partial area ratio:    3.26
      Required ratio:  400.00 (Side area) 
      Cumulative area ratio:    0.53
      Required ratio:    0.00 (Cumulative area) 
      Cumulative area ratio:    3.26
      Required ratio:    0.00 (Cumulative side area) 

    Layer: li1
      Partial area ratio:    0.00
      Required ratio:    0.00 (Gate area) 
      Partial area ratio:    0.00
      Required ratio:   75.00 (Side area) 
      Cumulative area ratio:    0.00
      Required ratio:    0.00 (Cumulative area) 
      Cumulative area ratio:    0.00
      Required ratio:    0.00 (Cumulative side area) 

    Via: M1M2_PR
      Partial area ratio:    0.14
      Required ratio:    6.00 (Gate area) 
      Cumulative area ratio:    0.32
      Required ratio:    0.00 (Cumulative area) 

    Via: L1M1_PR_MR
      Partial area ratio:    0.18
      Required ratio:    3.00 (Gate area) 
      Cumulative area ratio:    0.18
      Required ratio:    0.00 (Cumulative area) 


Net: net93
  Pin: output93/A (sky130_fd_sc_hd__buf_1)
    Layer: met2
      Partial area ratio:    0.69
      Required ratio:    0.00 (Gate area) 
      Partial area ratio:    3.66
      Required ratio: 3482.36 (Side area) 
      Cumulative area ratio:  704.05
      Required ratio:    0.00 (Cumulative area) 
      Cumulative area ratio: 3521.97
      Required ratio:    0.00 (Cumulative side area) 

    Layer: met1
      Partial area ratio:  703.36
      Required ratio:    0.00 (Gate area) 
      Partial area ratio: 3518.31
      Required ratio: 2773.88 (Side area) (VIOLATED)
      Cumulative area ratio:  703.36
      Required ratio:    0.00 (Cumulative area) 
      Cumulative area ratio: 3518.31
      Required ratio:    0.00 (Cumulative side area) 

    Layer: li1
      Partial area ratio:    0.00
      Required ratio:    0.00 (Gate area) 
      Partial area ratio:    0.00
      Required ratio:   75.00 (Side area) 
      Cumulative area ratio:    0.00
      Required ratio:    0.00 (Cumulative area) 
      Cumulative area ratio:    0.00
      Required ratio:    0.00 (Cumulative side area) 

    Via: M1M2_PR
      Partial area ratio:    0.11
      Required ratio:    6.00 (Gate area) 
      Cumulative area ratio:    0.26
      Required ratio:    0.00 (Cumulative area) 

    Via: L1M1_PR_MR
      Partial area ratio:    0.15
      Required ratio:    3.00 (Gate area) 
      Cumulative area ratio:    0.15
      Required ratio:    0.00 (Cumulative area) 

  Pin: _5127_/B1 (sky130_fd_sc_hd__a21o_1)
    Layer: met1
      Partial area ratio:    4.07
      Required ratio:    0.00 (Gate area) 
      Partial area ratio:   21.55
      Required ratio: 3308.48 (Side area) 
      Cumulative area ratio:    4.07
      Required ratio:    0.00 (Cumulative area) 
      Cumulative area ratio:   21.55
      Required ratio:    0.00 (Cumulative side area) 

    Layer: met2
      Partial area ratio:    0.69
      Required ratio:    0.00 (Gate area) 
      Partial area ratio:    3.66
      Required ratio: 3482.36 (Side area) 
      Cumulative area ratio:    4.76
      Required ratio:    0.00 (Cumulative area) 
      Cumulative area ratio:   25.21
      Required ratio:    0.00 (Cumulative side area) 

    Layer: li1
      Partial area ratio:    0.00
      Required ratio:    0.00 (Gate area) 
      Partial area ratio:    0.00
      Required ratio:   75.00 (Side area) 
      Cumulative area ratio:    0.00
      Required ratio:    0.00 (Cumulative area) 
      Cumulative area ratio:    0.00
      Required ratio:    0.00 (Cumulative side area) 

    Via: M1M2_PR
      Partial area ratio:    0.09
      Required ratio:    6.00 (Gate area) 
      Cumulative area ratio:    0.21
      Required ratio:    0.00 (Cumulative area) 

    Via: L1M1_PR_MR
      Partial area ratio:    0.12
      Required ratio:    3.00 (Gate area) 
      Cumulative area ratio:    0.12
      Required ratio:    0.00 (Cumulative area) 


Net: net131
  Pin: _5189_/A (sky130_fd_sc_hd__xor2_1)
    Layer: met2
      Partial area ratio:   14.26
      Required ratio:    0.00 (Gate area) 
      Partial area ratio:   72.50
      Required ratio: 4364.72 (Side area) 
      Cumulative area ratio:   14.26
      Required ratio:    0.00 (Cumulative area) 
      Cumulative area ratio:   72.50
      Required ratio:    0.00 (Cumulative side area) 

    Layer: met1
      Partial area ratio:    0.00
      Required ratio:    0.00 (Gate area) 
      Partial area ratio:    0.00
      Required ratio:  400.00 (Side area) 
      Cumulative area ratio:    0.00
      Required ratio:    0.00 (Cumulative area) 
      Cumulative area ratio:    0.00
      Required ratio:    0.00 (Cumulative side area) 

    Layer: li1
      Partial area ratio:    0.00
      Required ratio:    0.00 (Gate area) 
      Partial area ratio:    0.00
      Required ratio:   75.00 (Side area) 
      Cumulative area ratio:    0.00
      Required ratio:    0.00 (Cumulative area) 
      Cumulative area ratio:    0.00
      Required ratio:    0.00 (Cumulative side area) 

    Layer: met3
      Partial area ratio:    0.38
      Required ratio:    0.00 (Gate area) 
      Partial area ratio:    2.32
      Required ratio: 4538.60 (Side area) 
      Cumulative area ratio:   14.64
      Required ratio:    0.00 (Cumulative area) 
      Cumulative area ratio:   74.82
      Required ratio:    0.00 (Cumulative side area) 

    Via: M2M3_PR
      Partial area ratio:    0.03
      Required ratio:    6.00 (Gate area) 
      Cumulative area ratio:    0.13
      Required ratio:    0.00 (Cumulative area) 

    Via: M1M2_PR
      Partial area ratio:    0.05
      Required ratio:    6.00 (Gate area) 
      Cumulative area ratio:    0.10
      Required ratio:    0.00 (Cumulative area) 

    Via: L1M1_PR_MR
      Partial area ratio:    0.06
      Required ratio:    3.00 (Gate area) 
      Cumulative area ratio:    0.06
      Required ratio:    0.00 (Cumulative area) 

  Pin: _5199_/A1 (sky130_fd_sc_hd__a21oi_2)
    Layer: met2
      Partial area ratio:   14.26
      Required ratio:    0.00 (Gate area) 
      Partial area ratio:   72.50
      Required ratio: 4364.72 (Side area) 
      Cumulative area ratio:   16.00
      Required ratio:    0.00 (Cumulative area) 
      Cumulative area ratio:   81.58
      Required ratio:    0.00 (Cumulative side area) 

    Layer: met1
      Partial area ratio:    1.74
      Required ratio:    0.00 (Gate area) 
      Partial area ratio:    9.08
      Required ratio: 2773.88 (Side area) 
      Cumulative area ratio:    1.74
      Required ratio:    0.00 (Cumulative area) 
      Cumulative area ratio:    9.08
      Required ratio:    0.00 (Cumulative side area) 

    Layer: li1
      Partial area ratio:    0.00
      Required ratio:    0.00 (Gate area) 
      Partial area ratio:    0.00
      Required ratio:   75.00 (Side area) 
      Cumulative area ratio:    0.00
      Required ratio:    0.00 (Cumulative area) 
      Cumulative area ratio:    0.00
      Required ratio:    0.00 (Cumulative side area) 

    Layer: met3
      Partial area ratio:    0.38
      Required ratio:    0.00 (Gate area) 
      Partial area ratio:    2.32
      Required ratio: 4538.60 (Side area) 
      Cumulative area ratio:   16.38
      Required ratio:    0.00 (Cumulative area) 
      Cumulative area ratio:   83.90
      Required ratio:    0.00 (Cumulative side area) 

    Via: M2M3_PR
      Partial area ratio:    0.03
      Required ratio:    6.00 (Gate area) 
      Cumulative area ratio:    0.13
      Required ratio:    0.00 (Cumulative area) 

    Via: M1M2_PR
      Partial area ratio:    0.05
      Required ratio:    6.00 (Gate area) 
      Cumulative area ratio:    0.10
      Required ratio:    0.00 (Cumulative area) 

    Via: L1M1_PR_MR
      Partial area ratio:    0.06
      Required ratio:    3.00 (Gate area) 
      Cumulative area ratio:    0.06
      Required ratio:    0.00 (Cumulative area) 

  Pin: _5197_/A2 (sky130_fd_sc_hd__a211o_1)
    Layer: met2
      Partial area ratio:   14.26
      Required ratio:    0.00 (Gate area) 
      Partial area ratio:   72.50
      Required ratio: 4364.72 (Side area) 
      Cumulative area ratio:   17.36
      Required ratio:    0.00 (Cumulative area) 
      Cumulative area ratio:   89.19
      Required ratio:    0.00 (Cumulative side area) 

    Layer: met1
      Partial area ratio:    0.00
      Required ratio:    0.00 (Gate area) 
      Partial area ratio:    0.00
      Required ratio:  400.00 (Side area) 
      Cumulative area ratio:    0.00
      Required ratio:    0.00 (Cumulative area) 
      Cumulative area ratio:    0.00
      Required ratio:    0.00 (Cumulative side area) 

    Layer: li1
      Partial area ratio:    0.00
      Required ratio:    0.00 (Gate area) 
      Partial area ratio:    0.00
      Required ratio:   75.00 (Side area) 
      Cumulative area ratio:    0.00
      Required ratio:    0.00 (Cumulative area) 
      Cumulative area ratio:    0.00
      Required ratio:    0.00 (Cumulative side area) 

    Layer: met3
      Partial area ratio:    0.38
      Required ratio:    0.00 (Gate area) 
      Partial area ratio:    2.32
      Required ratio: 4538.60 (Side area) 
      Cumulative area ratio:   17.74
      Required ratio:    0.00 (Cumulative area) 
      Cumulative area ratio:   91.51
      Required ratio:    0.00 (Cumulative side area) 

    Via: M2M3_PR
      Partial area ratio:    0.03
      Required ratio:    6.00 (Gate area) 
      Cumulative area ratio:    0.42
      Required ratio:    0.00 (Cumulative area) 

    Via: M1M2_PR
      Partial area ratio:    0.09
      Required ratio:    6.00 (Gate area) 
      Cumulative area ratio:    0.21
      Required ratio:    0.00 (Cumulative area) 

    Via: L1M1_PR_MR
      Partial area ratio:    0.12
      Required ratio:    3.00 (Gate area) 
      Cumulative area ratio:    0.12
      Required ratio:    0.00 (Cumulative area) 

  Pin: _5196_/A2 (sky130_fd_sc_hd__o21a_1)
    Layer: met2
      Partial area ratio:   14.26
      Required ratio:    0.00 (Gate area) 
      Partial area ratio:   72.50
      Required ratio: 4364.72 (Side area) 
      Cumulative area ratio:   17.36
      Required ratio:    0.00 (Cumulative area) 
      Cumulative area ratio:   89.19
      Required ratio:    0.00 (Cumulative side area) 

    Layer: met1
      Partial area ratio:    3.10
      Required ratio:    0.00 (Gate area) 
      Partial area ratio:   16.69
      Required ratio: 2773.88 (Side area) 
      Cumulative area ratio:    3.10
      Required ratio:    0.00 (Cumulative area) 
      Cumulative area ratio:   16.69
      Required ratio:    0.00 (Cumulative side area) 

    Layer: li1
      Partial area ratio:    0.00
      Required ratio:    0.00 (Gate area) 
      Partial area ratio:    0.00
      Required ratio:   75.00 (Side area) 
      Cumulative area ratio:    0.00
      Required ratio:    0.00 (Cumulative area) 
      Cumulative area ratio:    0.00
      Required ratio:    0.00 (Cumulative side area) 

    Layer: met3
      Partial area ratio:    0.38
      Required ratio:    0.00 (Gate area) 
      Partial area ratio:    2.32
      Required ratio: 4538.60 (Side area) 
      Cumulative area ratio:   17.74
      Required ratio:    0.00 (Cumulative area) 
      Cumulative area ratio:   91.51
      Required ratio:    0.00 (Cumulative side area) 

    Via: M2M3_PR
      Partial area ratio:    0.03
      Required ratio:    6.00 (Gate area) 
      Cumulative area ratio:    0.33
      Required ratio:    0.00 (Cumulative area) 

    Via: M1M2_PR
      Partial area ratio:    0.18
      Required ratio:    6.00 (Gate area) 
      Cumulative area ratio:    0.30
      Required ratio:    0.00 (Cumulative area) 

    Via: L1M1_PR_MR
      Partial area ratio:    0.12
      Required ratio:    3.00 (Gate area) 
      Cumulative area ratio:    0.12
      Required ratio:    0.00 (Cumulative area) 

  Pin: output131/A (sky130_fd_sc_hd__buf_1)
    Layer: met3
      Partial area ratio:    0.38
      Required ratio:    0.00 (Gate area) 
      Partial area ratio:    2.32
      Required ratio: 4538.60 (Side area) 
      Cumulative area ratio:  833.52
      Required ratio:    0.00 (Cumulative area) 
      Cumulative area ratio: 4176.49
      Required ratio:    0.00 (Cumulative side area) 

    Layer: met2
      Partial area ratio:  832.71
      Required ratio:    0.00 (Gate area) 
      Partial area ratio: 4171.54
      Required ratio: 2773.88 (Side area) (VIOLATED)
      Cumulative area ratio:  833.14
      Required ratio:    0.00 (Cumulative area) 
      Cumulative area ratio: 4174.17
      Required ratio:    0.00 (Cumulative side area) 

    Layer: met1
      Partial area ratio:    0.43
      Required ratio:    0.00 (Gate area) 
      Partial area ratio:    2.64
      Required ratio:  400.00 (Side area) 
      Cumulative area ratio:    0.43
      Required ratio:    0.00 (Cumulative area) 
      Cumulative area ratio:    2.64
      Required ratio:    0.00 (Cumulative side area) 

    Layer: li1
      Partial area ratio:    0.00
      Required ratio:    0.00 (Gate area) 
      Partial area ratio:    0.00
      Required ratio:   75.00 (Side area) 
      Cumulative area ratio:    0.00
      Required ratio:    0.00 (Cumulative area) 
      Cumulative area ratio:    0.00
      Required ratio:    0.00 (Cumulative side area) 

    Via: M2M3_PR
      Partial area ratio:    0.20
      Required ratio:    6.00 (Gate area) 
      Cumulative area ratio:    0.47
      Required ratio:    0.00 (Cumulative area) 

    Via: M1M2_PR
      Partial area ratio:    0.11
      Required ratio:    6.00 (Gate area) 
      Cumulative area ratio:    0.26
      Required ratio:    0.00 (Cumulative area) 

    Via: L1M1_PR_MR
      Partial area ratio:    0.15
      Required ratio:    3.00 (Gate area) 
      Cumulative area ratio:    0.15
      Required ratio:    0.00 (Cumulative area) 


[INFO ANT-0002] Found 5 net violations.
[INFO ANT-0001] Found 5 pin violations.
