OpenROAD b16bda7e82721d10566ff7e2b68f1ff0be9f9e38 
Features included (+) or not (-): +Charts +GPU +GUI +Python
This program is licensed under the BSD-3 license. See the LICENSE file for details.
Components of this program may be licensed under more restrictive licenses which must be honored.
[INFO ODB-0227] LEF file: /openlane/designs/TopCPU/runs/RUN_2025.06.04_20.13.44/tmp/merged.nom.lef, created 13 layers, 25 vias, 441 library cells
[INFO ODB-0127] Reading DEF file: /openlane/designs/TopCPU/runs/RUN_2025.06.04_20.13.44/results/routing/TopCPU.def
[INFO ODB-0128] Design: TopCPU
[INFO ODB-0094] 		Created 100000 Insts
[INFO ODB-0094] 		Created 200000 Insts
[INFO ODB-0130]     Created 16 pins.
[INFO ODB-0131]     Created 267622 components and 1001466 component-terminals.
[INFO ODB-0132]     Created 2 special nets and 995164 connections.
[INFO ODB-0133]     Created 1596 nets and 6283 connections.
[INFO ODB-0134] Finished DEF file: /openlane/designs/TopCPU/runs/RUN_2025.06.04_20.13.44/results/routing/TopCPU.def
Top-level design name: TopCPU
Found default power net 'VPWR'
Found default ground net 'VGND'
Found 1 power ports.
Found 1 ground ports.
Modified power connections of 267622/267622 cells.
