OpenROAD b16bda7e82721d10566ff7e2b68f1ff0be9f9e38 
Features included (+) or not (-): +Charts +GPU +GUI +Python
This program is licensed under the BSD-3 license. See the LICENSE file for details.
Components of this program may be licensed under more restrictive licenses which must be honored.
define_corners Typical
read_liberty -corner Typical /home/briandeniz/.volare/sky130A/libs.ref/sky130_fd_sc_hd/lib/sky130_fd_sc_hd__tt_025C_1v80.lib
Using 1e-12 for capacitance...
Using 1e+03 for resistance...
Using 1e-09 for time...
Using 1e+00 for voltage...
Using 1e-03 for current...
Using 1e-09 for power...
Using 1e-06 for distance...
[INFO]: Reading ODB at '/openlane/designs/register_alu/runs/RUN_2025.05.31_04.05.36/tmp/routing/19-io_diodes.odb'…
Reading design constraints file at '/openlane/designs/register_alu/src/register_alu.sdc'…
Placement Analysis
---------------------------------
total displacement        182.5 u
average displacement        0.0 u
max displacement            3.7 u
original HPWL          385070.7 u
legalized HPWL         391265.5 u
delta HPWL                    2 %

[INFO DPL-0020] Mirrored 2001 instances
[INFO DPL-0021] HPWL before          391265.5 u
[INFO DPL-0022] HPWL after           385175.6 u
[INFO DPL-0023] HPWL delta               -1.6 %
Setting global connections for newly added cells…
Writing OpenROAD database to '/openlane/designs/register_alu/runs/RUN_2025.05.31_04.05.36/tmp/routing/./19-io_diode_legalized.odb'…
Writing netlist to '/openlane/designs/register_alu/runs/RUN_2025.05.31_04.05.36/tmp/routing/./19-io_diode_legalized.nl.v'…
Writing powered netlist to '/openlane/designs/register_alu/runs/RUN_2025.05.31_04.05.36/tmp/routing/./19-io_diode_legalized.pnl.v'…
Writing layout to '/openlane/designs/register_alu/runs/RUN_2025.05.31_04.05.36/tmp/routing/./19-io_diode_legalized.def'…
