OpenROAD b16bda7e82721d10566ff7e2b68f1ff0be9f9e38 
Features included (+) or not (-): +Charts +GPU +GUI +Python
This program is licensed under the BSD-3 license. See the LICENSE file for details.
Components of this program may be licensed under more restrictive licenses which must be honored.
define_corners Typical
read_liberty -corner Typical /home/briandeniz/.volare/sky130A/libs.ref/sky130_fd_sc_hd/lib/sky130_fd_sc_hd__tt_025C_1v80.lib
Using 1e-12 for capacitance...
Using 1e+03 for resistance...
Using 1e-09 for time...
Using 1e+00 for voltage...
Using 1e-03 for current...
Using 1e-09 for power...
Using 1e-06 for distance...
[INFO]: Reading ODB at '/openlane/designs/register_alu/runs/RUN_2025.05.31_04.05.36/tmp/routing/26-fill.odb'…
Reading design constraints file at '/openlane/designs/register_alu/src/register_alu.sdc'…
[INFO ORD-0030] Using 2 thread(s).
[INFO DRT-0149] Reading tech and libs.
[WARNING DRT-0349] LEF58_ENCLOSURE with no CUTCLASS is not supported. Skipping for layer mcon
[WARNING DRT-0349] LEF58_ENCLOSURE with no CUTCLASS is not supported. Skipping for layer mcon
[WARNING DRT-0349] LEF58_ENCLOSURE with no CUTCLASS is not supported. Skipping for layer via
[WARNING DRT-0349] LEF58_ENCLOSURE with no CUTCLASS is not supported. Skipping for layer via
[WARNING DRT-0349] LEF58_ENCLOSURE with no CUTCLASS is not supported. Skipping for layer via2
[WARNING DRT-0349] LEF58_ENCLOSURE with no CUTCLASS is not supported. Skipping for layer via2
[WARNING DRT-0349] LEF58_ENCLOSURE with no CUTCLASS is not supported. Skipping for layer via3
[WARNING DRT-0349] LEF58_ENCLOSURE with no CUTCLASS is not supported. Skipping for layer via3
[WARNING DRT-0349] LEF58_ENCLOSURE with no CUTCLASS is not supported. Skipping for layer via4
[WARNING DRT-0349] LEF58_ENCLOSURE with no CUTCLASS is not supported. Skipping for layer via4

Units:                1000
Number of layers:     13
Number of macros:     441
Number of vias:       29
Number of viarulegen: 25

[INFO DRT-0150] Reading design.

Design:                   register_alu
Die area:                 ( 0 0 ) ( 1500000 1800000 )
Number of track patterns: 12
Number of DEF vias:       0
Number of components:     274955
Number of terminals:      149
Number of snets:          2
Number of nets:           5319

[INFO DRT-0167] List of default vias:
  Layer via
    default via: M1M2_PR
  Layer via2
    default via: M2M3_PR
  Layer via3
    default via: M3M4_PR
  Layer via4
    default via: M4M5_PR
[INFO DRT-0162] Library cell analysis.
[INFO DRT-0163] Instance analysis.
  Complete 100000 instances.
  Complete 200000 instances.
[INFO DRT-0164] Number of unique instances = 302.
[INFO DRT-0168] Init region query.
[INFO DRT-0018]   Complete 100000 insts.
[INFO DRT-0018]   Complete 200000 insts.
[INFO DRT-0024]   Complete FR_MASTERSLICE.
[INFO DRT-0024]   Complete Fr_VIA.
[INFO DRT-0024]   Complete li1.
[INFO DRT-0024]   Complete mcon.
[INFO DRT-0024]   Complete met1.
[INFO DRT-0024]   Complete via.
[INFO DRT-0024]   Complete met2.
[INFO DRT-0024]   Complete via2.
[INFO DRT-0024]   Complete met3.
[INFO DRT-0024]   Complete via3.
[INFO DRT-0024]   Complete met4.
[INFO DRT-0024]   Complete via4.
[INFO DRT-0024]   Complete met5.
[INFO DRT-0033] FR_MASTERSLICE shape region query size = 0.
[INFO DRT-0033] FR_VIA shape region query size = 0.
[INFO DRT-0033] li1 shape region query size = 1562498.
[INFO DRT-0033] mcon shape region query size = 3451632.
[INFO DRT-0033] met1 shape region query size = 598527.
[INFO DRT-0033] via shape region query size = 163500.
[INFO DRT-0033] met2 shape region query size = 98164.
[INFO DRT-0033] via2 shape region query size = 130800.
[INFO DRT-0033] met3 shape region query size = 98183.
[INFO DRT-0033] via3 shape region query size = 130800.
[INFO DRT-0033] met4 shape region query size = 38850.
[INFO DRT-0033] via4 shape region query size = 5950.
[INFO DRT-0033] met5 shape region query size = 6188.
[INFO DRT-0165] Start pin access.
[INFO DRT-0076]   Complete 1000 pins.
[INFO DRT-0078]   Complete 1012 pins.
[INFO DRT-0079]   Complete 100 unique inst patterns.
[INFO DRT-0079]   Complete 200 unique inst patterns.
[INFO DRT-0081]   Complete 284 unique inst patterns.
[INFO DRT-0084]   Complete 9001 groups.
#scanned instances     = 274955
#unique  instances     = 302
#stdCellGenAp          = 8208
#stdCellValidPlanarAp  = 62
#stdCellValidViaAp     = 6107
#stdCellPinNoAp        = 0
#stdCellPinCnt         = 18092
#instTermValidViaApCnt = 0
#macroGenAp            = 0
#macroValidPlanarAp    = 0
#macroValidViaAp       = 0
#macroNoAp             = 0
[INFO DRT-0166] Complete pin access.
[INFO DRT-0267] cpu time = 00:00:24, elapsed time = 00:00:11, memory = 815.09 (MB), peak = 908.43 (MB)

Number of guides:     54774

[INFO DRT-0169] Post process guides.
[INFO DRT-0176] GCELLGRID X 0 DO 217 STEP 6900 ;
[INFO DRT-0177] GCELLGRID Y 0 DO 260 STEP 6900 ;
[INFO DRT-0028]   Complete FR_MASTERSLICE.
[INFO DRT-0028]   Complete Fr_VIA.
[INFO DRT-0028]   Complete li1.
[INFO DRT-0028]   Complete mcon.
[INFO DRT-0028]   Complete met1.
[INFO DRT-0028]   Complete via.
[INFO DRT-0028]   Complete met2.
[INFO DRT-0028]   Complete via2.
[INFO DRT-0028]   Complete met3.
[INFO DRT-0028]   Complete via3.
[INFO DRT-0028]   Complete met4.
[INFO DRT-0028]   Complete via4.
[INFO DRT-0028]   Complete met5.
[INFO DRT-0178] Init guide query.
[INFO DRT-0035]   Complete FR_MASTERSLICE (guide).
[INFO DRT-0035]   Complete Fr_VIA (guide).
[INFO DRT-0035]   Complete li1 (guide).
[INFO DRT-0035]   Complete mcon (guide).
[INFO DRT-0035]   Complete met1 (guide).
[INFO DRT-0035]   Complete via (guide).
[INFO DRT-0035]   Complete met2 (guide).
[INFO DRT-0035]   Complete via2 (guide).
[INFO DRT-0035]   Complete met3 (guide).
[INFO DRT-0035]   Complete via3 (guide).
[INFO DRT-0035]   Complete met4 (guide).
[INFO DRT-0035]   Complete via4 (guide).
[INFO DRT-0035]   Complete met5 (guide).
[INFO DRT-0036] FR_MASTERSLICE guide region query size = 0.
[INFO DRT-0036] FR_VIA guide region query size = 0.
[INFO DRT-0036] li1 guide region query size = 18209.
[INFO DRT-0036] mcon guide region query size = 0.
[INFO DRT-0036] met1 guide region query size = 14828.
[INFO DRT-0036] via guide region query size = 0.
[INFO DRT-0036] met2 guide region query size = 8342.
[INFO DRT-0036] via2 guide region query size = 0.
[INFO DRT-0036] met3 guide region query size = 483.
[INFO DRT-0036] via3 guide region query size = 0.
[INFO DRT-0036] met4 guide region query size = 202.
[INFO DRT-0036] via4 guide region query size = 0.
[INFO DRT-0036] met5 guide region query size = 0.
[INFO DRT-0179] Init gr pin query.
[INFO DRT-0245] skipped writing guide updates to database.
[INFO DRT-0185] Post process initialize RPin region query.
[INFO DRT-0181] Start track assignment.
[INFO DRT-0184] Done with 26753 vertical wires in 5 frboxes and 15311 horizontal wires in 6 frboxes.
[INFO DRT-0186] Done with 2513 vertical wires in 5 frboxes and 4347 horizontal wires in 6 frboxes.
[INFO DRT-0182] Complete track assignment.
[INFO DRT-0267] cpu time = 00:00:12, elapsed time = 00:00:06, memory = 1297.55 (MB), peak = 1601.84 (MB)
[INFO DRT-0187] Start routing data preparation.
[INFO DRT-0267] cpu time = 00:00:00, elapsed time = 00:00:00, memory = 1297.55 (MB), peak = 1601.84 (MB)
[INFO DRT-0194] Start detail routing.
[INFO DRT-0195] Start 0th optimization iteration.
    Completing 10% with 0 violations.
    elapsed time = 00:00:04, memory = 1755.18 (MB).
    Completing 20% with 0 violations.
    elapsed time = 00:00:09, memory = 2554.80 (MB).
    Completing 30% with 456 violations.
    elapsed time = 00:00:19, memory = 3093.26 (MB).
    Completing 40% with 456 violations.
    elapsed time = 00:00:23, memory = 3093.26 (MB).
    Completing 50% with 456 violations.
    elapsed time = 00:00:29, memory = 3093.38 (MB).
    Completing 60% with 896 violations.
    elapsed time = 00:00:37, memory = 3093.38 (MB).
    Completing 70% with 896 violations.
    elapsed time = 00:00:42, memory = 3093.38 (MB).
    Completing 80% with 1344 violations.
    elapsed time = 00:00:52, memory = 3125.76 (MB).
    Completing 90% with 1344 violations.
    elapsed time = 00:00:57, memory = 3125.88 (MB).
    Completing 100% with 1811 violations.
    elapsed time = 00:01:08, memory = 3133.38 (MB).
[INFO DRT-0199]   Number of violations = 3002.
Viol/Layer         li1   mcon   met1    via   met2   met3   met4
Cut Spacing          0      2      0      1      0      0      0
Metal Spacing      150      0    366      0    102     26      1
Min Hole             0      0      2      0      0      0      0
NS Metal             3      0      0      0      0      0      0
Recheck              1      0    796      0    367     22      5
Short                0      1    937      1    216      3      0
[INFO DRT-0267] cpu time = 00:02:07, elapsed time = 00:01:09, memory = 3133.51 (MB), peak = 3133.51 (MB)
Total wire length = 484773 um.
Total wire length on LAYER li1 = 0 um.
Total wire length on LAYER met1 = 216286 um.
Total wire length on LAYER met2 = 245133 um.
Total wire length on LAYER met3 = 12200 um.
Total wire length on LAYER met4 = 11154 um.
Total wire length on LAYER met5 = 0 um.
Total number of vias = 50010.
Up-via summary (total 50010):

------------------------
 FR_MASTERSLICE        0
            li1    23517
           met1    25561
           met2      663
           met3      269
           met4        0
------------------------
                   50010


[INFO DRT-0195] Start 1st optimization iteration.
    Completing 10% with 3002 violations.
    elapsed time = 00:00:03, memory = 3133.51 (MB).
    Completing 20% with 3002 violations.
    elapsed time = 00:00:08, memory = 3133.51 (MB).
    Completing 30% with 2271 violations.
    elapsed time = 00:00:17, memory = 3133.51 (MB).
    Completing 40% with 2271 violations.
    elapsed time = 00:00:21, memory = 3133.51 (MB).
    Completing 50% with 2271 violations.
    elapsed time = 00:00:29, memory = 3133.51 (MB).
    Completing 60% with 1669 violations.
    elapsed time = 00:00:36, memory = 3133.51 (MB).
    Completing 70% with 1669 violations.
    elapsed time = 00:00:41, memory = 3133.51 (MB).
    Completing 80% with 1079 violations.
    elapsed time = 00:00:50, memory = 3104.28 (MB).
    Completing 90% with 1079 violations.
    elapsed time = 00:00:55, memory = 3104.28 (MB).
    Completing 100% with 511 violations.
    elapsed time = 00:01:05, memory = 3104.28 (MB).
[INFO DRT-0199]   Number of violations = 511.
Viol/Layer        met1   met2
Metal Spacing       76     40
Short              342     53
[INFO DRT-0267] cpu time = 00:02:01, elapsed time = 00:01:06, memory = 3106.40 (MB), peak = 3133.51 (MB)
Total wire length = 483336 um.
Total wire length on LAYER li1 = 0 um.
Total wire length on LAYER met1 = 216070 um.
Total wire length on LAYER met2 = 243918 um.
Total wire length on LAYER met3 = 12202 um.
Total wire length on LAYER met4 = 11144 um.
Total wire length on LAYER met5 = 0 um.
Total number of vias = 49945.
Up-via summary (total 49945):

------------------------
 FR_MASTERSLICE        0
            li1    23513
           met1    25486
           met2      673
           met3      273
           met4        0
------------------------
                   49945


[INFO DRT-0195] Start 2nd optimization iteration.
    Completing 10% with 511 violations.
    elapsed time = 00:00:00, memory = 3106.40 (MB).
    Completing 20% with 511 violations.
    elapsed time = 00:00:01, memory = 3106.40 (MB).
    Completing 30% with 452 violations.
    elapsed time = 00:00:05, memory = 3106.40 (MB).
    Completing 40% with 452 violations.
    elapsed time = 00:00:05, memory = 3106.40 (MB).
    Completing 50% with 452 violations.
    elapsed time = 00:00:09, memory = 3106.40 (MB).
    Completing 60% with 407 violations.
    elapsed time = 00:00:09, memory = 3106.40 (MB).
    Completing 70% with 407 violations.
    elapsed time = 00:00:10, memory = 3106.40 (MB).
    Completing 80% with 353 violations.
    elapsed time = 00:00:13, memory = 3106.40 (MB).
    Completing 90% with 353 violations.
    elapsed time = 00:00:13, memory = 3106.40 (MB).
    Completing 100% with 381 violations.
    elapsed time = 00:00:18, memory = 3106.40 (MB).
[INFO DRT-0199]   Number of violations = 381.
Viol/Layer        met1   met2   met3
Metal Spacing       65     29      1
Short              249     37      0
[INFO DRT-0267] cpu time = 00:00:37, elapsed time = 00:00:18, memory = 3106.40 (MB), peak = 3133.51 (MB)
Total wire length = 482694 um.
Total wire length on LAYER li1 = 0 um.
Total wire length on LAYER met1 = 215964 um.
Total wire length on LAYER met2 = 243519 um.
Total wire length on LAYER met3 = 12082 um.
Total wire length on LAYER met4 = 11127 um.
Total wire length on LAYER met5 = 0 um.
Total number of vias = 49928.
Up-via summary (total 49928):

------------------------
 FR_MASTERSLICE        0
            li1    23513
           met1    25505
           met2      647
           met3      263
           met4        0
------------------------
                   49928


[INFO DRT-0195] Start 3rd optimization iteration.
    Completing 10% with 381 violations.
    elapsed time = 00:00:00, memory = 3106.40 (MB).
    Completing 20% with 381 violations.
    elapsed time = 00:00:00, memory = 3106.40 (MB).
    Completing 30% with 274 violations.
    elapsed time = 00:00:03, memory = 3106.40 (MB).
    Completing 40% with 274 violations.
    elapsed time = 00:00:03, memory = 3106.40 (MB).
    Completing 50% with 274 violations.
    elapsed time = 00:00:04, memory = 3106.40 (MB).
    Completing 60% with 196 violations.
    elapsed time = 00:00:05, memory = 3106.40 (MB).
    Completing 70% with 196 violations.
    elapsed time = 00:00:05, memory = 3106.40 (MB).
    Completing 80% with 97 violations.
    elapsed time = 00:00:07, memory = 3106.40 (MB).
    Completing 90% with 97 violations.
    elapsed time = 00:00:07, memory = 3106.40 (MB).
    Completing 100% with 10 violations.
    elapsed time = 00:00:09, memory = 3106.40 (MB).
[INFO DRT-0199]   Number of violations = 10.
Viol/Layer        met1
Metal Spacing        2
Short                8
[INFO DRT-0267] cpu time = 00:00:19, elapsed time = 00:00:10, memory = 3106.40 (MB), peak = 3133.51 (MB)
Total wire length = 482584 um.
Total wire length on LAYER li1 = 0 um.
Total wire length on LAYER met1 = 215117 um.
Total wire length on LAYER met2 = 243454 um.
Total wire length on LAYER met3 = 12796 um.
Total wire length on LAYER met4 = 11216 um.
Total wire length on LAYER met5 = 0 um.
Total number of vias = 50173.
Up-via summary (total 50173):

------------------------
 FR_MASTERSLICE        0
            li1    23513
           met1    25615
           met2      777
           met3      268
           met4        0
------------------------
                   50173


[INFO DRT-0195] Start 4th optimization iteration.
    Completing 10% with 10 violations.
    elapsed time = 00:00:00, memory = 3106.40 (MB).
    Completing 20% with 10 violations.
    elapsed time = 00:00:00, memory = 3106.40 (MB).
    Completing 30% with 9 violations.
    elapsed time = 00:00:00, memory = 3106.40 (MB).
    Completing 40% with 9 violations.
    elapsed time = 00:00:00, memory = 3106.40 (MB).
    Completing 50% with 9 violations.
    elapsed time = 00:00:00, memory = 3106.40 (MB).
    Completing 60% with 6 violations.
    elapsed time = 00:00:00, memory = 3106.40 (MB).
    Completing 70% with 6 violations.
    elapsed time = 00:00:00, memory = 3106.40 (MB).
    Completing 80% with 5 violations.
    elapsed time = 00:00:00, memory = 3106.40 (MB).
    Completing 90% with 5 violations.
    elapsed time = 00:00:00, memory = 3106.40 (MB).
    Completing 100% with 0 violations.
    elapsed time = 00:00:00, memory = 3106.40 (MB).
[INFO DRT-0199]   Number of violations = 0.
[INFO DRT-0267] cpu time = 00:00:01, elapsed time = 00:00:00, memory = 3106.40 (MB), peak = 3133.51 (MB)
Total wire length = 482579 um.
Total wire length on LAYER li1 = 0 um.
Total wire length on LAYER met1 = 215122 um.
Total wire length on LAYER met2 = 243456 um.
Total wire length on LAYER met3 = 12784 um.
Total wire length on LAYER met4 = 11216 um.
Total wire length on LAYER met5 = 0 um.
Total number of vias = 50184.
Up-via summary (total 50184):

------------------------
 FR_MASTERSLICE        0
            li1    23513
           met1    25625
           met2      778
           met3      268
           met4        0
------------------------
                   50184


[INFO DRT-0198] Complete detail routing.
Total wire length = 482579 um.
Total wire length on LAYER li1 = 0 um.
Total wire length on LAYER met1 = 215122 um.
Total wire length on LAYER met2 = 243456 um.
Total wire length on LAYER met3 = 12784 um.
Total wire length on LAYER met4 = 11216 um.
Total wire length on LAYER met5 = 0 um.
Total number of vias = 50184.
Up-via summary (total 50184):

------------------------
 FR_MASTERSLICE        0
            li1    23513
           met1    25625
           met2      778
           met3      268
           met4        0
------------------------
                   50184


[INFO DRT-0267] cpu time = 00:05:06, elapsed time = 00:02:44, memory = 3106.40 (MB), peak = 3133.51 (MB)

[INFO DRT-0180] Post processing.
Setting global connections for newly added cells…
Writing OpenROAD database to '/openlane/designs/register_alu/runs/RUN_2025.05.31_04.05.36/results/routing/register_alu.odb'…
Writing netlist to '/openlane/designs/register_alu/runs/RUN_2025.05.31_04.05.36/results/routing/register_alu.nl.v'…
Writing powered netlist to '/openlane/designs/register_alu/runs/RUN_2025.05.31_04.05.36/results/routing/register_alu.pnl.v'…
Writing layout to '/openlane/designs/register_alu/runs/RUN_2025.05.31_04.05.36/results/routing/register_alu.def'…
