OpenROAD b16bda7e82721d10566ff7e2b68f1ff0be9f9e38 
Features included (+) or not (-): +Charts +GPU +GUI +Python
This program is licensed under the BSD-3 license. See the LICENSE file for details.
Components of this program may be licensed under more restrictive licenses which must be honored.
define_corners Typical
read_liberty -corner Typical /home/briandeniz/.volare/sky130A/libs.ref/sky130_fd_sc_hd/lib/sky130_fd_sc_hd__tt_025C_1v80.lib
Using 1e-12 for capacitance...
Using 1e+03 for resistance...
Using 1e-09 for time...
Using 1e+00 for voltage...
Using 1e-03 for current...
Using 1e-09 for power...
Using 1e-06 for distance...
[INFO]: Reading ODB at '/openlane/designs/TopCPU/runs/RUN_2025.06.04_20.13.44/results/floorplan/TopCPU.odb'…
Reading design constraints file at '/openlane/designs/TopCPU/src/TopCPU.sdc'…
[INFO]: Setting RC values...
[INFO]: Setting signal min routing layer to: met1 and clock min routing layer to met3. 
[INFO]: Setting signal max routing layer to: met5 and clock max routing layer to met5. 
[INFO GPL-0002] DBU: 1000
[INFO GPL-0003] SiteSize: (  0.460  2.720 ) um
[INFO GPL-0004] CoreBBox: (  5.520 10.880 ) ( 1494.080 1787.040 ) um
[INFO GPL-0006] NumInstances:             40507
[INFO GPL-0007] NumPlaceInstances:         1539
[INFO GPL-0008] NumFixedInstances:        38968
[INFO GPL-0009] NumDummyInstances:            0
[INFO GPL-0010] NumNets:                   1542
[INFO GPL-0011] NumPins:                   5034
[INFO GPL-0012] DieBBox:  (  0.000  0.000 ) ( 1500.000 1800.000 ) um
[INFO GPL-0013] CoreBBox: (  5.520 10.880 ) ( 1494.080 1787.040 ) um
[INFO GPL-0016] CoreArea:            2643920.730 um^2
[INFO GPL-0017] NonPlaceInstsArea:    52024.896 um^2
[INFO GPL-0018] PlaceInstsArea:       14515.171 um^2
[INFO GPL-0019] Util:                     0.560 %
[INFO GPL-0020] StdInstsArea:         14515.171 um^2
[INFO GPL-0021] MacroInstsArea:           0.000 um^2
[InitialPlace]  Iter: 1 CG residual: 0.00000512 HPWL: 32780850
[InitialPlace]  Iter: 2 CG residual: 0.00000011 HPWL: 24558481
[InitialPlace]  Iter: 3 CG residual: 0.00000007 HPWL: 24329374
[InitialPlace]  Iter: 4 CG residual: 0.00000010 HPWL: 23425569
[InitialPlace]  Iter: 5 CG residual: 0.00000004 HPWL: 21721939
[INFO GPL-0031] FillerInit:NumGCells:     57117
[INFO GPL-0032] FillerInit:NumGNets:       1542
[INFO GPL-0033] FillerInit:NumGPins:       5034
[INFO GPL-0023] TargetDensity:            0.200
[INFO GPL-0024] AvrgPlaceInstArea:        9.432 um^2
[INFO GPL-0025] IdealBinArea:            47.158 um^2
[INFO GPL-0026] IdealBinCnt:              56065
[INFO GPL-0027] TotalBinArea:        2643920.730 um^2
[INFO GPL-0028] BinCnt:       128    128
[INFO GPL-0029] BinSize: ( 11.630 13.877 )
[INFO GPL-0030] NumBins: 16384
[NesterovSolve] Iter:    1 overflow: 0.983 HPWL: 12217317
[NesterovSolve] Iter:   10 overflow: 0.919 HPWL: 19470866
[NesterovSolve] Iter:   20 overflow: 0.912 HPWL: 20583063
[NesterovSolve] Iter:   30 overflow: 0.910 HPWL: 20851872
[NesterovSolve] Iter:   40 overflow: 0.908 HPWL: 20571774
[NesterovSolve] Iter:   50 overflow: 0.912 HPWL: 20482659
[NesterovSolve] Iter:   60 overflow: 0.909 HPWL: 20655947
[NesterovSolve] Iter:   70 overflow: 0.911 HPWL: 20714442
[NesterovSolve] Iter:   80 overflow: 0.908 HPWL: 20742269
[NesterovSolve] Iter:   90 overflow: 0.911 HPWL: 20824945
[NesterovSolve] Iter:  100 overflow: 0.906 HPWL: 20914529
[NesterovSolve] Iter:  110 overflow: 0.908 HPWL: 20999722
[NesterovSolve] Iter:  120 overflow: 0.906 HPWL: 21073425
[NesterovSolve] Iter:  130 overflow: 0.908 HPWL: 21203649
[NesterovSolve] Iter:  140 overflow: 0.905 HPWL: 21313229
[NesterovSolve] Iter:  150 overflow: 0.908 HPWL: 21466606
[NesterovSolve] Iter:  160 overflow: 0.905 HPWL: 21718180
[NesterovSolve] Iter:  170 overflow: 0.903 HPWL: 22056604
[NesterovSolve] Iter:  180 overflow: 0.902 HPWL: 22709239
[NesterovSolve] Iter:  190 overflow: 0.896 HPWL: 23937160
[NesterovSolve] Iter:  200 overflow: 0.886 HPWL: 25289219
[NesterovSolve] Iter:  210 overflow: 0.874 HPWL: 26478629
[NesterovSolve] Iter:  220 overflow: 0.856 HPWL: 27623593
[NesterovSolve] Iter:  230 overflow: 0.831 HPWL: 29319974
[NesterovSolve] Iter:  240 overflow: 0.809 HPWL: 31249827
[INFO GPL-0100] worst slack 3.18e-09
[INFO GPL-0103] Weighted 153 nets.
[NesterovSolve] Iter:  250 overflow: 0.777 HPWL: 33024130
[NesterovSolve] Iter:  260 overflow: 0.744 HPWL: 34290400
[NesterovSolve] Iter:  270 overflow: 0.698 HPWL: 36574721
[NesterovSolve] Iter:  280 overflow: 0.659 HPWL: 38456767
[INFO GPL-0100] worst slack 2.96e-09
[INFO GPL-0103] Weighted 152 nets.
[NesterovSolve] Iter:  290 overflow: 0.610 HPWL: 40174437
[NesterovSolve] Snapshot saved at iter = 292
[NesterovSolve] Iter:  300 overflow: 0.563 HPWL: 41798085
[NesterovSolve] Iter:  310 overflow: 0.507 HPWL: 43693861
[INFO GPL-0100] worst slack 2.95e-09
[INFO GPL-0103] Weighted 152 nets.
[NesterovSolve] Iter:  320 overflow: 0.453 HPWL: 45566292
[NesterovSolve] Iter:  330 overflow: 0.400 HPWL: 46839794
[NesterovSolve] Iter:  340 overflow: 0.337 HPWL: 48546855
[NesterovSolve] Iter:  350 overflow: 0.297 HPWL: 49486888
[INFO GPL-0100] worst slack 2.87e-09
[INFO GPL-0103] Weighted 153 nets.
[NesterovSolve] Iter:  360 overflow: 0.261 HPWL: 50864680
[NesterovSolve] Iter:  370 overflow: 0.228 HPWL: 51793390
[INFO GPL-0100] worst slack 2.91e-09
[INFO GPL-0103] Weighted 153 nets.
[INFO GPL-0075] Routability numCall: 1 inflationIterCnt: 1 bloatIterCnt: 0
[INFO GPL-0036] TileBBox: (    0    0 ) ( 6900 6900 ) DBU
[INFO GPL-0038] TileCnt:     217  260
[INFO GPL-0039] numRoutingLayers: 6
[INFO GPL-0040] NumTiles: 56420
[INFO GPL-0063] TotalRouteOverflowH2: 0
[INFO GPL-0064] TotalRouteOverflowV2: 0.06666672229766846
[INFO GPL-0065] OverflowTileCnt2: 1
[INFO GPL-0066] 0.5%RC: 0.7558
[INFO GPL-0067] 1.0%RC: 0.6984
[INFO GPL-0068] 2.0%RC: 0.6826
[INFO GPL-0069] 5.0%RC: 0.6730
[INFO GPL-0070] 0.5rcK: 1
[INFO GPL-0071] 1.0rcK: 1
[INFO GPL-0072] 2.0rcK: 0
[INFO GPL-0073] 5.0rcK: 0
[INFO GPL-0074] FinalRC: 0.7271
[INFO GPL-0077] FinalRC lower than targetRC(1), routability not needed.
[NesterovSolve] Iter:  380 overflow: 0.189 HPWL: 52704968
[NesterovSolve] Iter:  390 overflow: 0.164 HPWL: 53592918
[INFO GPL-0100] worst slack 2.9e-09
[INFO GPL-0103] Weighted 153 nets.
[NesterovSolve] Iter:  400 overflow: 0.139 HPWL: 54162941
[NesterovSolve] Iter:  410 overflow: 0.119 HPWL: 54768917
[NesterovSolve] Iter:  420 overflow: 0.105 HPWL: 55210493
[NesterovSolve] Finished with Overflow: 0.099496
Setting global connections for newly added cells…
Writing OpenROAD database to '/openlane/designs/TopCPU/runs/RUN_2025.06.04_20.13.44/tmp/placement/7-global.odb'…
Writing netlist to '/openlane/designs/TopCPU/runs/RUN_2025.06.04_20.13.44/tmp/placement/7-global.nl.v'…
Writing powered netlist to '/openlane/designs/TopCPU/runs/RUN_2025.06.04_20.13.44/tmp/placement/7-global.pnl.v'…
Writing layout to '/openlane/designs/TopCPU/runs/RUN_2025.06.04_20.13.44/tmp/placement/7-global.def'…
