
 /----------------------------------------------------------------------------\
 |                                                                            |
 |  yosys -- Yosys Open SYnthesis Suite                                       |
 |                                                                            |
 |  Copyright (C) 2012 - 2020  Claire Xenia Wolf <claire@yosyshq.com>         |
 |                                                                            |
 |  Permission to use, copy, modify, and/or distribute this software for any  |
 |  purpose with or without fee is hereby granted, provided that the above    |
 |  copyright notice and this permission notice appear in all copies.         |
 |                                                                            |
 |  THE SOFTWARE IS PROVIDED "AS IS" AND THE AUTHOR DISCLAIMS ALL WARRANTIES  |
 |  WITH REGARD TO THIS SOFTWARE INCLUDING ALL IMPLIED WARRANTIES OF          |
 |  MERCHANTABILITY AND FITNESS. IN NO EVENT SHALL THE AUTHOR BE LIABLE FOR   |
 |  ANY SPECIAL, DIRECT, INDIRECT, OR CONSEQUENTIAL DAMAGES OR ANY DAMAGES    |
 |  WHATSOEVER RESULTING FROM LOSS OF USE, DATA OR PROFITS, WHETHER IN AN     |
 |  ACTION OF CONTRACT, NEGLIGENCE OR OTHER TORTIOUS ACTION, ARISING OUT OF   |
 |  OR IN CONNECTION WITH THE USE OR PERFORMANCE OF THIS SOFTWARE.            |
 |                                                                            |
 \----------------------------------------------------------------------------/

 Yosys 0.38 (git sha1 543faed9c8c, clang++ 17.0.6 -fPIC -Os)

[TCL: yosys -import] Command name collision: found pre-existing command `cd' -> skip.
[TCL: yosys -import] Command name collision: found pre-existing command `eval' -> skip.
[TCL: yosys -import] Command name collision: found pre-existing command `exec' -> skip.
[TCL: yosys -import] Command name collision: found pre-existing command `read' -> skip.
[TCL: yosys -import] Command name collision: found pre-existing command `trace' -> skip.

1. Executing Liberty frontend: /home/briandeniz/.volare/sky130A/libs.ref/sky130_fd_sc_hd/lib/sky130_fd_sc_hd__tt_025C_1v80.lib
Imported 428 cell types from liberty file.

2. Executing Verilog-2005 frontend: /openlane/designs/TopCPU/src/TopCPU.v
Parsing SystemVerilog input from `/openlane/designs/TopCPU/src/TopCPU.v' to AST representation.
Storing AST representation for module `$abstract\TopCPU'.
Successfully finished Verilog frontend.

3. Executing Verilog-2005 frontend: /openlane/designs/TopCPU/src/InstructionMemory.v
Parsing SystemVerilog input from `/openlane/designs/TopCPU/src/InstructionMemory.v' to AST representation.
Storing AST representation for module `$abstract\InstructionMemory'.
Successfully finished Verilog frontend.

4. Executing Verilog-2005 frontend: /openlane/designs/TopCPU/src/RegisterFile.v
Parsing SystemVerilog input from `/openlane/designs/TopCPU/src/RegisterFile.v' to AST representation.
Storing AST representation for module `$abstract\RegisterFile'.
Successfully finished Verilog frontend.

5. Executing Verilog-2005 frontend: /openlane/designs/TopCPU/src/InstructionDecoder.v
Parsing SystemVerilog input from `/openlane/designs/TopCPU/src/InstructionDecoder.v' to AST representation.
Storing AST representation for module `$abstract\InstructionDecoder'.
Successfully finished Verilog frontend.

6. Executing Verilog-2005 frontend: /openlane/designs/TopCPU/src/ALU.v
Parsing SystemVerilog input from `/openlane/designs/TopCPU/src/ALU.v' to AST representation.
Storing AST representation for module `$abstract\ALU'.
Successfully finished Verilog frontend.

7. Executing HIERARCHY pass (managing design hierarchy).

8. Executing AST frontend in derive mode using pre-parsed AST for module `\TopCPU'.
Generating RTLIL representation for module `\TopCPU'.

8.1. Analyzing design hierarchy..
Top module:  \TopCPU

8.2. Executing AST frontend in derive mode using pre-parsed AST for module `\ALU'.
Generating RTLIL representation for module `\ALU'.

8.3. Executing AST frontend in derive mode using pre-parsed AST for module `\RegisterFile'.
Generating RTLIL representation for module `\RegisterFile'.

8.4. Executing AST frontend in derive mode using pre-parsed AST for module `\InstructionDecoder'.
Generating RTLIL representation for module `\InstructionDecoder'.

8.5. Executing AST frontend in derive mode using pre-parsed AST for module `\InstructionMemory'.
Generating RTLIL representation for module `\InstructionMemory'.

8.6. Analyzing design hierarchy..
Top module:  \TopCPU
Used module:     \ALU
Used module:     \RegisterFile
Used module:     \InstructionDecoder
Used module:     \InstructionMemory

8.7. Analyzing design hierarchy..
Top module:  \TopCPU
Used module:     \ALU
Used module:     \RegisterFile
Used module:     \InstructionDecoder
Used module:     \InstructionMemory
Removing unused module `$abstract\ALU'.
Removing unused module `$abstract\InstructionDecoder'.
Removing unused module `$abstract\RegisterFile'.
Removing unused module `$abstract\InstructionMemory'.
Removing unused module `$abstract\TopCPU'.
Removed 5 unused modules.
Mapping positional arguments of cell TopCPU.alu (ALU).
Mapping positional arguments of cell TopCPU.regfile (RegisterFile).
Mapping positional arguments of cell TopCPU.decoder (InstructionDecoder).
Mapping positional arguments of cell TopCPU.imem (InstructionMemory).

9. Generating Graphviz representation of design.
Writing dot description to `/openlane/designs/TopCPU/runs/RUN_2025.06.04_20.13.44/tmp/synthesis/hierarchy.dot'.
Dumping module TopCPU to page 1.
Renaming module TopCPU to TopCPU.

10. Executing TRIBUF pass.

11. Executing HIERARCHY pass (managing design hierarchy).

11.1. Analyzing design hierarchy..
Top module:  \TopCPU
Used module:     \ALU
Used module:     \RegisterFile
Used module:     \InstructionDecoder
Used module:     \InstructionMemory

11.2. Analyzing design hierarchy..
Top module:  \TopCPU
Used module:     \ALU
Used module:     \RegisterFile
Used module:     \InstructionDecoder
Used module:     \InstructionMemory
Removed 0 unused modules.

12. Executing PROC_CLEAN pass (remove empty switches from decision trees).
Cleaned up 0 empty switches.

13. Executing PROC_RMDEAD pass (remove dead branches from decision trees).
Marked 1 switch rules as full_case in process $proc$/openlane/designs/TopCPU/src/TopCPU.v:27$1 in module TopCPU.
Marked 1 switch rules as full_case in process $proc$/openlane/designs/TopCPU/src/InstructionDecoder.v:10$25 in module InstructionDecoder.
Marked 1 switch rules as full_case in process $proc$/openlane/designs/TopCPU/src/RegisterFile.v:16$18 in module RegisterFile.
Removed 1 dead cases from process $proc$/openlane/designs/TopCPU/src/ALU.v:7$8 in module ALU.
Marked 1 switch rules as full_case in process $proc$/openlane/designs/TopCPU/src/ALU.v:7$8 in module ALU.
Marked 1 switch rules as full_case in process $proc$/openlane/designs/TopCPU/src/InstructionMemory.v:5$26 in module InstructionMemory.
Removed a total of 1 dead cases.

14. Executing PROC_PRUNE pass (remove redundant assignments in processes).
Removed 0 redundant assignments.
Promoted 13 assignments to connections.

15. Executing PROC_INIT pass (extract init attributes).

16. Executing PROC_ARST pass (detect async resets in processes).
Found async reset \reset in `\TopCPU.$proc$/openlane/designs/TopCPU/src/TopCPU.v:27$1'.

17. Executing PROC_ROM pass (convert switches to ROMs).
Converted 0 switches.
<suppressed ~5 debug messages>

18. Executing PROC_MUX pass (convert decision trees to multiplexers).
Creating decoders for process `\TopCPU.$proc$/openlane/designs/TopCPU/src/TopCPU.v:34$3'.
Creating decoders for process `\TopCPU.$proc$/openlane/designs/TopCPU/src/TopCPU.v:27$1'.
     1/1: $0\pc[4:0]
Creating decoders for process `\InstructionDecoder.$proc$/openlane/designs/TopCPU/src/InstructionDecoder.v:10$25'.
     1/2: $1\ALUop[2:0]
     2/2: $1\isImmediateOp[0:0]
Creating decoders for process `\RegisterFile.$proc$/openlane/designs/TopCPU/src/RegisterFile.v:16$18'.
     1/3: $1$memwr$\regfile$/openlane/designs/TopCPU/src/RegisterFile.v:18$15_EN[31:0]$24
     2/3: $1$memwr$\regfile$/openlane/designs/TopCPU/src/RegisterFile.v:18$15_DATA[31:0]$23
     3/3: $1$memwr$\regfile$/openlane/designs/TopCPU/src/RegisterFile.v:18$15_ADDR[4:0]$22
Creating decoders for process `\ALU.$proc$/openlane/designs/TopCPU/src/ALU.v:7$8'.
     1/1: $1\Result[31:0]
Creating decoders for process `\InstructionMemory.$proc$/openlane/designs/TopCPU/src/InstructionMemory.v:5$26'.
     1/1: $1\instruction[31:0]

19. Executing PROC_DLATCH pass (convert process syncs to latches).
No latch inferred for signal `\TopCPU.\B_input' from process `\TopCPU.$proc$/openlane/designs/TopCPU/src/TopCPU.v:34$3'.
No latch inferred for signal `\TopCPU.\we' from process `\TopCPU.$proc$/openlane/designs/TopCPU/src/TopCPU.v:34$3'.
No latch inferred for signal `\InstructionDecoder.\ALUop' from process `\InstructionDecoder.$proc$/openlane/designs/TopCPU/src/InstructionDecoder.v:10$25'.
No latch inferred for signal `\InstructionDecoder.\rd' from process `\InstructionDecoder.$proc$/openlane/designs/TopCPU/src/InstructionDecoder.v:10$25'.
No latch inferred for signal `\InstructionDecoder.\rs1' from process `\InstructionDecoder.$proc$/openlane/designs/TopCPU/src/InstructionDecoder.v:10$25'.
No latch inferred for signal `\InstructionDecoder.\rs2' from process `\InstructionDecoder.$proc$/openlane/designs/TopCPU/src/InstructionDecoder.v:10$25'.
No latch inferred for signal `\InstructionDecoder.\immediate' from process `\InstructionDecoder.$proc$/openlane/designs/TopCPU/src/InstructionDecoder.v:10$25'.
No latch inferred for signal `\InstructionDecoder.\isImmediateOp' from process `\InstructionDecoder.$proc$/openlane/designs/TopCPU/src/InstructionDecoder.v:10$25'.
No latch inferred for signal `\ALU.\Result' from process `\ALU.$proc$/openlane/designs/TopCPU/src/ALU.v:7$8'.
No latch inferred for signal `\InstructionMemory.\instruction' from process `\InstructionMemory.$proc$/openlane/designs/TopCPU/src/InstructionMemory.v:5$26'.

20. Executing PROC_DFF pass (convert process syncs to FFs).
Creating register for signal `\TopCPU.\pc' using process `\TopCPU.$proc$/openlane/designs/TopCPU/src/TopCPU.v:27$1'.
  created $adff cell `$procdff$67' with positive edge clock and positive level reset.
Creating register for signal `\RegisterFile.$memwr$\regfile$/openlane/designs/TopCPU/src/RegisterFile.v:18$15_ADDR' using process `\RegisterFile.$proc$/openlane/designs/TopCPU/src/RegisterFile.v:16$18'.
  created $dff cell `$procdff$68' with positive edge clock.
Creating register for signal `\RegisterFile.$memwr$\regfile$/openlane/designs/TopCPU/src/RegisterFile.v:18$15_DATA' using process `\RegisterFile.$proc$/openlane/designs/TopCPU/src/RegisterFile.v:16$18'.
  created $dff cell `$procdff$69' with positive edge clock.
Creating register for signal `\RegisterFile.$memwr$\regfile$/openlane/designs/TopCPU/src/RegisterFile.v:18$15_EN' using process `\RegisterFile.$proc$/openlane/designs/TopCPU/src/RegisterFile.v:16$18'.
  created $dff cell `$procdff$70' with positive edge clock.

21. Executing PROC_MEMWR pass (convert process memory writes to cells).

22. Executing PROC_CLEAN pass (remove empty switches from decision trees).
Removing empty process `TopCPU.$proc$/openlane/designs/TopCPU/src/TopCPU.v:34$3'.
Found and cleaned up 1 empty switch in `\TopCPU.$proc$/openlane/designs/TopCPU/src/TopCPU.v:27$1'.
Removing empty process `TopCPU.$proc$/openlane/designs/TopCPU/src/TopCPU.v:27$1'.
Found and cleaned up 1 empty switch in `\InstructionDecoder.$proc$/openlane/designs/TopCPU/src/InstructionDecoder.v:10$25'.
Removing empty process `InstructionDecoder.$proc$/openlane/designs/TopCPU/src/InstructionDecoder.v:10$25'.
Found and cleaned up 1 empty switch in `\RegisterFile.$proc$/openlane/designs/TopCPU/src/RegisterFile.v:16$18'.
Removing empty process `RegisterFile.$proc$/openlane/designs/TopCPU/src/RegisterFile.v:16$18'.
Found and cleaned up 1 empty switch in `\ALU.$proc$/openlane/designs/TopCPU/src/ALU.v:7$8'.
Removing empty process `ALU.$proc$/openlane/designs/TopCPU/src/ALU.v:7$8'.
Found and cleaned up 1 empty switch in `\InstructionMemory.$proc$/openlane/designs/TopCPU/src/InstructionMemory.v:5$26'.
Removing empty process `InstructionMemory.$proc$/openlane/designs/TopCPU/src/InstructionMemory.v:5$26'.
Cleaned up 5 empty switches.

23. Executing CHECK pass (checking for obvious problems).
Checking module TopCPU...
Checking module InstructionDecoder...
Checking module RegisterFile...
Checking module ALU...
Checking module InstructionMemory...
Found and reported 0 problems.

24. Executing OPT_EXPR pass (perform const folding).
Optimizing module TopCPU.
<suppressed ~2 debug messages>
Optimizing module InstructionDecoder.
Optimizing module RegisterFile.
Optimizing module ALU.
<suppressed ~1 debug messages>
Optimizing module InstructionMemory.
<suppressed ~1 debug messages>

25. Executing FLATTEN pass (flatten design).
Deleting now unused module InstructionDecoder.
Deleting now unused module RegisterFile.
Deleting now unused module ALU.
Deleting now unused module InstructionMemory.
<suppressed ~4 debug messages>

26. Executing OPT_EXPR pass (perform const folding).
Optimizing module TopCPU.

27. Executing OPT_CLEAN pass (remove unused cells and wires).
Finding unused cells or wires in module \TopCPU..
Removed 3 unused cells and 36 unused wires.
<suppressed ~4 debug messages>

28. Executing OPT pass (performing simple optimizations).

28.1. Executing OPT_EXPR pass (perform const folding).
Optimizing module TopCPU.

28.2. Executing OPT_MERGE pass (detect identical cells).
Finding identical cells in module `\TopCPU'.
<suppressed ~12 debug messages>
Removed a total of 4 cells.

28.3. Executing OPT_MUXTREE pass (detect dead branches in mux trees).
Running muxtree optimizer on module \TopCPU..
  Creating internal representation of mux trees.
  Evaluating internal representation of mux trees.
  Analyzing evaluation results.
Removed 0 multiplexer ports.
<suppressed ~9 debug messages>

28.4. Executing OPT_REDUCE pass (consolidate $*mux and $reduce_* inputs).
  Optimizing cells in module \TopCPU.
    New ctrl vector for $pmux cell $flatten\decoder.$procmux$38: $auto$opt_reduce.cc:134:opt_pmux$73
    New ctrl vector for $pmux cell $flatten\alu.$procmux$50: { $auto$opt_reduce.cc:134:opt_pmux$79 $flatten\alu.$procmux$54_CMP $flatten\alu.$procmux$53_CMP $auto$opt_reduce.cc:134:opt_pmux$77 $auto$opt_reduce.cc:134:opt_pmux$75 }
    Consolidated identical input bits for $mux cell $flatten\regfile.$procmux$42:
      Old ports: A=0, B=32'11111111111111111111111111111111, Y=$flatten\regfile.$0$memwr$\regfile$/openlane/designs/TopCPU/src/RegisterFile.v:18$15_EN[31:0]$21
      New ports: A=1'0, B=1'1, Y=$flatten\regfile.$0$memwr$\regfile$/openlane/designs/TopCPU/src/RegisterFile.v:18$15_EN[31:0]$21 [0]
      New connections: $flatten\regfile.$0$memwr$\regfile$/openlane/designs/TopCPU/src/RegisterFile.v:18$15_EN[31:0]$21 [31:1] = { $flatten\regfile.$0$memwr$\regfile$/openlane/designs/TopCPU/src/RegisterFile.v:18$15_EN[31:0]$21 [0] $flatten\regfile.$0$memwr$\regfile$/openlane/designs/TopCPU/src/RegisterFile.v:18$15_EN[31:0]$21 [0] $flatten\regfile.$0$memwr$\regfile$/openlane/designs/TopCPU/src/RegisterFile.v:18$15_EN[31:0]$21 [0] $flatten\regfile.$0$memwr$\regfile$/openlane/designs/TopCPU/src/RegisterFile.v:18$15_EN[31:0]$21 [0] $flatten\regfile.$0$memwr$\regfile$/openlane/designs/TopCPU/src/RegisterFile.v:18$15_EN[31:0]$21 [0] $flatten\regfile.$0$memwr$\regfile$/openlane/designs/TopCPU/src/RegisterFile.v:18$15_EN[31:0]$21 [0] $flatten\regfile.$0$memwr$\regfile$/openlane/designs/TopCPU/src/RegisterFile.v:18$15_EN[31:0]$21 [0] $flatten\regfile.$0$memwr$\regfile$/openlane/designs/TopCPU/src/RegisterFile.v:18$15_EN[31:0]$21 [0] $flatten\regfile.$0$memwr$\regfile$/openlane/designs/TopCPU/src/RegisterFile.v:18$15_EN[31:0]$21 [0] $flatten\regfile.$0$memwr$\regfile$/openlane/designs/TopCPU/src/RegisterFile.v:18$15_EN[31:0]$21 [0] $flatten\regfile.$0$memwr$\regfile$/openlane/designs/TopCPU/src/RegisterFile.v:18$15_EN[31:0]$21 [0] $flatten\regfile.$0$memwr$\regfile$/openlane/designs/TopCPU/src/RegisterFile.v:18$15_EN[31:0]$21 [0] $flatten\regfile.$0$memwr$\regfile$/openlane/designs/TopCPU/src/RegisterFile.v:18$15_EN[31:0]$21 [0] $flatten\regfile.$0$memwr$\regfile$/openlane/designs/TopCPU/src/RegisterFile.v:18$15_EN[31:0]$21 [0] $flatten\regfile.$0$memwr$\regfile$/openlane/designs/TopCPU/src/RegisterFile.v:18$15_EN[31:0]$21 [0] $flatten\regfile.$0$memwr$\regfile$/openlane/designs/TopCPU/src/RegisterFile.v:18$15_EN[31:0]$21 [0] $flatten\regfile.$0$memwr$\regfile$/openlane/designs/TopCPU/src/RegisterFile.v:18$15_EN[31:0]$21 [0] $flatten\regfile.$0$memwr$\regfile$/openlane/designs/TopCPU/src/RegisterFile.v:18$15_EN[31:0]$21 [0] $flatten\regfile.$0$memwr$\regfile$/openlane/designs/TopCPU/src/RegisterFile.v:18$15_EN[31:0]$21 [0] $flatten\regfile.$0$memwr$\regfile$/openlane/designs/TopCPU/src/RegisterFile.v:18$15_EN[31:0]$21 [0] $flatten\regfile.$0$memwr$\regfile$/openlane/designs/TopCPU/src/RegisterFile.v:18$15_EN[31:0]$21 [0] $flatten\regfile.$0$memwr$\regfile$/openlane/designs/TopCPU/src/RegisterFile.v:18$15_EN[31:0]$21 [0] $flatten\regfile.$0$memwr$\regfile$/openlane/designs/TopCPU/src/RegisterFile.v:18$15_EN[31:0]$21 [0] $flatten\regfile.$0$memwr$\regfile$/openlane/designs/TopCPU/src/RegisterFile.v:18$15_EN[31:0]$21 [0] $flatten\regfile.$0$memwr$\regfile$/openlane/designs/TopCPU/src/RegisterFile.v:18$15_EN[31:0]$21 [0] $flatten\regfile.$0$memwr$\regfile$/openlane/designs/TopCPU/src/RegisterFile.v:18$15_EN[31:0]$21 [0] $flatten\regfile.$0$memwr$\regfile$/openlane/designs/TopCPU/src/RegisterFile.v:18$15_EN[31:0]$21 [0] $flatten\regfile.$0$memwr$\regfile$/openlane/designs/TopCPU/src/RegisterFile.v:18$15_EN[31:0]$21 [0] $flatten\regfile.$0$memwr$\regfile$/openlane/designs/TopCPU/src/RegisterFile.v:18$15_EN[31:0]$21 [0] $flatten\regfile.$0$memwr$\regfile$/openlane/designs/TopCPU/src/RegisterFile.v:18$15_EN[31:0]$21 [0] $flatten\regfile.$0$memwr$\regfile$/openlane/designs/TopCPU/src/RegisterFile.v:18$15_EN[31:0]$21 [0] }
  Optimizing cells in module \TopCPU.
Performed a total of 3 changes.

28.5. Executing OPT_MERGE pass (detect identical cells).
Finding identical cells in module `\TopCPU'.
Removed a total of 0 cells.

28.6. Executing OPT_DFF pass (perform DFF optimizations).

28.7. Executing OPT_CLEAN pass (remove unused cells and wires).
Finding unused cells or wires in module \TopCPU..
Removed 0 unused cells and 4 unused wires.
<suppressed ~1 debug messages>

28.8. Executing OPT_EXPR pass (perform const folding).
Optimizing module TopCPU.

28.9. Rerunning OPT passes. (Maybe there is more to do..)

28.10. Executing OPT_MUXTREE pass (detect dead branches in mux trees).
Running muxtree optimizer on module \TopCPU..
  Creating internal representation of mux trees.
  Evaluating internal representation of mux trees.
  Analyzing evaluation results.
Removed 0 multiplexer ports.
<suppressed ~9 debug messages>

28.11. Executing OPT_REDUCE pass (consolidate $*mux and $reduce_* inputs).
  Optimizing cells in module \TopCPU.
Performed a total of 0 changes.

28.12. Executing OPT_MERGE pass (detect identical cells).
Finding identical cells in module `\TopCPU'.
Removed a total of 0 cells.

28.13. Executing OPT_DFF pass (perform DFF optimizations).

28.14. Executing OPT_CLEAN pass (remove unused cells and wires).
Finding unused cells or wires in module \TopCPU..

28.15. Executing OPT_EXPR pass (perform const folding).
Optimizing module TopCPU.

28.16. Finished OPT passes. (There is nothing left to do.)

29. Executing FSM pass (extract and optimize FSM).

29.1. Executing FSM_DETECT pass (finding FSMs in design).

29.2. Executing FSM_EXTRACT pass (extracting FSM from design).

29.3. Executing FSM_OPT pass (simple optimizations of FSMs).

29.4. Executing OPT_CLEAN pass (remove unused cells and wires).
Finding unused cells or wires in module \TopCPU..

29.5. Executing FSM_OPT pass (simple optimizations of FSMs).

29.6. Executing FSM_RECODE pass (re-assigning FSM state encoding).

29.7. Executing FSM_INFO pass (dumping all available information on FSM cells).

29.8. Executing FSM_MAP pass (mapping FSMs to basic logic).

30. Executing OPT pass (performing simple optimizations).

30.1. Executing OPT_EXPR pass (perform const folding).
Optimizing module TopCPU.

30.2. Executing OPT_MERGE pass (detect identical cells).
Finding identical cells in module `\TopCPU'.
Removed a total of 0 cells.

30.3. Executing OPT_MUXTREE pass (detect dead branches in mux trees).
Running muxtree optimizer on module \TopCPU..
  Creating internal representation of mux trees.
  Evaluating internal representation of mux trees.
  Analyzing evaluation results.
Removed 0 multiplexer ports.
<suppressed ~9 debug messages>

30.4. Executing OPT_REDUCE pass (consolidate $*mux and $reduce_* inputs).
  Optimizing cells in module \TopCPU.
Performed a total of 0 changes.

30.5. Executing OPT_MERGE pass (detect identical cells).
Finding identical cells in module `\TopCPU'.
Removed a total of 0 cells.

30.6. Executing OPT_DFF pass (perform DFF optimizations).
Adding EN signal on $procdff$67 ($adff) from module TopCPU (D = $add$/openlane/designs/TopCPU/src/TopCPU.v:31$2_Y [4:0], Q = \pc).

30.7. Executing OPT_CLEAN pass (remove unused cells and wires).
Finding unused cells or wires in module \TopCPU..
Removed 1 unused cells and 1 unused wires.
<suppressed ~2 debug messages>

30.8. Executing OPT_EXPR pass (perform const folding).
Optimizing module TopCPU.

30.9. Rerunning OPT passes. (Maybe there is more to do..)

30.10. Executing OPT_MUXTREE pass (detect dead branches in mux trees).
Running muxtree optimizer on module \TopCPU..
  Creating internal representation of mux trees.
  Evaluating internal representation of mux trees.
  Analyzing evaluation results.
Removed 0 multiplexer ports.
<suppressed ~8 debug messages>

30.11. Executing OPT_REDUCE pass (consolidate $*mux and $reduce_* inputs).
  Optimizing cells in module \TopCPU.
Performed a total of 0 changes.

30.12. Executing OPT_MERGE pass (detect identical cells).
Finding identical cells in module `\TopCPU'.
Removed a total of 0 cells.

30.13. Executing OPT_DFF pass (perform DFF optimizations).

30.14. Executing OPT_CLEAN pass (remove unused cells and wires).
Finding unused cells or wires in module \TopCPU..

30.15. Executing OPT_EXPR pass (perform const folding).
Optimizing module TopCPU.

30.16. Finished OPT passes. (There is nothing left to do.)

31. Executing WREDUCE pass (reducing word size of cells).
Removed top 31 bits (of 32) from port B of cell TopCPU.$add$/openlane/designs/TopCPU/src/TopCPU.v:31$2 ($add).
Removed top 27 bits (of 32) from port Y of cell TopCPU.$add$/openlane/designs/TopCPU/src/TopCPU.v:31$2 ($add).
Removed top 4 bits (of 5) from port B of cell TopCPU.$flatten\imem.$procmux$65_CMP0 ($eq).
Removed top 3 bits (of 5) from port B of cell TopCPU.$flatten\imem.$procmux$64_CMP0 ($eq).
Removed top 3 bits (of 5) from port B of cell TopCPU.$flatten\imem.$procmux$63_CMP0 ($eq).
Removed top 2 bits (of 5) from port B of cell TopCPU.$flatten\imem.$procmux$62_CMP0 ($eq).
Removed top 2 bits (of 32) from mux cell TopCPU.$flatten\imem.$procmux$60 ($pmux).
Removed top 2 bits (of 5) from port B of cell TopCPU.$flatten\imem.$procmux$61_CMP0 ($eq).
Removed top 2 bits (of 4) from port A of cell TopCPU.$flatten\decoder.$procmux$36_CMP0 ($eq).
Removed top 3 bits (of 4) from port B of cell TopCPU.$flatten\decoder.$procmux$36_CMP0 ($eq).
Removed top 2 bits (of 4) from port A of cell TopCPU.$flatten\decoder.$procmux$35_CMP0 ($eq).
Removed top 2 bits (of 4) from port B of cell TopCPU.$flatten\decoder.$procmux$35_CMP0 ($eq).
Removed top 2 bits (of 4) from port A of cell TopCPU.$flatten\decoder.$procmux$34_CMP0 ($eq).
Removed top 2 bits (of 4) from port B of cell TopCPU.$flatten\decoder.$procmux$34_CMP0 ($eq).
Removed top 2 bits (of 4) from port A of cell TopCPU.$flatten\decoder.$procmux$33_CMP0 ($eq).
Removed top 1 bits (of 4) from port B of cell TopCPU.$flatten\decoder.$procmux$33_CMP0 ($eq).
Removed top 2 bits (of 4) from port A of cell TopCPU.$flatten\decoder.$procmux$32_CMP0 ($eq).
Removed top 1 bits (of 4) from port B of cell TopCPU.$flatten\decoder.$procmux$32_CMP0 ($eq).
Removed top 2 bits (of 4) from port A of cell TopCPU.$flatten\decoder.$procmux$31_CMP0 ($eq).
Removed top 1 bits (of 4) from port B of cell TopCPU.$flatten\decoder.$procmux$31_CMP0 ($eq).
Removed top 2 bits (of 3) from port B of cell TopCPU.$flatten\alu.$procmux$57_CMP0 ($eq).
Removed top 1 bits (of 3) from port B of cell TopCPU.$flatten\alu.$procmux$56_CMP0 ($eq).
Removed top 1 bits (of 3) from port B of cell TopCPU.$flatten\alu.$procmux$55_CMP0 ($eq).
Removed top 27 bits (of 32) from wire TopCPU.$add$/openlane/designs/TopCPU/src/TopCPU.v:31$2_Y.
Removed top 2 bits (of 32) from wire TopCPU.instruction.

32. Executing PEEPOPT pass (run peephole optimizers).

33. Executing OPT_CLEAN pass (remove unused cells and wires).
Finding unused cells or wires in module \TopCPU..
Removed 0 unused cells and 2 unused wires.
<suppressed ~1 debug messages>

34. Executing ALUMACC pass (create $alu and $macc cells).
Extracting $alu and $macc cells in module TopCPU:
  creating $macc model for $add$/openlane/designs/TopCPU/src/TopCPU.v:31$2 ($add).
  creating $macc model for $flatten\alu.$add$/openlane/designs/TopCPU/src/ALU.v:11$9 ($add).
  creating $macc model for $flatten\alu.$sub$/openlane/designs/TopCPU/src/ALU.v:12$10 ($sub).
  creating $alu model for $macc $flatten\alu.$sub$/openlane/designs/TopCPU/src/ALU.v:12$10.
  creating $alu model for $macc $flatten\alu.$add$/openlane/designs/TopCPU/src/ALU.v:11$9.
  creating $alu model for $macc $add$/openlane/designs/TopCPU/src/TopCPU.v:31$2.
  creating $alu cell for $add$/openlane/designs/TopCPU/src/TopCPU.v:31$2: $auto$alumacc.cc:485:replace_alu$83
  creating $alu cell for $flatten\alu.$add$/openlane/designs/TopCPU/src/ALU.v:11$9: $auto$alumacc.cc:485:replace_alu$86
  creating $alu cell for $flatten\alu.$sub$/openlane/designs/TopCPU/src/ALU.v:12$10: $auto$alumacc.cc:485:replace_alu$89
  created 3 $alu and 0 $macc cells.

35. Executing SHARE pass (SAT-based resource sharing).
Found 4 cells in module TopCPU that may be considered for resource sharing.
  Analyzing resource sharing options for $flatten\regfile.$memrd$\regfile$/openlane/designs/TopCPU/src/RegisterFile.v:14$17 ($memrd):
    Found 4 activation_patterns using ctrl signal { $auto$opt_reduce.cc:134:opt_pmux$75 $auto$opt_reduce.cc:134:opt_pmux$77 $flatten\alu.$procmux$54_CMP $flatten\alu.$procmux$53_CMP \isImmediateOp }.
    Found 1 candidates: $flatten\regfile.$memrd$\regfile$/openlane/designs/TopCPU/src/RegisterFile.v:13$16
    Analyzing resource sharing with $flatten\regfile.$memrd$\regfile$/openlane/designs/TopCPU/src/RegisterFile.v:13$16 ($memrd):
      Found 4 activation_patterns using ctrl signal { $auto$opt_reduce.cc:134:opt_pmux$75 $auto$opt_reduce.cc:134:opt_pmux$77 $flatten\alu.$procmux$54_CMP $flatten\alu.$procmux$53_CMP }.
      Activation pattern for cell $flatten\regfile.$memrd$\regfile$/openlane/designs/TopCPU/src/RegisterFile.v:14$17: { $auto$opt_reduce.cc:134:opt_pmux$75 \isImmediateOp } = 2'10
      Activation pattern for cell $flatten\regfile.$memrd$\regfile$/openlane/designs/TopCPU/src/RegisterFile.v:14$17: { $flatten\alu.$procmux$53_CMP \isImmediateOp } = 2'10
      Activation pattern for cell $flatten\regfile.$memrd$\regfile$/openlane/designs/TopCPU/src/RegisterFile.v:14$17: { $flatten\alu.$procmux$54_CMP \isImmediateOp } = 2'10
      Activation pattern for cell $flatten\regfile.$memrd$\regfile$/openlane/designs/TopCPU/src/RegisterFile.v:14$17: { $auto$opt_reduce.cc:134:opt_pmux$77 \isImmediateOp } = 2'10
      Activation pattern for cell $flatten\regfile.$memrd$\regfile$/openlane/designs/TopCPU/src/RegisterFile.v:13$16: $auto$opt_reduce.cc:134:opt_pmux$77 = 1'1
      Activation pattern for cell $flatten\regfile.$memrd$\regfile$/openlane/designs/TopCPU/src/RegisterFile.v:13$16: $flatten\alu.$procmux$54_CMP = 1'1
      Activation pattern for cell $flatten\regfile.$memrd$\regfile$/openlane/designs/TopCPU/src/RegisterFile.v:13$16: $flatten\alu.$procmux$53_CMP = 1'1
      Activation pattern for cell $flatten\regfile.$memrd$\regfile$/openlane/designs/TopCPU/src/RegisterFile.v:13$16: $auto$opt_reduce.cc:134:opt_pmux$75 = 1'1
      Size of SAT problem: 0 cells, 449 variables, 1253 clauses
      According to the SAT solver this pair of cells can not be shared.
      Model from SAT solver: { $auto$opt_reduce.cc:134:opt_pmux$75 $auto$opt_reduce.cc:134:opt_pmux$77 $flatten\alu.$procmux$54_CMP $flatten\alu.$procmux$53_CMP \isImmediateOp } = 5'00100
  Analyzing resource sharing options for $flatten\regfile.$memrd$\regfile$/openlane/designs/TopCPU/src/RegisterFile.v:13$16 ($memrd):
    Found 4 activation_patterns using ctrl signal { $auto$opt_reduce.cc:134:opt_pmux$75 $auto$opt_reduce.cc:134:opt_pmux$77 $flatten\alu.$procmux$54_CMP $flatten\alu.$procmux$53_CMP }.
    No candidates found.
  Analyzing resource sharing options for $flatten\alu.$shr$/openlane/designs/TopCPU/src/ALU.v:14$12 ($shr):
    Found 1 activation_patterns using ctrl signal $flatten\alu.$procmux$53_CMP.
    No candidates found.
  Analyzing resource sharing options for $flatten\alu.$shl$/openlane/designs/TopCPU/src/ALU.v:13$11 ($shl):
    Found 1 activation_patterns using ctrl signal $flatten\alu.$procmux$54_CMP.
    No candidates found.

36. Executing OPT pass (performing simple optimizations).

36.1. Executing OPT_EXPR pass (perform const folding).
Optimizing module TopCPU.
<suppressed ~6 debug messages>

36.2. Executing OPT_MERGE pass (detect identical cells).
Finding identical cells in module `\TopCPU'.
Removed a total of 0 cells.

36.3. Executing OPT_MUXTREE pass (detect dead branches in mux trees).
Running muxtree optimizer on module \TopCPU..
  Creating internal representation of mux trees.
  Evaluating internal representation of mux trees.
  Analyzing evaluation results.
    dead port 1/7 on $pmux $flatten\decoder.$procmux$30.
    dead port 2/7 on $pmux $flatten\decoder.$procmux$30.
    dead port 3/7 on $pmux $flatten\decoder.$procmux$30.
Removed 3 multiplexer ports.
<suppressed ~6 debug messages>

36.4. Executing OPT_REDUCE pass (consolidate $*mux and $reduce_* inputs).
  Optimizing cells in module \TopCPU.
Performed a total of 0 changes.

36.5. Executing OPT_MERGE pass (detect identical cells).
Finding identical cells in module `\TopCPU'.
Removed a total of 0 cells.

36.6. Executing OPT_DFF pass (perform DFF optimizations).

36.7. Executing OPT_CLEAN pass (remove unused cells and wires).
Finding unused cells or wires in module \TopCPU..
Removed 0 unused cells and 4 unused wires.
<suppressed ~1 debug messages>

36.8. Executing OPT_EXPR pass (perform const folding).
Optimizing module TopCPU.

36.9. Rerunning OPT passes. (Maybe there is more to do..)

36.10. Executing OPT_MUXTREE pass (detect dead branches in mux trees).
Running muxtree optimizer on module \TopCPU..
  Creating internal representation of mux trees.
  Evaluating internal representation of mux trees.
  Analyzing evaluation results.
Removed 0 multiplexer ports.
<suppressed ~6 debug messages>

36.11. Executing OPT_REDUCE pass (consolidate $*mux and $reduce_* inputs).
  Optimizing cells in module \TopCPU.
Performed a total of 0 changes.

36.12. Executing OPT_MERGE pass (detect identical cells).
Finding identical cells in module `\TopCPU'.
Removed a total of 0 cells.

36.13. Executing OPT_DFF pass (perform DFF optimizations).

36.14. Executing OPT_CLEAN pass (remove unused cells and wires).
Finding unused cells or wires in module \TopCPU..

36.15. Executing OPT_EXPR pass (perform const folding).
Optimizing module TopCPU.

36.16. Finished OPT passes. (There is nothing left to do.)

37. Executing MEMORY pass.

37.1. Executing OPT_MEM pass (optimize memories).
Performed a total of 0 transformations.

37.2. Executing OPT_MEM_PRIORITY pass (removing unnecessary memory write priority relations).
Performed a total of 0 transformations.

37.3. Executing OPT_MEM_FEEDBACK pass (finding memory read-to-write feedback paths).
  Analyzing TopCPU.regfile.regfile write port 0.

37.4. Executing MEMORY_BMUX2ROM pass (converting muxes to ROMs).

37.5. Executing MEMORY_DFF pass (merging $dff cells to $memrd).
Checking read port `\regfile.regfile'[0] in module `\TopCPU': no output FF found.
Checking read port `\regfile.regfile'[1] in module `\TopCPU': no output FF found.
Checking read port address `\regfile.regfile'[0] in module `\TopCPU': no address FF found.
Checking read port address `\regfile.regfile'[1] in module `\TopCPU': no address FF found.

37.6. Executing OPT_CLEAN pass (remove unused cells and wires).
Finding unused cells or wires in module \TopCPU..

37.7. Executing MEMORY_SHARE pass (consolidating $memrd/$memwr cells).
Consolidating read ports of memory TopCPU.regfile.regfile by address:

37.8. Executing OPT_MEM_WIDEN pass (optimize memories where all ports are wide).
Performed a total of 0 transformations.

37.9. Executing OPT_CLEAN pass (remove unused cells and wires).
Finding unused cells or wires in module \TopCPU..

37.10. Executing MEMORY_COLLECT pass (generating $mem cells).

38. Executing OPT_CLEAN pass (remove unused cells and wires).
Finding unused cells or wires in module \TopCPU..

39. Executing OPT pass (performing simple optimizations).

39.1. Executing OPT_EXPR pass (perform const folding).
Optimizing module TopCPU.
<suppressed ~4 debug messages>

39.2. Executing OPT_MERGE pass (detect identical cells).
Finding identical cells in module `\TopCPU'.
Removed a total of 0 cells.

39.3. Executing OPT_DFF pass (perform DFF optimizations).

39.4. Executing OPT_CLEAN pass (remove unused cells and wires).
Finding unused cells or wires in module \TopCPU..
Removed 3 unused cells and 6 unused wires.
<suppressed ~4 debug messages>

39.5. Finished fast OPT passes.

40. Executing MEMORY_MAP pass (converting memories to logic and flip-flops).
Mapping memory \regfile.regfile in module \TopCPU:
  created 32 $dff cells and 0 static cells of width 32.
  read interface: 0 $dff and 62 $mux cells.
  write interface: 32 write mux blocks.

41. Executing OPT pass (performing simple optimizations).

41.1. Executing OPT_EXPR pass (perform const folding).
Optimizing module TopCPU.
<suppressed ~10 debug messages>

41.2. Executing OPT_MERGE pass (detect identical cells).
Finding identical cells in module `\TopCPU'.
Removed a total of 0 cells.

41.3. Executing OPT_MUXTREE pass (detect dead branches in mux trees).
Running muxtree optimizer on module \TopCPU..
  Creating internal representation of mux trees.
  Evaluating internal representation of mux trees.
  Analyzing evaluation results.
Removed 0 multiplexer ports.
<suppressed ~37 debug messages>

41.4. Executing OPT_REDUCE pass (consolidate $*mux and $reduce_* inputs).
  Optimizing cells in module \TopCPU.
    Consolidated identical input bits for $pmux cell $flatten\imem.$procmux$60:
      Old ports: A=30'000000000000000000000000000000, B=180'101010100000000000000000001010101011110000000000000000001111001110010101001111000000000000110101001100100000000000000101101001010000000000000000000010011111101100100101000000000000, Y=\instruction
      New ports: A=13'0000000000000, B=78'111010000011011111100001110110011011000100100110000111010100000100111101101000, Y={ \instruction [29] \instruction [27] \instruction [25:22] \instruction [20] \instruction [17] \instruction [13:12] \instruction [3] \instruction [1:0] }
      New connections: { \instruction [28] \instruction [26] \instruction [21] \instruction [19:18] \instruction [16:14] \instruction [11:4] \instruction [2] } = { \instruction [17] \instruction [20] \instruction [17] 1'0 \instruction [13] 1'0 \instruction [13:12] 8'00000000 \instruction [0] }
  Optimizing cells in module \TopCPU.
Performed a total of 1 changes.

41.5. Executing OPT_MERGE pass (detect identical cells).
Finding identical cells in module `\TopCPU'.
<suppressed ~48 debug messages>
Removed a total of 16 cells.

41.6. Executing OPT_SHARE pass.
    Found cells that share an operand and can be merged by moving the $pmux $flatten\alu.$procmux$50 in front of them:
        $auto$alumacc.cc:485:replace_alu$89
        $auto$alumacc.cc:485:replace_alu$86

41.7. Executing OPT_DFF pass (perform DFF optimizations).

41.8. Executing OPT_CLEAN pass (remove unused cells and wires).
Finding unused cells or wires in module \TopCPU..
Removed 0 unused cells and 123 unused wires.
<suppressed ~1 debug messages>

41.9. Executing OPT_EXPR pass (perform const folding).
Optimizing module TopCPU.
<suppressed ~11 debug messages>

41.10. Rerunning OPT passes. (Maybe there is more to do..)

41.11. Executing OPT_MUXTREE pass (detect dead branches in mux trees).
Running muxtree optimizer on module \TopCPU..
  Creating internal representation of mux trees.
  Evaluating internal representation of mux trees.
  Analyzing evaluation results.
    dead port 1/2 on $mux $memory\regfile.regfile$rdmux[0][2][1]$172.
    dead port 2/2 on $mux $memory\regfile.regfile$rdmux[0][2][1]$172.
    dead port 1/2 on $mux $memory\regfile.regfile$rdmux[0][2][3]$178.
    dead port 2/2 on $mux $memory\regfile.regfile$rdmux[0][2][3]$178.
    dead port 1/2 on $mux $memory\regfile.regfile$rdmux[0][3][2]$187.
    dead port 2/2 on $mux $memory\regfile.regfile$rdmux[0][3][2]$187.
    dead port 1/2 on $mux $memory\regfile.regfile$rdmux[0][3][3]$190.
    dead port 2/2 on $mux $memory\regfile.regfile$rdmux[0][3][3]$190.
    dead port 1/2 on $mux $memory\regfile.regfile$rdmux[0][3][6]$199.
    dead port 2/2 on $mux $memory\regfile.regfile$rdmux[0][3][6]$199.
    dead port 1/2 on $mux $memory\regfile.regfile$rdmux[0][3][7]$202.
    dead port 2/2 on $mux $memory\regfile.regfile$rdmux[0][3][7]$202.
    dead port 2/2 on $mux $memory\regfile.regfile$rdmux[1][4][11]$331.
    dead port 1/2 on $mux $memory\regfile.regfile$rdmux[1][4][13]$337.
    dead port 2/2 on $mux $memory\regfile.regfile$rdmux[1][4][13]$337.
    dead port 1/2 on $mux $memory\regfile.regfile$rdmux[1][4][15]$343.
    dead port 2/2 on $mux $memory\regfile.regfile$rdmux[1][4][15]$343.
    dead port 1/2 on $mux $memory\regfile.regfile$rdmux[1][4][1]$301.
    dead port 2/2 on $mux $memory\regfile.regfile$rdmux[1][4][3]$307.
    dead port 1/2 on $mux $memory\regfile.regfile$rdmux[1][4][5]$313.
    dead port 2/2 on $mux $memory\regfile.regfile$rdmux[1][4][5]$313.
    dead port 1/2 on $mux $memory\regfile.regfile$rdmux[1][4][7]$319.
    dead port 2/2 on $mux $memory\regfile.regfile$rdmux[1][4][7]$319.
    dead port 1/2 on $mux $memory\regfile.regfile$rdmux[1][4][9]$325.
Removed 24 multiplexer ports.
<suppressed ~46 debug messages>

41.12. Executing OPT_REDUCE pass (consolidate $*mux and $reduce_* inputs).
  Optimizing cells in module \TopCPU.
    New ctrl vector for $pmux cell $flatten\alu.$procmux$50: { $flatten\alu.$procmux$54_CMP $flatten\alu.$procmux$53_CMP $auto$opt_reduce.cc:134:opt_pmux$598 }
    New input vector for $reduce_or cell $auto$opt_reduce.cc:128:opt_pmux$597: { $flatten\alu.$procmux$51_CMP $flatten\alu.$procmux$56_CMP $flatten\alu.$procmux$55_CMP $flatten\alu.$procmux$52_CMP }
  Optimizing cells in module \TopCPU.
Performed a total of 2 changes.

41.13. Executing OPT_MERGE pass (detect identical cells).
Finding identical cells in module `\TopCPU'.
Removed a total of 0 cells.

41.14. Executing OPT_SHARE pass.

41.15. Executing OPT_DFF pass (perform DFF optimizations).
Adding EN signal on $memory\regfile.regfile[9]$114 ($dff) from module TopCPU (D = \regfile.wd, Q = \regfile.regfile[9]).
Adding EN signal on $memory\regfile.regfile[8]$112 ($dff) from module TopCPU (D = \regfile.wd, Q = \regfile.regfile[8]).
Adding EN signal on $memory\regfile.regfile[7]$110 ($dff) from module TopCPU (D = \regfile.wd, Q = \regfile.regfile[7]).
Adding EN signal on $memory\regfile.regfile[6]$108 ($dff) from module TopCPU (D = \regfile.wd, Q = \regfile.regfile[6]).
Adding EN signal on $memory\regfile.regfile[5]$106 ($dff) from module TopCPU (D = \regfile.wd, Q = \regfile.regfile[5]).
Adding EN signal on $memory\regfile.regfile[4]$104 ($dff) from module TopCPU (D = \regfile.wd, Q = \regfile.regfile[4]).
Adding EN signal on $memory\regfile.regfile[3]$102 ($dff) from module TopCPU (D = \regfile.wd, Q = \regfile.regfile[3]).
Adding EN signal on $memory\regfile.regfile[31]$158 ($dff) from module TopCPU (D = \regfile.wd, Q = \regfile.regfile[31]).
Adding EN signal on $memory\regfile.regfile[30]$156 ($dff) from module TopCPU (D = \regfile.wd, Q = \regfile.regfile[30]).
Adding EN signal on $memory\regfile.regfile[2]$100 ($dff) from module TopCPU (D = \regfile.wd, Q = \regfile.regfile[2]).
Adding EN signal on $memory\regfile.regfile[29]$154 ($dff) from module TopCPU (D = \regfile.wd, Q = \regfile.regfile[29]).
Adding EN signal on $memory\regfile.regfile[28]$152 ($dff) from module TopCPU (D = \regfile.wd, Q = \regfile.regfile[28]).
Adding EN signal on $memory\regfile.regfile[27]$150 ($dff) from module TopCPU (D = \regfile.wd, Q = \regfile.regfile[27]).
Adding EN signal on $memory\regfile.regfile[26]$148 ($dff) from module TopCPU (D = \regfile.wd, Q = \regfile.regfile[26]).
Adding EN signal on $memory\regfile.regfile[25]$146 ($dff) from module TopCPU (D = \regfile.wd, Q = \regfile.regfile[25]).
Adding EN signal on $memory\regfile.regfile[24]$144 ($dff) from module TopCPU (D = \regfile.wd, Q = \regfile.regfile[24]).
Adding EN signal on $memory\regfile.regfile[23]$142 ($dff) from module TopCPU (D = \regfile.wd, Q = \regfile.regfile[23]).
Adding EN signal on $memory\regfile.regfile[22]$140 ($dff) from module TopCPU (D = \regfile.wd, Q = \regfile.regfile[22]).
Adding EN signal on $memory\regfile.regfile[21]$138 ($dff) from module TopCPU (D = \regfile.wd, Q = \regfile.regfile[21]).
Adding EN signal on $memory\regfile.regfile[20]$136 ($dff) from module TopCPU (D = \regfile.wd, Q = \regfile.regfile[20]).
Adding EN signal on $memory\regfile.regfile[1]$98 ($dff) from module TopCPU (D = \regfile.wd, Q = \regfile.regfile[1]).
Adding EN signal on $memory\regfile.regfile[19]$134 ($dff) from module TopCPU (D = \regfile.wd, Q = \regfile.regfile[19]).
Adding EN signal on $memory\regfile.regfile[18]$132 ($dff) from module TopCPU (D = \regfile.wd, Q = \regfile.regfile[18]).
Adding EN signal on $memory\regfile.regfile[17]$130 ($dff) from module TopCPU (D = \regfile.wd, Q = \regfile.regfile[17]).
Adding EN signal on $memory\regfile.regfile[16]$128 ($dff) from module TopCPU (D = \regfile.wd, Q = \regfile.regfile[16]).
Adding EN signal on $memory\regfile.regfile[15]$126 ($dff) from module TopCPU (D = \regfile.wd, Q = \regfile.regfile[15]).
Adding EN signal on $memory\regfile.regfile[14]$124 ($dff) from module TopCPU (D = \regfile.wd, Q = \regfile.regfile[14]).
Adding EN signal on $memory\regfile.regfile[13]$122 ($dff) from module TopCPU (D = \regfile.wd, Q = \regfile.regfile[13]).
Adding EN signal on $memory\regfile.regfile[12]$120 ($dff) from module TopCPU (D = \regfile.wd, Q = \regfile.regfile[12]).
Adding EN signal on $memory\regfile.regfile[11]$118 ($dff) from module TopCPU (D = \regfile.wd, Q = \regfile.regfile[11]).
Adding EN signal on $memory\regfile.regfile[10]$116 ($dff) from module TopCPU (D = \regfile.wd, Q = \regfile.regfile[10]).
Adding EN signal on $memory\regfile.regfile[0]$96 ($dff) from module TopCPU (D = \regfile.wd, Q = \regfile.regfile[0]).

41.16. Executing OPT_CLEAN pass (remove unused cells and wires).
Finding unused cells or wires in module \TopCPU..
Removed 69 unused cells and 93 unused wires.
<suppressed ~82 debug messages>

41.17. Executing OPT_EXPR pass (perform const folding).
Optimizing module TopCPU.

41.18. Rerunning OPT passes. (Maybe there is more to do..)

41.19. Executing OPT_MUXTREE pass (detect dead branches in mux trees).
Running muxtree optimizer on module \TopCPU..
  Creating internal representation of mux trees.
  Evaluating internal representation of mux trees.
  Analyzing evaluation results.
Removed 0 multiplexer ports.
<suppressed ~10 debug messages>

41.20. Executing OPT_REDUCE pass (consolidate $*mux and $reduce_* inputs).
  Optimizing cells in module \TopCPU.
Performed a total of 0 changes.

41.21. Executing OPT_MERGE pass (detect identical cells).
Finding identical cells in module `\TopCPU'.
Removed a total of 0 cells.

41.22. Executing OPT_SHARE pass.

41.23. Executing OPT_DFF pass (perform DFF optimizations).

41.24. Executing OPT_CLEAN pass (remove unused cells and wires).
Finding unused cells or wires in module \TopCPU..

41.25. Executing OPT_EXPR pass (perform const folding).
Optimizing module TopCPU.

41.26. Finished OPT passes. (There is nothing left to do.)

42. Executing TECHMAP pass (map to technology primitives).

42.1. Executing Verilog-2005 frontend: /nix/store/hj1kx74hfma2i9hkg584hkva4xjf5mmb-yosys/bin/../share/yosys/techmap.v
Parsing Verilog input from `/nix/store/hj1kx74hfma2i9hkg584hkva4xjf5mmb-yosys/bin/../share/yosys/techmap.v' to AST representation.
Generating RTLIL representation for module `\_90_simplemap_bool_ops'.
Generating RTLIL representation for module `\_90_simplemap_reduce_ops'.
Generating RTLIL representation for module `\_90_simplemap_logic_ops'.
Generating RTLIL representation for module `\_90_simplemap_compare_ops'.
Generating RTLIL representation for module `\_90_simplemap_various'.
Generating RTLIL representation for module `\_90_simplemap_registers'.
Generating RTLIL representation for module `\_90_shift_ops_shr_shl_sshl_sshr'.
Generating RTLIL representation for module `\_90_shift_shiftx'.
Generating RTLIL representation for module `\_90_fa'.
Generating RTLIL representation for module `\_90_lcu'.
Generating RTLIL representation for module `\_90_alu'.
Generating RTLIL representation for module `\_90_macc'.
Generating RTLIL representation for module `\_90_alumacc'.
Generating RTLIL representation for module `\$__div_mod_u'.
Generating RTLIL representation for module `\$__div_mod_trunc'.
Generating RTLIL representation for module `\_90_div'.
Generating RTLIL representation for module `\_90_mod'.
Generating RTLIL representation for module `\$__div_mod_floor'.
Generating RTLIL representation for module `\_90_divfloor'.
Generating RTLIL representation for module `\_90_modfloor'.
Generating RTLIL representation for module `\_90_pow'.
Generating RTLIL representation for module `\_90_pmux'.
Generating RTLIL representation for module `\_90_demux'.
Generating RTLIL representation for module `\_90_lut'.
Successfully finished Verilog frontend.

42.2. Continuing TECHMAP pass.
Using extmapper simplemap for cells of type $dffe.
Using template $paramod$672a140277c71df8314410f22acc08d55222c3c7\_90_alu for cells of type $alu.
Running "alumacc" on wrapper $extern:wrap:$neg:A_SIGNED=0:A_WIDTH=32:Y_WIDTH=32:394426c56d1a028ba8fdd5469b163e04011def47.
Using template $extern:wrap:$neg:A_SIGNED=0:A_WIDTH=32:Y_WIDTH=32:394426c56d1a028ba8fdd5469b163e04011def47 for cells of type $extern:wrap:$neg:A_SIGNED=0:A_WIDTH=32:Y_WIDTH=32:394426c56d1a028ba8fdd5469b163e04011def47.
Using extmapper simplemap for cells of type $reduce_bool.
Using extmapper simplemap for cells of type $logic_and.
Using extmapper simplemap for cells of type $mux.
Using extmapper simplemap for cells of type $logic_not.
Using extmapper simplemap for cells of type $eq.
Using template $paramod$58130708b3202f947c6fe366a4b18c6b8281626a\_90_pmux for cells of type $pmux.
Using template $paramod$85df5dc01c7df96a7d8e5f1fdf76ce9ac452af63\_90_pmux for cells of type $pmux.
Using extmapper simplemap for cells of type $adffe.
Using template $paramod$constmap:b9a86d073741c2a0f7bb241e73c2dd11747f3288$paramod$56955d0f36f77738c952d3505dc563df3ee11b94\_90_shift_ops_shr_shl_sshl_sshr for cells of type $shr.
Using template $paramod$constmap:b9a86d073741c2a0f7bb241e73c2dd11747f3288$paramod$dce7c1188cb25d2520d170426d59301c3b73f9e7\_90_shift_ops_shr_shl_sshl_sshr for cells of type $shl.
Using template $paramod$fbc7873bff55778c0b3173955b7e4bce1d9d6834\_90_alu for cells of type $alu.
Using template $paramod$54d740639e1393b22262823179ff783ea9f17a35\_90_pmux for cells of type $pmux.
Using extmapper simplemap for cells of type $not.
Using extmapper simplemap for cells of type $and.
Using extmapper simplemap for cells of type $pos.
Using template $paramod\_90_lcu\WIDTH=32'00000000000000000000000000000101 for cells of type $lcu.
Using extmapper simplemap for cells of type $xor.
Using template $paramod$c6baa65225090ac0a120feab1b920965244aa496\_90_alu for cells of type $alu.
Using template $paramod\_90_lcu\WIDTH=32'00000000000000000000000000100000 for cells of type $lcu.
Using extmapper simplemap for cells of type $or.
No more expansions possible.
<suppressed ~1815 debug messages>

43. Executing OPT pass (performing simple optimizations).

43.1. Executing OPT_EXPR pass (perform const folding).
Optimizing module TopCPU.
<suppressed ~426 debug messages>

43.2. Executing OPT_MERGE pass (detect identical cells).
Finding identical cells in module `\TopCPU'.
<suppressed ~285 debug messages>
Removed a total of 95 cells.

43.3. Executing OPT_DFF pass (perform DFF optimizations).

43.4. Executing OPT_CLEAN pass (remove unused cells and wires).
Finding unused cells or wires in module \TopCPU..
Removed 28 unused cells and 466 unused wires.
<suppressed ~29 debug messages>

43.5. Finished fast OPT passes.

44. Executing ABC pass (technology mapping using ABC).

44.1. Extracting gate netlist of module `\TopCPU' to `<abc-temp-dir>/input.blif'..
Extracted 1905 gates and 2551 wires to a netlist network with 645 inputs and 57 outputs.

44.1.1. Executing ABC.
Running ABC command: "/nix/store/8822vi15d8b1mss0196a93yfdyhqsp8z-yosys-abc/bin/abc" -s -f <abc-temp-dir>/abc.script 2>&1
ABC: ABC command line: "source <abc-temp-dir>/abc.script".
ABC: 
ABC: + read_blif <abc-temp-dir>/input.blif 
ABC: + read_library <abc-temp-dir>/stdcells.genlib 
ABC: Entered genlib library with 13 gates from file "<abc-temp-dir>/stdcells.genlib".
ABC: + strash 
ABC: + dretime 
ABC: + map 
ABC: + write_blif <abc-temp-dir>/output.blif 

44.1.2. Re-integrating ABC results.
ABC RESULTS:               NOT cells:      116
ABC RESULTS:               MUX cells:      990
ABC RESULTS:               NOR cells:       21
ABC RESULTS:             ORNOT cells:       26
ABC RESULTS:                OR cells:      273
ABC RESULTS:              NAND cells:       65
ABC RESULTS:              XNOR cells:       21
ABC RESULTS:               AND cells:       17
ABC RESULTS:            ANDNOT cells:      298
ABC RESULTS:               XOR cells:       78
ABC RESULTS:        internal signals:     1849
ABC RESULTS:           input signals:      645
ABC RESULTS:          output signals:       57
Removing temp directory.

45. Executing OPT pass (performing simple optimizations).

45.1. Executing OPT_EXPR pass (perform const folding).
Optimizing module TopCPU.
<suppressed ~90 debug messages>

45.2. Executing OPT_MERGE pass (detect identical cells).
Finding identical cells in module `\TopCPU'.
<suppressed ~12 debug messages>
Removed a total of 4 cells.

45.3. Executing OPT_DFF pass (perform DFF optimizations).

45.4. Executing OPT_CLEAN pass (remove unused cells and wires).
Finding unused cells or wires in module \TopCPU..
Removed 0 unused cells and 1015 unused wires.
<suppressed ~3 debug messages>

45.5. Finished fast OPT passes.

46. Executing HIERARCHY pass (managing design hierarchy).

46.1. Analyzing design hierarchy..
Top module:  \TopCPU

46.2. Analyzing design hierarchy..
Top module:  \TopCPU
Removed 0 unused modules.

47. Printing statistics.

=== TopCPU ===

   Number of wires:               1923
   Number of wire bits:           3073
   Number of public wires:          57
   Number of public wire bits:    1199
   Number of memories:               0
   Number of memory bits:            0
   Number of processes:              0
   Number of cells:               2546
     $_ANDNOT_                     296
     $_AND_                         17
     $_DFFE_PP0P_                    5
     $_DFFE_PP_                    640
     $_MUX_                        990
     $_NAND_                        64
     $_NOR_                         20
     $_NOT_                        116
     $_ORNOT_                       26
     $_OR_                         273
     $_XNOR_                        21
     $_XOR_                         78

48. Executing CHECK pass (checking for obvious problems).
Checking module TopCPU...
Found and reported 0 problems.

49. Generating Graphviz representation of design.
Writing dot description to `/openlane/designs/TopCPU/runs/RUN_2025.06.04_20.13.44/tmp/synthesis/post_techmap.dot'.
Dumping module TopCPU to page 1.

50. Executing SHARE pass (SAT-based resource sharing).

51. Executing OPT pass (performing simple optimizations).

51.1. Executing OPT_EXPR pass (perform const folding).
Optimizing module TopCPU.

51.2. Executing OPT_MERGE pass (detect identical cells).
Finding identical cells in module `\TopCPU'.
Removed a total of 0 cells.

51.3. Executing OPT_MUXTREE pass (detect dead branches in mux trees).
Running muxtree optimizer on module \TopCPU..
  Creating internal representation of mux trees.
  No muxes found in this module.
Removed 0 multiplexer ports.

51.4. Executing OPT_REDUCE pass (consolidate $*mux and $reduce_* inputs).
  Optimizing cells in module \TopCPU.
Performed a total of 0 changes.

51.5. Executing OPT_MERGE pass (detect identical cells).
Finding identical cells in module `\TopCPU'.
Removed a total of 0 cells.

51.6. Executing OPT_DFF pass (perform DFF optimizations).

51.7. Executing OPT_CLEAN pass (remove unused cells and wires).
Finding unused cells or wires in module \TopCPU..

51.8. Executing OPT_EXPR pass (perform const folding).
Optimizing module TopCPU.

51.9. Finished OPT passes. (There is nothing left to do.)

52. Executing OPT_CLEAN pass (remove unused cells and wires).
Finding unused cells or wires in module \TopCPU..
Removed 0 unused cells and 30 unused wires.
<suppressed ~30 debug messages>

53. Printing statistics.

=== TopCPU ===

   Number of wires:               1893
   Number of wire bits:           2565
   Number of public wires:          27
   Number of public wire bits:     691
   Number of memories:               0
   Number of memory bits:            0
   Number of processes:              0
   Number of cells:               2546
     $_ANDNOT_                     296
     $_AND_                         17
     $_DFFE_PP0P_                    5
     $_DFFE_PP_                    640
     $_MUX_                        990
     $_NAND_                        64
     $_NOR_                         20
     $_NOT_                        116
     $_ORNOT_                       26
     $_OR_                         273
     $_XNOR_                        21
     $_XOR_                         78

mapping tbuf

54. Executing TECHMAP pass (map to technology primitives).

54.1. Executing Verilog-2005 frontend: /home/briandeniz/.volare/sky130A/libs.tech/openlane/sky130_fd_sc_hd/tribuff_map.v
Parsing Verilog input from `/home/briandeniz/.volare/sky130A/libs.tech/openlane/sky130_fd_sc_hd/tribuff_map.v' to AST representation.
Generating RTLIL representation for module `\$_TBUF_'.
Successfully finished Verilog frontend.

54.2. Continuing TECHMAP pass.
No more expansions possible.
<suppressed ~3 debug messages>

55. Executing SIMPLEMAP pass (map simple cells to gate primitives).

56. Executing TECHMAP pass (map to technology primitives).

56.1. Executing Verilog-2005 frontend: /home/briandeniz/.volare/sky130A/libs.tech/openlane/sky130_fd_sc_hd/latch_map.v
Parsing Verilog input from `/home/briandeniz/.volare/sky130A/libs.tech/openlane/sky130_fd_sc_hd/latch_map.v' to AST representation.
Generating RTLIL representation for module `\$_DLATCH_P_'.
Generating RTLIL representation for module `\$_DLATCH_N_'.
Successfully finished Verilog frontend.

56.2. Continuing TECHMAP pass.
No more expansions possible.
<suppressed ~4 debug messages>

57. Executing SIMPLEMAP pass (map simple cells to gate primitives).

58. Executing DFFLIBMAP pass (mapping DFF cells to sequential cells from liberty file).
  cell sky130_fd_sc_hd__dfxtp_2 (noninv, pins=3, area=21.27) is a direct match for cell type $_DFF_P_.
  cell sky130_fd_sc_hd__dfrtp_2 (noninv, pins=4, area=26.28) is a direct match for cell type $_DFF_PN0_.
  cell sky130_fd_sc_hd__dfstp_2 (noninv, pins=4, area=26.28) is a direct match for cell type $_DFF_PN1_.
  cell sky130_fd_sc_hd__dfbbn_2 (noninv, pins=6, area=35.03) is a direct match for cell type $_DFFSR_NNN_.
  final dff cell mappings:
    unmapped dff cell: $_DFF_N_
    \sky130_fd_sc_hd__dfxtp_2 _DFF_P_ (.CLK( C), .D( D), .Q( Q));
    unmapped dff cell: $_DFF_NN0_
    unmapped dff cell: $_DFF_NN1_
    unmapped dff cell: $_DFF_NP0_
    unmapped dff cell: $_DFF_NP1_
    \sky130_fd_sc_hd__dfrtp_2 _DFF_PN0_ (.CLK( C), .D( D), .Q( Q), .RESET_B( R));
    \sky130_fd_sc_hd__dfstp_2 _DFF_PN1_ (.CLK( C), .D( D), .Q( Q), .SET_B( R));
    unmapped dff cell: $_DFF_PP0_
    unmapped dff cell: $_DFF_PP1_
    \sky130_fd_sc_hd__dfbbn_2 _DFFSR_NNN_ (.CLK_N( C), .D( D), .Q( Q), .Q_N(~Q), .RESET_B( R), .SET_B( S));
    unmapped dff cell: $_DFFSR_NNP_
    unmapped dff cell: $_DFFSR_NPN_
    unmapped dff cell: $_DFFSR_NPP_
    unmapped dff cell: $_DFFSR_PNN_
    unmapped dff cell: $_DFFSR_PNP_
    unmapped dff cell: $_DFFSR_PPN_
    unmapped dff cell: $_DFFSR_PPP_

58.1. Executing DFFLEGALIZE pass (convert FFs to types supported by the target).
Mapping DFF cells in module `\TopCPU':
  mapped 5 $_DFF_PN0_ cells to \sky130_fd_sc_hd__dfrtp_2 cells.
  mapped 640 $_DFF_P_ cells to \sky130_fd_sc_hd__dfxtp_2 cells.

59. Printing statistics.

=== TopCPU ===

   Number of wires:               2543
   Number of wire bits:           3215
   Number of public wires:          27
   Number of public wire bits:     691
   Number of memories:               0
   Number of memory bits:            0
   Number of processes:              0
   Number of cells:               3196
     $_ANDNOT_                     296
     $_AND_                         17
     $_MUX_                       1635
     $_NAND_                        64
     $_NOR_                         20
     $_NOT_                        121
     $_ORNOT_                       26
     $_OR_                         273
     $_XNOR_                        21
     $_XOR_                         78
     sky130_fd_sc_hd__dfrtp_2        5
     sky130_fd_sc_hd__dfxtp_2      640

[INFO]: USING STRATEGY AREA 0

60. Executing ABC pass (technology mapping using ABC).

60.1. Extracting gate netlist of module `\TopCPU' to `/tmp/yosys-abc-GnpBvk/input.blif'..
Extracted 2551 gates and 3198 wires to a netlist network with 647 inputs and 657 outputs.

60.1.1. Executing ABC.
Running ABC command: "/nix/store/8822vi15d8b1mss0196a93yfdyhqsp8z-yosys-abc/bin/abc" -s -f /tmp/yosys-abc-GnpBvk/abc.script 2>&1
ABC: ABC command line: "source /tmp/yosys-abc-GnpBvk/abc.script".
ABC: 
ABC: + read_blif /tmp/yosys-abc-GnpBvk/input.blif 
ABC: + read_lib -w /openlane/designs/TopCPU/runs/RUN_2025.06.04_20.13.44/tmp/synthesis/trimmed.lib 
ABC: Parsing finished successfully.  Parsing time =     0.04 sec
ABC: Scl_LibertyReadGenlib() skipped sequential cell "sky130_fd_sc_hd__dfbbn_2".
ABC: Scl_LibertyReadGenlib() skipped sequential cell "sky130_fd_sc_hd__dfrbp_2".
ABC: Scl_LibertyReadGenlib() skipped sequential cell "sky130_fd_sc_hd__dfrtp_2".
ABC: Scl_LibertyReadGenlib() skipped sequential cell "sky130_fd_sc_hd__dfrtp_4".
ABC: Scl_LibertyReadGenlib() skipped sequential cell "sky130_fd_sc_hd__dfsbp_2".
ABC: Scl_LibertyReadGenlib() skipped sequential cell "sky130_fd_sc_hd__dfstp_2".
ABC: Scl_LibertyReadGenlib() skipped sequential cell "sky130_fd_sc_hd__dfstp_4".
ABC: Scl_LibertyReadGenlib() skipped sequential cell "sky130_fd_sc_hd__dfxbp_2".
ABC: Scl_LibertyReadGenlib() skipped sequential cell "sky130_fd_sc_hd__dfxtp_2".
ABC: Scl_LibertyReadGenlib() skipped sequential cell "sky130_fd_sc_hd__dfxtp_4".
ABC: Scl_LibertyReadGenlib() skipped sequential cell "sky130_fd_sc_hd__dlxtn_1".
ABC: Scl_LibertyReadGenlib() skipped sequential cell "sky130_fd_sc_hd__dlxtn_2".
ABC: Scl_LibertyReadGenlib() skipped sequential cell "sky130_fd_sc_hd__dlxtn_4".
ABC: Scl_LibertyReadGenlib() skipped sequential cell "sky130_fd_sc_hd__dlxtp_1".
ABC: Scl_LibertyReadGenlib() skipped three-state cell "sky130_fd_sc_hd__ebufn_2".
ABC: Scl_LibertyReadGenlib() skipped three-state cell "sky130_fd_sc_hd__ebufn_4".
ABC: Scl_LibertyReadGenlib() skipped three-state cell "sky130_fd_sc_hd__ebufn_8".
ABC: Library "sky130A_merged" from "/openlane/designs/TopCPU/runs/RUN_2025.06.04_20.13.44/tmp/synthesis/trimmed.lib" has 175 cells (17 skipped: 14 seq; 3 tri-state; 0 no func; 0 dont_use).  Time =     0.06 sec
ABC: Memory =    9.54 MB. Time =     0.06 sec
ABC: Warning: Detected 2 multi-output gates (for example, "sky130_fd_sc_hd__fa_1").
ABC: + read_constr -v /openlane/designs/TopCPU/runs/RUN_2025.06.04_20.13.44/tmp/synthesis/synthesis.sdc 
ABC: Setting driving cell to be "sky130_fd_sc_hd__inv_2".
ABC: Setting output load to be 33.442001.
ABC: + read_constr /openlane/designs/TopCPU/runs/RUN_2025.06.04_20.13.44/tmp/synthesis/synthesis.sdc 
ABC: + fx 
ABC: + mfs 
ABC: + strash 
ABC: + drf -l 
ABC: + balance 
ABC: + drw -l 
ABC: + drf -l 
ABC: + balance 
ABC: + drw -l 
ABC: + drw -l -z 
ABC: + balance 
ABC: + drf -l -z 
ABC: + drw -l -z 
ABC: + balance 
ABC: + retime -D -D 10000 -M 5 
ABC: + scleanup 
ABC: Error: The network is combinational.
ABC: + fraig_store 
ABC: + balance 
ABC: + fraig_store 
ABC: + balance 
ABC: + drw -l 
ABC: + drf -l 
ABC: + balance 
ABC: + drw -l 
ABC: + drw -l -z 
ABC: + balance 
ABC: + drf -l -z 
ABC: + drw -l -z 
ABC: + balance 
ABC: + fraig_store 
ABC: + balance 
ABC: + drw -l 
ABC: + drf -l 
ABC: + balance 
ABC: + drw -l 
ABC: + drw -l -z 
ABC: + balance 
ABC: + drf -l -z 
ABC: + drw -l -z 
ABC: + balance 
ABC: + fraig_store 
ABC: + balance 
ABC: + drw -l 
ABC: + drf -l 
ABC: + balance 
ABC: + drw -l 
ABC: + drw -l -z 
ABC: + balance 
ABC: + drf -l -z 
ABC: + drw -l -z 
ABC: + balance 
ABC: + fraig_store 
ABC: + fraig_restore 
ABC: + amap -m -Q 0.1 -F 20 -A 20 -C 5000 
ABC: + retime -D -D 10000 
ABC: + &get -n 
ABC: + &st 
ABC: + &dch 
ABC: + &nf 
ABC: + &put 
ABC: + buffer -N 10 -S 750.0 
ABC: + upsize -D 10000 
ABC: Current delay (6824.58 ps) does not exceed the target delay (10000.00 ps). Upsizing is not performed.
ABC: + dnsize -D 10000 
ABC: + stime -p 
ABC: WireLoad = "none"  Gates =   2225 ( 57.2 %)   Cap = 11.3 ff ( 14.2 %)   Area =    13813.25 ( 42.7 %)   Delay =  7130.11 ps  (  3.0 %)               
ABC: Path  0 --       3 : 0    7 pi                        A =   0.00  Df =  59.0  -32.8 ps  S =  88.2 ps  Cin =  0.0 ff  Cout =  17.9 ff  Cmax =   0.0 ff  G =    0  
ABC: Path  1 --    1325 : 3    8 sky130_fd_sc_hd__or3_2    A =   7.51  Df = 551.3 -283.2 ps  S = 115.8 ps  Cin =  1.5 ff  Cout =  15.8 ff  Cmax = 310.4 ff  G =  977  
ABC: Path  2 --    1326 : 2    5 sky130_fd_sc_hd__or2_2    A =   6.26  Df = 875.4 -468.6 ps  S =  75.1 ps  Cin =  1.5 ff  Cout =  10.2 ff  Cmax = 299.4 ff  G =  674  
ABC: Path  3 --    1340 : 1   10 sky130_fd_sc_hd__buf_1    A =   3.75  Df =1049.7 -406.9 ps  S = 260.5 ps  Cin =  2.1 ff  Cout =  21.5 ff  Cmax = 130.0 ff  G =  978  
ABC: Path  4 --    1361 : 3    1 sky130_fd_sc_hd__a21o_2   A =   8.76  Df =1277.8 -468.7 ps  S =  32.3 ps  Cin =  2.4 ff  Cout =   2.4 ff  Cmax = 309.5 ff  G =   99  
ABC: Path  5 --    1365 : 4    3 sky130_fd_sc_hd__a31o_2   A =   8.76  Df =1501.8 -229.0 ps  S =  49.7 ps  Cin =  2.4 ff  Cout =   4.5 ff  Cmax = 271.9 ff  G =  181  
ABC: Path  6 --    1382 : 4    2 sky130_fd_sc_hd__or4_2    A =   8.76  Df =2151.7 -691.2 ps  S =  99.0 ps  Cin =  1.5 ff  Cout =   3.1 ff  Cmax = 310.4 ff  G =  196  
ABC: Path  7 --    1996 : 4    1 sky130_fd_sc_hd__or4_2    A =   8.76  Df =2811.1-1070.4 ps  S =  94.5 ps  Cin =  1.5 ff  Cout =   2.2 ff  Cmax = 310.4 ff  G =  140  
ABC: Path  8 --    1997 : 1    8 sky130_fd_sc_hd__buf_1    A =   3.75  Df =3006.4-1010.5 ps  S = 307.0 ps  Cin =  2.1 ff  Cout =  25.7 ff  Cmax = 130.0 ff  G = 1146  
ABC: Path  9 --    2034 : 4    2 sky130_fd_sc_hd__a211o_2  A =  10.01  Df =3364.3-1181.7 ps  S =  50.6 ps  Cin =  2.4 ff  Cout =   4.0 ff  Cmax = 325.0 ff  G =  163  
ABC: Path 10 --    2035 : 3    3 sky130_fd_sc_hd__and3_2   A =   7.51  Df =3577.8 -204.2 ps  S =  57.5 ps  Cin =  1.5 ff  Cout =   5.8 ff  Cmax = 309.5 ff  G =  365  
ABC: Path 11 --    2089 : 4    2 sky130_fd_sc_hd__or4b_2   A =  10.01  Df =4179.2 -408.9 ps  S = 100.7 ps  Cin =  1.5 ff  Cout =   3.4 ff  Cmax = 265.5 ff  G =  217  
ABC: Path 12 --    2091 : 4    1 sky130_fd_sc_hd__or4b_2   A =  10.01  Df =4787.1 -881.3 ps  S =  95.5 ps  Cin =  1.5 ff  Cout =   2.5 ff  Cmax = 265.5 ff  G =  158  
ABC: Path 13 --    2092 : 4    4 sky130_fd_sc_hd__a211o_2  A =  10.01  Df =5107.0-1081.2 ps  S =  80.2 ps  Cin =  2.4 ff  Cout =  14.2 ff  Cmax = 325.0 ff  G =  581  
ABC: Path 14 --    2354 : 5    2 sky130_fd_sc_hd__a2111o_2 A =  12.51  Df =5531.1 -993.6 ps  S =  65.4 ps  Cin =  2.4 ff  Cout =   3.9 ff  Cmax = 324.1 ff  G =  157  
ABC: Path 15 --    2391 : 4    5 sky130_fd_sc_hd__a211o_2  A =  10.01  Df =5864.9-1139.9 ps  S =  76.6 ps  Cin =  2.4 ff  Cout =  13.4 ff  Cmax = 325.0 ff  G =  550  
ABC: Path 16 --    2435 : 4    2 sky130_fd_sc_hd__a31o_2   A =   8.76  Df =6081.6-1198.1 ps  S =  57.2 ps  Cin =  2.4 ff  Cout =   6.3 ff  Cmax = 271.9 ff  G =  250  
ABC: Path 17 --    2436 : 2    1 sky130_fd_sc_hd__and2_2   A =   7.51  Df =6257.4-1249.0 ps  S =  32.9 ps  Cin =  1.5 ff  Cout =   1.6 ff  Cmax = 303.0 ff  G =  102  
ABC: Path 18 --    2438 : 2    1 sky130_fd_sc_hd__or2_2    A =   6.26  Df =6548.0 -275.2 ps  S =  60.2 ps  Cin =  1.5 ff  Cout =   4.7 ff  Cmax = 299.4 ff  G =  304  
ABC: Path 19 --    2444 : 3    2 sky130_fd_sc_hd__o21ai_2  A =   8.76  Df =6661.0 -343.9 ps  S = 100.8 ps  Cin =  4.5 ff  Cout =   3.9 ff  Cmax = 139.2 ff  G =   82  
ABC: Path 20 --    2445 : 3    1 sky130_fd_sc_hd__mux2_2   A =  11.26  Df =6809.2 -234.0 ps  S =  45.7 ps  Cin =  2.3 ff  Cout =   2.2 ff  Cmax = 297.6 ff  G =   92  
ABC: Path 21 --    2446 : 1    1 sky130_fd_sc_hd__buf_1    A =   3.75  Df =7130.1 -336.0 ps  S = 396.5 ps  Cin =  2.1 ff  Cout =  33.4 ff  Cmax = 130.0 ff  G = 1590  
ABC: Start-point = pi2 (\imem.pc [3]).  End-point = po136 ($auto$rtlil.cc:2684:MuxGate$7177).
ABC: + print_stats -m 
ABC: netlist                       : i/o =  647/  657  lat =    0  nd =  2225  edge =   4032  area =13809.91  delay =24.00  lev = 24
ABC: + write_blif /tmp/yosys-abc-GnpBvk/output.blif 

60.1.2. Re-integrating ABC results.
ABC RESULTS:   sky130_fd_sc_hd__and3b_2 cells:        1
ABC RESULTS:   sky130_fd_sc_hd__nor3b_2 cells:        1
ABC RESULTS:   sky130_fd_sc_hd__nand2b_2 cells:        1
ABC RESULTS:   sky130_fd_sc_hd__o221ai_2 cells:        1
ABC RESULTS:   sky130_fd_sc_hd__a32o_2 cells:        1
ABC RESULTS:   sky130_fd_sc_hd__o32a_2 cells:        1
ABC RESULTS:   sky130_fd_sc_hd__nor4_2 cells:        1
ABC RESULTS:   sky130_fd_sc_hd__and4_2 cells:        2
ABC RESULTS:   sky130_fd_sc_hd__o221a_2 cells:        3
ABC RESULTS:   sky130_fd_sc_hd__o31ai_2 cells:        2
ABC RESULTS:   sky130_fd_sc_hd__a21boi_2 cells:        1
ABC RESULTS:   sky130_fd_sc_hd__o22ai_2 cells:        3
ABC RESULTS:   sky130_fd_sc_hd__or4_2 cells:        4
ABC RESULTS:   sky130_fd_sc_hd__nor4b_2 cells:        1
ABC RESULTS:   sky130_fd_sc_hd__or4b_2 cells:        2
ABC RESULTS:   sky130_fd_sc_hd__a22oi_2 cells:        2
ABC RESULTS:   sky130_fd_sc_hd__o2bb2ai_2 cells:        1
ABC RESULTS:   sky130_fd_sc_hd__nand4_2 cells:        1
ABC RESULTS:   sky130_fd_sc_hd__o21bai_2 cells:        3
ABC RESULTS:   sky130_fd_sc_hd__o22a_2 cells:        3
ABC RESULTS:   sky130_fd_sc_hd__a41o_2 cells:        2
ABC RESULTS:   sky130_fd_sc_hd__and4b_2 cells:        2
ABC RESULTS:   sky130_fd_sc_hd__or3b_2 cells:       12
ABC RESULTS:   sky130_fd_sc_hd__a2bb2o_2 cells:        3
ABC RESULTS:   sky130_fd_sc_hd__nand3_2 cells:        3
ABC RESULTS:   sky130_fd_sc_hd__nor3_2 cells:        4
ABC RESULTS:   sky130_fd_sc_hd__a2111o_2 cells:        2
ABC RESULTS:   sky130_fd_sc_hd__a211oi_2 cells:        2
ABC RESULTS:   sky130_fd_sc_hd__o41a_2 cells:        3
ABC RESULTS:   sky130_fd_sc_hd__and4bb_2 cells:        2
ABC RESULTS:   sky130_fd_sc_hd__a31oi_2 cells:        5
ABC RESULTS:   sky130_fd_sc_hd__a221oi_2 cells:        2
ABC RESULTS:   sky130_fd_sc_hd__a21o_2 cells:       44
ABC RESULTS:   sky130_fd_sc_hd__o2bb2a_2 cells:        4
ABC RESULTS:   sky130_fd_sc_hd__xor2_2 cells:       13
ABC RESULTS:   sky130_fd_sc_hd__o21a_2 cells:       28
ABC RESULTS:   sky130_fd_sc_hd__o211a_2 cells:       23
ABC RESULTS:   sky130_fd_sc_hd__or2b_2 cells:        6
ABC RESULTS:   sky130_fd_sc_hd__a311o_2 cells:        3
ABC RESULTS:   sky130_fd_sc_hd__a221o_2 cells:        3
ABC RESULTS:   sky130_fd_sc_hd__and2b_2 cells:        8
ABC RESULTS:   sky130_fd_sc_hd__nor2_2 cells:       55
ABC RESULTS:   sky130_fd_sc_hd__nand2_2 cells:       83
ABC RESULTS:   sky130_fd_sc_hd__o211ai_2 cells:        6
ABC RESULTS:   sky130_fd_sc_hd__and3_2 cells:       22
ABC RESULTS:   sky130_fd_sc_hd__a21oi_2 cells:       32
ABC RESULTS:   sky130_fd_sc_hd__o311a_2 cells:        1
ABC RESULTS:   sky130_fd_sc_hd__or3_2 cells:       30
ABC RESULTS:   sky130_fd_sc_hd__and2_2 cells:       64
ABC RESULTS:   sky130_fd_sc_hd__xnor2_2 cells:       26
ABC RESULTS:   sky130_fd_sc_hd__o21ai_2 cells:       21
ABC RESULTS:   sky130_fd_sc_hd__o31a_2 cells:       11
ABC RESULTS:   sky130_fd_sc_hd__a31o_2 cells:       39
ABC RESULTS:   sky130_fd_sc_hd__o21ba_2 cells:        7
ABC RESULTS:   sky130_fd_sc_hd__a22o_2 cells:       13
ABC RESULTS:   sky130_fd_sc_hd__a211o_2 cells:       22
ABC RESULTS:   sky130_fd_sc_hd__a21bo_2 cells:       11
ABC RESULTS:   sky130_fd_sc_hd__or2_2 cells:       39
ABC RESULTS:   sky130_fd_sc_hd__mux2_2 cells:      261
ABC RESULTS:   sky130_fd_sc_hd__inv_2 cells:       15
ABC RESULTS:   sky130_fd_sc_hd__buf_1 cells:     1258
ABC RESULTS:        internal signals:     1894
ABC RESULTS:           input signals:      647
ABC RESULTS:          output signals:      657
Removing temp directory.

61. Executing SETUNDEF pass (replace undef values with defined constants).

62. Executing HILOMAP pass (mapping to constant drivers).

63. Executing SPLITNETS pass (splitting up multi-bit signals).

64. Executing OPT_CLEAN pass (remove unused cells and wires).
Finding unused cells or wires in module \TopCPU..
Removed 1342 unused cells and 4549 unused wires.
<suppressed ~1814 debug messages>

65. Executing INSBUF pass (insert buffer cells for connected wires).
Add TopCPU/$auto$insbuf.cc:97:execute$10462: \alu.Result[0] -> \seg [0]
Add TopCPU/$auto$insbuf.cc:97:execute$10463: \alu.Result[1] -> \seg [1]
Add TopCPU/$auto$insbuf.cc:97:execute$10464: \alu.Result[2] -> \seg [2]
Add TopCPU/$auto$insbuf.cc:97:execute$10465: \alu.Result[3] -> \seg [3]
Add TopCPU/$auto$insbuf.cc:97:execute$10466: \alu.Result[4] -> \seg [4]
Add TopCPU/$auto$insbuf.cc:97:execute$10467: \alu.Result[5] -> \seg [5]
Add TopCPU/$auto$insbuf.cc:97:execute$10468: \alu.Result[6] -> \seg [6]

66. Executing CHECK pass (checking for obvious problems).
Checking module TopCPU...
Found and reported 0 problems.

67. Printing statistics.

=== TopCPU ===

   Number of wires:               1533
   Number of wire bits:           1542
   Number of public wires:         211
   Number of public wire bits:     220
   Number of memories:               0
   Number of memory bits:            0
   Number of processes:              0
   Number of cells:               1539
     sky130_fd_sc_hd__a2111o_2       2
     sky130_fd_sc_hd__a211o_2       22
     sky130_fd_sc_hd__a211oi_2       2
     sky130_fd_sc_hd__a21bo_2       11
     sky130_fd_sc_hd__a21boi_2       1
     sky130_fd_sc_hd__a21o_2        44
     sky130_fd_sc_hd__a21oi_2       32
     sky130_fd_sc_hd__a221o_2        3
     sky130_fd_sc_hd__a221oi_2       2
     sky130_fd_sc_hd__a22o_2        13
     sky130_fd_sc_hd__a22oi_2        2
     sky130_fd_sc_hd__a2bb2o_2       3
     sky130_fd_sc_hd__a311o_2        3
     sky130_fd_sc_hd__a31o_2        39
     sky130_fd_sc_hd__a31oi_2        5
     sky130_fd_sc_hd__a32o_2         1
     sky130_fd_sc_hd__a41o_2         2
     sky130_fd_sc_hd__and2_2        64
     sky130_fd_sc_hd__and2b_2        8
     sky130_fd_sc_hd__and3_2        22
     sky130_fd_sc_hd__and3b_2        1
     sky130_fd_sc_hd__and4_2         2
     sky130_fd_sc_hd__and4b_2        2
     sky130_fd_sc_hd__and4bb_2       2
     sky130_fd_sc_hd__buf_1        395
     sky130_fd_sc_hd__buf_2          7
     sky130_fd_sc_hd__conb_1         4
     sky130_fd_sc_hd__dfrtp_2        5
     sky130_fd_sc_hd__dfxtp_2      194
     sky130_fd_sc_hd__inv_2         15
     sky130_fd_sc_hd__mux2_2       229
     sky130_fd_sc_hd__nand2_2       82
     sky130_fd_sc_hd__nand2b_2       1
     sky130_fd_sc_hd__nand3_2        3
     sky130_fd_sc_hd__nand4_2        1
     sky130_fd_sc_hd__nor2_2        55
     sky130_fd_sc_hd__nor3_2         4
     sky130_fd_sc_hd__nor3b_2        1
     sky130_fd_sc_hd__nor4_2         1
     sky130_fd_sc_hd__nor4b_2        1
     sky130_fd_sc_hd__o211a_2       23
     sky130_fd_sc_hd__o211ai_2       6
     sky130_fd_sc_hd__o21a_2        28
     sky130_fd_sc_hd__o21ai_2       21
     sky130_fd_sc_hd__o21ba_2        7
     sky130_fd_sc_hd__o21bai_2       3
     sky130_fd_sc_hd__o221a_2        3
     sky130_fd_sc_hd__o221ai_2       1
     sky130_fd_sc_hd__o22a_2         3
     sky130_fd_sc_hd__o22ai_2        3
     sky130_fd_sc_hd__o2bb2a_2       4
     sky130_fd_sc_hd__o2bb2ai_2      1
     sky130_fd_sc_hd__o311a_2        1
     sky130_fd_sc_hd__o31a_2        11
     sky130_fd_sc_hd__o31ai_2        2
     sky130_fd_sc_hd__o32a_2         1
     sky130_fd_sc_hd__o41a_2         3
     sky130_fd_sc_hd__or2_2         39
     sky130_fd_sc_hd__or2b_2         6
     sky130_fd_sc_hd__or3_2         30
     sky130_fd_sc_hd__or3b_2        12
     sky130_fd_sc_hd__or4_2          4
     sky130_fd_sc_hd__or4b_2         2
     sky130_fd_sc_hd__xnor2_2       26
     sky130_fd_sc_hd__xor2_2        13

   Chip area for module '\TopCPU': 14515.171200

68. Executing Verilog backend.
Dumping module `\TopCPU'.

69. Executing JSON backend.

End of script. Logfile hash: 4d6d013462, CPU: user 0.80s system 0.02s, MEM: 42.00 MB peak
Yosys 0.38 (git sha1 543faed9c8c, clang++ 17.0.6 -fPIC -Os)
Time spent: 72% 2x abc (2 sec), 5% 28x opt_expr (0 sec), ...
