Sat May 31 04:05:36 +0000 2025 - Executing "{openroad -exit -no_init -python /openlane/scripts/odbpy/lefutil.py get_metal_layers -o /openlane/designs/register_alu/runs/RUN_2025.05.31_04.05.36/tmp/layers.list /home/briandeniz/.volare/sky130A/libs.ref/sky130_fd_sc_hd/techlef/sky130_fd_sc_hd__nom.tlef}"

Sat May 31 04:05:36 +0000 2025 - Executing "{/openlane/scripts/mergeLef.py -o /openlane/designs/register_alu/runs/RUN_2025.05.31_04.05.36/tmp/merged.nom.lef -i /home/briandeniz/.volare/sky130A/libs.ref/sky130_fd_sc_hd/techlef/sky130_fd_sc_hd__nom.tlef {/home/briandeniz/.volare/sky130A/libs.ref/sky130_fd_sc_hd/lef/sky130_ef_sc_hd.lef /home/briandeniz/.volare/sky130A/libs.ref/sky130_fd_sc_hd/lef/sky130_fd_sc_hd.lef} |& tee /dev/null}"

Sat May 31 04:05:36 +0000 2025 - Executing "{/openlane/scripts/mergeLef.py -o /openlane/designs/register_alu/runs/RUN_2025.05.31_04.05.36/tmp/merged.min.lef -i /home/briandeniz/.volare/sky130A/libs.ref/sky130_fd_sc_hd/techlef/sky130_fd_sc_hd__min.tlef {/home/briandeniz/.volare/sky130A/libs.ref/sky130_fd_sc_hd/lef/sky130_ef_sc_hd.lef /home/briandeniz/.volare/sky130A/libs.ref/sky130_fd_sc_hd/lef/sky130_fd_sc_hd.lef} |& tee /dev/null}"

Sat May 31 04:05:36 +0000 2025 - Executing "{/openlane/scripts/mergeLef.py -o /openlane/designs/register_alu/runs/RUN_2025.05.31_04.05.36/tmp/merged.max.lef -i /home/briandeniz/.volare/sky130A/libs.ref/sky130_fd_sc_hd/techlef/sky130_fd_sc_hd__max.tlef {/home/briandeniz/.volare/sky130A/libs.ref/sky130_fd_sc_hd/lef/sky130_ef_sc_hd.lef /home/briandeniz/.volare/sky130A/libs.ref/sky130_fd_sc_hd/lef/sky130_fd_sc_hd.lef} |& tee /dev/null}"

Sat May 31 04:05:36 +0000 2025 - Executing "{python3 /openlane/scripts/mergeLib.py --output /openlane/designs/register_alu/runs/RUN_2025.05.31_04.05.36/tmp/synthesis/merged.lib --name sky130A_merged /home/briandeniz/.volare/sky130A/libs.ref/sky130_fd_sc_hd/lib/sky130_fd_sc_hd__tt_025C_1v80.lib}"

Sat May 31 04:05:36 +0000 2025 - Executing "{python3 /openlane/scripts/libtrim.py --cell-file /openlane/designs/register_alu/runs/RUN_2025.05.31_04.05.36/tmp/synthesis/trimmed.lib.exclude.list --output /openlane/designs/register_alu/runs/RUN_2025.05.31_04.05.36/tmp/synthesis/trimmed.lib /openlane/designs/register_alu/runs/RUN_2025.05.31_04.05.36/tmp/synthesis/merged.lib}"

Sat May 31 04:05:36 +0000 2025 - Executing "{python3 /openlane/scripts/libtrim.py --cell-file /openlane/designs/register_alu/runs/RUN_2025.05.31_04.05.36/tmp/cts/cts.lib.exclude.list --output /openlane/designs/register_alu/runs/RUN_2025.05.31_04.05.36/tmp/cts/cts.lib /home/briandeniz/.volare/sky130A/libs.ref/sky130_fd_sc_hd/lib/sky130_fd_sc_hd__tt_025C_1v80.lib}"

Sat May 31 04:05:37 +0000 2025 - Executing "{python3 /openlane/scripts/libtrim.py --cell-file /openlane/designs/register_alu/runs/RUN_2025.05.31_04.05.36/tmp/cts/cts-fastest.lib.exclude.list --output /openlane/designs/register_alu/runs/RUN_2025.05.31_04.05.36/tmp/cts/cts-fastest.lib /home/briandeniz/.volare/sky130A/libs.ref/sky130_fd_sc_hd/lib/sky130_fd_sc_hd__ff_n40C_1v95.lib}"

Sat May 31 04:05:37 +0000 2025 - Executing "{python3 /openlane/scripts/libtrim.py --cell-file /openlane/designs/register_alu/runs/RUN_2025.05.31_04.05.36/tmp/cts/cts-slowest.lib.exclude.list --output /openlane/designs/register_alu/runs/RUN_2025.05.31_04.05.36/tmp/cts/cts-slowest.lib /home/briandeniz/.volare/sky130A/libs.ref/sky130_fd_sc_hd/lib/sky130_fd_sc_hd__ss_100C_1v60.lib}"

Sat May 31 04:05:37 +0000 2025 - Executing "{python3 /openlane/scripts/new_tracks.py -i /home/briandeniz/.volare/sky130A/libs.tech/openlane/sky130_fd_sc_hd/tracks.info -o /openlane/designs/register_alu/runs/RUN_2025.05.31_04.05.36/tmp/routing/config.tracks}"

Sat May 31 04:05:37 +0000 2025 - Executing "{echo {OpenLane e73fb3c57e687a0023fcd4dcfd1566ecd478362a} > /openlane/designs/register_alu/runs/RUN_2025.05.31_04.05.36/OPENLANE_COMMIT}"

Sat May 31 04:05:37 +0000 2025 - Executing "{yosys -c /openlane/scripts/yosys/blackbox.tcl}"

Sat May 31 04:05:37 +0000 2025 - Executing "{verilator -Wall --lint-only --Wno-DECLFILENAME --top-module register_alu /openlane/designs/register_alu/runs/RUN_2025.05.31_04.05.36/tmp/synthesis/blackbox/sky130_fd_sc_hd__blackbox.v /openlane/designs/register_alu/src/alu.v /openlane/designs/register_alu/src/register_alu.v /openlane/designs/register_alu/src/register_file.v -Wno-fatal --relative-includes |& tee /openlane/designs/register_alu/runs/RUN_2025.05.31_04.05.36/logs/synthesis/linter.log /dev/null}"

Sat May 31 04:05:37 +0000 2025 - Executing "{sed -E {s/^([[:space:]]+)pg_pin(.*)/\1pin\2\n\1    direction : "inout";/g} /home/briandeniz/.volare/sky130A/libs.ref/sky130_fd_sc_hd/lib/sky130_fd_sc_hd__tt_025C_1v80.lib > /openlane/designs/register_alu/runs/RUN_2025.05.31_04.05.36/tmp/synthesis/1-sky130_fd_sc_hd__tt_025C_1v80.no_pg.lib}"

Sat May 31 04:05:37 +0000 2025 - Executing "{sed -E {s/^([[:space:]]+)pg_pin(.*)/\1pin\2\n\1    direction : "inout";/g} /openlane/designs/register_alu/runs/RUN_2025.05.31_04.05.36/tmp/synthesis/trimmed.lib > /openlane/designs/register_alu/runs/RUN_2025.05.31_04.05.36/tmp/synthesis/1-trimmed.no_pg.lib}"

Sat May 31 04:05:37 +0000 2025 - Executing "yosys -c /openlane/scripts/yosys/synth.tcl |& tee /dev/null /openlane/designs/register_alu/runs/RUN_2025.05.31_04.05.36/logs/synthesis/1-synthesis.log"

Sat May 31 04:05:37 +0000 2025 - Executing "{yosys -c /openlane/scripts/yosys/synth.tcl |& tee /dev/null /openlane/designs/register_alu/runs/RUN_2025.05.31_04.05.36/logs/synthesis/1-synthesis.log}"

Sat May 31 04:05:41 +0000 2025 - Executing "{sed -i.bak -e {s/\(set ::env(CURRENT_NETLIST)\).*/\1 \/openlane\/designs\/register_alu\/runs\/RUN_2025.05.31_04.05.36\/results\/synthesis\/register_alu.v/} /openlane/designs/register_alu/runs/RUN_2025.05.31_04.05.36/config.tcl}"

Sat May 31 04:05:41 +0000 2025 - Executing "{sed -i.bak /defparam/d /openlane/designs/register_alu/runs/RUN_2025.05.31_04.05.36/results/synthesis/register_alu.v}"

Sat May 31 04:05:41 +0000 2025 - Executing "sta -exit -no_init /openlane/scripts/openroad/sta/multi_corner.tcl |& tee /dev/null /openlane/designs/register_alu/runs/RUN_2025.05.31_04.05.36/logs/synthesis/2-sta.log"

Sat May 31 04:05:41 +0000 2025 - Executing "{sta -exit -no_init /openlane/scripts/openroad/sta/multi_corner.tcl |& tee /dev/null /openlane/designs/register_alu/runs/RUN_2025.05.31_04.05.36/logs/synthesis/2-sta.log}"

Sat May 31 04:05:42 +0000 2025 - Executing "openroad -exit /openlane/scripts/openroad/floorplan.tcl |& tee /dev/null /openlane/designs/register_alu/runs/RUN_2025.05.31_04.05.36/logs/floorplan/3-initial_fp.log"

Sat May 31 04:05:42 +0000 2025 - Executing "{openroad -exit /openlane/scripts/openroad/floorplan.tcl |& tee /dev/null /openlane/designs/register_alu/runs/RUN_2025.05.31_04.05.36/logs/floorplan/3-initial_fp.log}"

Sat May 31 04:05:43 +0000 2025 - Executing "{openroad -exit -no_init -python /openlane/scripts/odbpy/defutil.py extract_core_dims --output-data /openlane/designs/register_alu/runs/RUN_2025.05.31_04.05.36/tmp/dimensions.txt --input-lef /openlane/designs/register_alu/runs/RUN_2025.05.31_04.05.36/tmp/merged.nom.lef /openlane/designs/register_alu/runs/RUN_2025.05.31_04.05.36/tmp/floorplan/3-initial_fp.def}"

Sat May 31 04:05:43 +0000 2025 - Executing "{openroad -exit -no_init -python /openlane/scripts/odbpy/io_place.py --config /openlane/designs/register_alu/pin_order.cfg --hor-layer met3 --ver-layer met2 --ver-width-mult 2 --hor-width-mult 2 --hor-extension 0 --ver-extension 0 --length 4 --unmatched-error --input-lef /openlane/designs/register_alu/runs/RUN_2025.05.31_04.05.36/tmp/merged.nom.lef --output-def /openlane/designs/register_alu/runs/RUN_2025.05.31_04.05.36/tmp/floorplan/4-io.def --output /openlane/designs/register_alu/runs/RUN_2025.05.31_04.05.36/tmp/floorplan/4-io.odb /openlane/designs/register_alu/runs/RUN_2025.05.31_04.05.36/tmp/floorplan/3-initial_fp.odb |& tee /dev/null /openlane/designs/register_alu/runs/RUN_2025.05.31_04.05.36/logs/floorplan/4-place_io.log}"

Sat May 31 04:05:43 +0000 2025 - Executing "openroad -exit /openlane/scripts/openroad/tapcell.tcl |& tee /dev/null /openlane/designs/register_alu/runs/RUN_2025.05.31_04.05.36/logs/floorplan/5-tap.log"

Sat May 31 04:05:43 +0000 2025 - Executing "{openroad -exit /openlane/scripts/openroad/tapcell.tcl |& tee /dev/null /openlane/designs/register_alu/runs/RUN_2025.05.31_04.05.36/logs/floorplan/5-tap.log}"

Sat May 31 04:05:44 +0000 2025 - Executing "openroad -exit /openlane/scripts/openroad/pdn.tcl |& tee /dev/null /openlane/designs/register_alu/runs/RUN_2025.05.31_04.05.36/logs/floorplan/6-pdn.log"

Sat May 31 04:05:44 +0000 2025 - Executing "{openroad -exit /openlane/scripts/openroad/pdn.tcl |& tee /dev/null /openlane/designs/register_alu/runs/RUN_2025.05.31_04.05.36/logs/floorplan/6-pdn.log}"

Sat May 31 04:05:48 +0000 2025 - Executing "openroad -exit /openlane/scripts/openroad/gpl.tcl |& tee /dev/null /openlane/designs/register_alu/runs/RUN_2025.05.31_04.05.36/logs/placement/6-global.log"

Sat May 31 04:05:48 +0000 2025 - Executing "{openroad -exit /openlane/scripts/openroad/gpl.tcl |& tee /dev/null /openlane/designs/register_alu/runs/RUN_2025.05.31_04.05.36/logs/placement/6-global.log}"

Sat May 31 04:05:56 +0000 2025 - Executing "{sed -i.bak -e {s/\(set ::env(CURRENT_NETLIST)\).*/\1 \/openlane\/designs\/register_alu\/runs\/RUN_2025.05.31_04.05.36\/tmp\/placement\/7-global.nl.v/} /openlane/designs/register_alu/runs/RUN_2025.05.31_04.05.36/config.tcl}"

Sat May 31 04:05:57 +0000 2025 - Executing "openroad -exit /openlane/scripts/openroad/sta/multi_corner.tcl |& tee /dev/null /openlane/designs/register_alu/runs/RUN_2025.05.31_04.05.36/logs/placement/8-gpl_sta.log"

Sat May 31 04:05:57 +0000 2025 - Executing "{openroad -exit /openlane/scripts/openroad/sta/multi_corner.tcl |& tee /dev/null /openlane/designs/register_alu/runs/RUN_2025.05.31_04.05.36/logs/placement/8-gpl_sta.log}"

Sat May 31 04:05:58 +0000 2025 - Executing "openroad -exit /openlane/scripts/openroad/resizer.tcl |& tee /dev/null /openlane/designs/register_alu/runs/RUN_2025.05.31_04.05.36/logs/placement/9-resizer.log"

Sat May 31 04:05:58 +0000 2025 - Executing "{openroad -exit /openlane/scripts/openroad/resizer.tcl |& tee /dev/null /openlane/designs/register_alu/runs/RUN_2025.05.31_04.05.36/logs/placement/9-resizer.log}"

Sat May 31 04:06:02 +0000 2025 - Executing "{sed -i.bak -e {s/\(set ::env(CURRENT_NETLIST)\).*/\1 \/openlane\/designs\/register_alu\/runs\/RUN_2025.05.31_04.05.36\/tmp\/placement\/9-resizer.nl.v/} /openlane/designs/register_alu/runs/RUN_2025.05.31_04.05.36/config.tcl}"

Sat May 31 04:06:03 +0000 2025 - Executing "openroad -exit /openlane/scripts/openroad/dpl.tcl |& tee /dev/null /openlane/designs/register_alu/runs/RUN_2025.05.31_04.05.36/logs/placement/10-detailed.log"

Sat May 31 04:06:03 +0000 2025 - Executing "{openroad -exit /openlane/scripts/openroad/dpl.tcl |& tee /dev/null /openlane/designs/register_alu/runs/RUN_2025.05.31_04.05.36/logs/placement/10-detailed.log}"

Sat May 31 04:06:04 +0000 2025 - Executing "{sed -i.bak -e {s/\(set ::env(CURRENT_NETLIST)\).*/\1 \/openlane\/designs\/register_alu\/runs\/RUN_2025.05.31_04.05.36\/results\/placement\/register_alu.nl.v/} /openlane/designs/register_alu/runs/RUN_2025.05.31_04.05.36/config.tcl}"

Sat May 31 04:06:04 +0000 2025 - Executing "openroad -exit /openlane/scripts/openroad/sta/multi_corner.tcl |& tee /dev/null /openlane/designs/register_alu/runs/RUN_2025.05.31_04.05.36/logs/placement/11-dpl_sta.log"

Sat May 31 04:06:04 +0000 2025 - Executing "{openroad -exit /openlane/scripts/openroad/sta/multi_corner.tcl |& tee /dev/null /openlane/designs/register_alu/runs/RUN_2025.05.31_04.05.36/logs/placement/11-dpl_sta.log}"

Sat May 31 04:06:05 +0000 2025 - Executing "openroad -exit /openlane/scripts/openroad/cts.tcl |& tee /dev/null /openlane/designs/register_alu/runs/RUN_2025.05.31_04.05.36/logs/cts/12-cts.log"

Sat May 31 04:06:05 +0000 2025 - Executing "{openroad -exit /openlane/scripts/openroad/cts.tcl |& tee /dev/null /openlane/designs/register_alu/runs/RUN_2025.05.31_04.05.36/logs/cts/12-cts.log}"

Sat May 31 04:06:13 +0000 2025 - Executing "openroad -exit /openlane/scripts/openroad/sta/multi_corner.tcl |& tee /dev/null /openlane/designs/register_alu/runs/RUN_2025.05.31_04.05.36/logs/cts/13-cts_sta.log"

Sat May 31 04:06:13 +0000 2025 - Executing "{openroad -exit /openlane/scripts/openroad/sta/multi_corner.tcl |& tee /dev/null /openlane/designs/register_alu/runs/RUN_2025.05.31_04.05.36/logs/cts/13-cts_sta.log}"

Sat May 31 04:06:15 +0000 2025 - Executing "openroad -exit /openlane/scripts/openroad/resizer_timing.tcl |& tee /dev/null /openlane/designs/register_alu/runs/RUN_2025.05.31_04.05.36/logs/cts/14-resizer.log"

Sat May 31 04:06:15 +0000 2025 - Executing "{openroad -exit /openlane/scripts/openroad/resizer_timing.tcl |& tee /dev/null /openlane/designs/register_alu/runs/RUN_2025.05.31_04.05.36/logs/cts/14-resizer.log}"

Sat May 31 04:06:18 +0000 2025 - Executing "{sed -i.bak -e {s/\(set ::env(CURRENT_NETLIST)\).*/\1 \/openlane\/designs\/register_alu\/runs\/RUN_2025.05.31_04.05.36\/tmp\/cts\/14-register_alu.resized.nl.v/} /openlane/designs/register_alu/runs/RUN_2025.05.31_04.05.36/config.tcl}"

Sat May 31 04:06:18 +0000 2025 - Executing "openroad -exit /openlane/scripts/openroad/resizer_routing_design.tcl |& tee /dev/null /openlane/designs/register_alu/runs/RUN_2025.05.31_04.05.36/logs/routing/15-resizer_design.log"

Sat May 31 04:06:18 +0000 2025 - Executing "{openroad -exit /openlane/scripts/openroad/resizer_routing_design.tcl |& tee /dev/null /openlane/designs/register_alu/runs/RUN_2025.05.31_04.05.36/logs/routing/15-resizer_design.log}"

Sat May 31 04:06:23 +0000 2025 - Executing "{sed -i.bak -e {s/\(set ::env(CURRENT_NETLIST)\).*/\1 \/openlane\/designs\/register_alu\/runs\/RUN_2025.05.31_04.05.36\/tmp\/15-register_alu.nl.v/} /openlane/designs/register_alu/runs/RUN_2025.05.31_04.05.36/config.tcl}"

Sat May 31 04:06:23 +0000 2025 - Executing "openroad -exit /openlane/scripts/openroad/sta/multi_corner.tcl |& tee /dev/null /openlane/designs/register_alu/runs/RUN_2025.05.31_04.05.36/logs/routing/16-rsz_design_sta.log"

Sat May 31 04:06:23 +0000 2025 - Executing "{openroad -exit /openlane/scripts/openroad/sta/multi_corner.tcl |& tee /dev/null /openlane/designs/register_alu/runs/RUN_2025.05.31_04.05.36/logs/routing/16-rsz_design_sta.log}"

Sat May 31 04:06:25 +0000 2025 - Executing "openroad -exit /openlane/scripts/openroad/resizer_routing_timing.tcl |& tee /dev/null /openlane/designs/register_alu/runs/RUN_2025.05.31_04.05.36/logs/routing/17-resizer_timing.log"

Sat May 31 04:06:25 +0000 2025 - Executing "{openroad -exit /openlane/scripts/openroad/resizer_routing_timing.tcl |& tee /dev/null /openlane/designs/register_alu/runs/RUN_2025.05.31_04.05.36/logs/routing/17-resizer_timing.log}"

Sat May 31 04:06:29 +0000 2025 - Executing "{sed -i.bak -e {s/\(set ::env(CURRENT_NETLIST)\).*/\1 \/openlane\/designs\/register_alu\/runs\/RUN_2025.05.31_04.05.36\/tmp\/17-register_alu.nl.v/} /openlane/designs/register_alu/runs/RUN_2025.05.31_04.05.36/config.tcl}"

Sat May 31 04:06:29 +0000 2025 - Executing "openroad -exit /openlane/scripts/openroad/sta/multi_corner.tcl |& tee /dev/null /openlane/designs/register_alu/runs/RUN_2025.05.31_04.05.36/logs/routing/18-rsz_timing_sta.log"

Sat May 31 04:06:29 +0000 2025 - Executing "{openroad -exit /openlane/scripts/openroad/sta/multi_corner.tcl |& tee /dev/null /openlane/designs/register_alu/runs/RUN_2025.05.31_04.05.36/logs/routing/18-rsz_timing_sta.log}"

Sat May 31 04:06:32 +0000 2025 - Executing "{openroad -exit -no_init -python /openlane/scripts/odbpy/diodes.py place --diode-cell sky130_fd_sc_hd__diode_2 --diode-pin DIODE --threshold Infinity --side-strategy source --port-protect both --input-lef /openlane/designs/register_alu/runs/RUN_2025.05.31_04.05.36/tmp/merged.nom.lef --output-def /openlane/designs/register_alu/runs/RUN_2025.05.31_04.05.36/tmp/routing/19-io_diodes.def --output /openlane/designs/register_alu/runs/RUN_2025.05.31_04.05.36/tmp/routing/19-io_diodes.odb /openlane/designs/register_alu/runs/RUN_2025.05.31_04.05.36/tmp/17-register_alu.odb |& tee /dev/null /openlane/designs/register_alu/runs/RUN_2025.05.31_04.05.36/logs/routing/19-io_diodes.log}"

Sat May 31 04:06:33 +0000 2025 - Executing "openroad -exit /openlane/scripts/openroad/dpl.tcl |& tee /dev/null /openlane/designs/register_alu/runs/RUN_2025.05.31_04.05.36/logs/routing/20-io_diode_legalization.log"

Sat May 31 04:06:33 +0000 2025 - Executing "{openroad -exit /openlane/scripts/openroad/dpl.tcl |& tee /dev/null /openlane/designs/register_alu/runs/RUN_2025.05.31_04.05.36/logs/routing/20-io_diode_legalization.log}"

Sat May 31 04:06:34 +0000 2025 - Executing "{sed -i.bak -e {s/\(set ::env(CURRENT_NETLIST)\).*/\1 \/openlane\/designs\/register_alu\/runs\/RUN_2025.05.31_04.05.36\/tmp\/routing\/.\/19-io_diode_legalized.nl.v/} /openlane/designs/register_alu/runs/RUN_2025.05.31_04.05.36/config.tcl}"

Sat May 31 04:06:34 +0000 2025 - Executing "{openroad -exit -no_init -python /openlane/scripts/odbpy/diodes.py place --diode-cell sky130_fd_sc_hd__diode_2 --diode-pin DIODE --threshold 90 --side-strategy source --port-protect none --input-lef /openlane/designs/register_alu/runs/RUN_2025.05.31_04.05.36/tmp/merged.nom.lef --output-def /openlane/designs/register_alu/runs/RUN_2025.05.31_04.05.36/tmp/routing/21-diodes.def --output /openlane/designs/register_alu/runs/RUN_2025.05.31_04.05.36/tmp/routing/21-diodes.odb /openlane/designs/register_alu/runs/RUN_2025.05.31_04.05.36/tmp/routing/./19-io_diode_legalized.odb |& tee /dev/null /openlane/designs/register_alu/runs/RUN_2025.05.31_04.05.36/logs/routing/21-diodes.log}"

Sat May 31 04:06:35 +0000 2025 - Executing "openroad -exit /openlane/scripts/openroad/dpl.tcl |& tee /dev/null /openlane/designs/register_alu/runs/RUN_2025.05.31_04.05.36/logs/routing/22-diode_legalization.log"

Sat May 31 04:06:35 +0000 2025 - Executing "{openroad -exit /openlane/scripts/openroad/dpl.tcl |& tee /dev/null /openlane/designs/register_alu/runs/RUN_2025.05.31_04.05.36/logs/routing/22-diode_legalization.log}"

Sat May 31 04:06:36 +0000 2025 - Executing "{sed -i.bak -e {s/\(set ::env(CURRENT_NETLIST)\).*/\1 \/openlane\/designs\/register_alu\/runs\/RUN_2025.05.31_04.05.36\/tmp\/routing\/.\/21-diodes_legalized.nl.v/} /openlane/designs/register_alu/runs/RUN_2025.05.31_04.05.36/config.tcl}"

Sat May 31 04:06:36 +0000 2025 - Executing "openroad -exit /openlane/scripts/openroad/repair_antennas.tcl |& tee /dev/null /openlane/designs/register_alu/runs/RUN_2025.05.31_04.05.36/logs/routing/23-global.log"

Sat May 31 04:06:36 +0000 2025 - Executing "{openroad -exit /openlane/scripts/openroad/repair_antennas.tcl |& tee /dev/null /openlane/designs/register_alu/runs/RUN_2025.05.31_04.05.36/logs/routing/23-global.log}"

Sat May 31 04:06:40 +0000 2025 - Executing "openroad -exit /openlane/scripts/openroad/write_views.tcl |& tee /dev/null /openlane/designs/register_alu/runs/RUN_2025.05.31_04.05.36/logs/routing/23-global_write_netlist.log"

Sat May 31 04:06:40 +0000 2025 - Executing "{openroad -exit /openlane/scripts/openroad/write_views.tcl |& tee /dev/null /openlane/designs/register_alu/runs/RUN_2025.05.31_04.05.36/logs/routing/23-global_write_netlist.log}"

Sat May 31 04:06:41 +0000 2025 - Executing "{sed -i.bak -e {s/\(set ::env(CURRENT_NETLIST)\).*/\1 \/openlane\/designs\/register_alu\/runs\/RUN_2025.05.31_04.05.36\/tmp\/routing\/global.nl.v/} /openlane/designs/register_alu/runs/RUN_2025.05.31_04.05.36/config.tcl}"

Sat May 31 04:06:41 +0000 2025 - Executing "openroad -exit /openlane/scripts/openroad/sta/multi_corner.tcl |& tee /dev/null /openlane/designs/register_alu/runs/RUN_2025.05.31_04.05.36/logs/routing/25-grt_sta.log"

Sat May 31 04:06:41 +0000 2025 - Executing "{openroad -exit /openlane/scripts/openroad/sta/multi_corner.tcl |& tee /dev/null /openlane/designs/register_alu/runs/RUN_2025.05.31_04.05.36/logs/routing/25-grt_sta.log}"

Sat May 31 04:06:43 +0000 2025 - Executing "openroad -exit /openlane/scripts/openroad/fill.tcl |& tee /dev/null /openlane/designs/register_alu/runs/RUN_2025.05.31_04.05.36/logs/routing/26-fill.log"

Sat May 31 04:06:43 +0000 2025 - Executing "{openroad -exit /openlane/scripts/openroad/fill.tcl |& tee /dev/null /openlane/designs/register_alu/runs/RUN_2025.05.31_04.05.36/logs/routing/26-fill.log}"

Sat May 31 04:06:47 +0000 2025 - Executing "{sed -i.bak -e {s/\(set ::env(CURRENT_NETLIST)\).*/\1 \/openlane\/designs\/register_alu\/runs\/RUN_2025.05.31_04.05.36\/tmp\/routing\/26-fill.nl.v/} /openlane/designs/register_alu/runs/RUN_2025.05.31_04.05.36/config.tcl}"

Sat May 31 04:06:47 +0000 2025 - Executing "openroad -exit -metrics /openlane/designs/register_alu/runs/RUN_2025.05.31_04.05.36/reports/routing/27-drt_metrics.json /openlane/scripts/openroad/droute.tcl |& tee /dev/null /openlane/designs/register_alu/runs/RUN_2025.05.31_04.05.36/logs/routing/27-detailed.log"

Sat May 31 04:06:47 +0000 2025 - Executing "{openroad -exit -metrics /openlane/designs/register_alu/runs/RUN_2025.05.31_04.05.36/reports/routing/27-drt_metrics.json /openlane/scripts/openroad/droute.tcl |& tee /dev/null /openlane/designs/register_alu/runs/RUN_2025.05.31_04.05.36/logs/routing/27-detailed.log}"

Sat May 31 04:09:59 +0000 2025 - Executing "{sed -i.bak -e {s/\(set ::env(CURRENT_NETLIST)\).*/\1 \/openlane\/designs\/register_alu\/runs\/RUN_2025.05.31_04.05.36\/results\/routing\/register_alu.nl.v/} /openlane/designs/register_alu/runs/RUN_2025.05.31_04.05.36/config.tcl}"

Sat May 31 04:09:59 +0000 2025 - Executing "{python3 /openlane/scripts/drc_rosetta.py tr to_klayout -o /openlane/designs/register_alu/runs/RUN_2025.05.31_04.05.36/reports/routing/drt.klayout.xml --design-name register_alu /openlane/designs/register_alu/runs/RUN_2025.05.31_04.05.36/reports/routing/drt.drc}"

Sat May 31 04:09:59 +0000 2025 - Executing "{openroad -exit -no_init -python /openlane/scripts/odbpy/wire_lengths.py --report-out /openlane/designs/register_alu/runs/RUN_2025.05.31_04.05.36/reports/routing/28-wire_lengths.csv --input-lef /openlane/designs/register_alu/runs/RUN_2025.05.31_04.05.36/tmp/merged.nom.lef --output-def /openlane/designs/register_alu/runs/RUN_2025.05.31_04.05.36/results/routing/register_alu.def --output /openlane/designs/register_alu/runs/RUN_2025.05.31_04.05.36/results/routing/register_alu.odb /openlane/designs/register_alu/runs/RUN_2025.05.31_04.05.36/results/routing/register_alu.odb |& tee /dev/null /openlane/designs/register_alu/runs/RUN_2025.05.31_04.05.36/logs/routing/28-wire_lengths.log}"

Sat May 31 04:10:02 +0000 2025 - Executing "openroad -exit /openlane/scripts/openroad/rcx.tcl |& tee /dev/null /openlane/designs/register_alu/runs/RUN_2025.05.31_04.05.36/logs/signoff/29-parasitics_extraction.min.log"

Sat May 31 04:10:02 +0000 2025 - Executing "{openroad -exit /openlane/scripts/openroad/rcx.tcl |& tee /dev/null /openlane/designs/register_alu/runs/RUN_2025.05.31_04.05.36/logs/signoff/29-parasitics_extraction.min.log}"

Sat May 31 04:10:06 +0000 2025 - Executing "sta -exit -no_init /openlane/scripts/openroad/sta/multi_corner.tcl |& tee /dev/null /openlane/designs/register_alu/runs/RUN_2025.05.31_04.05.36/logs/signoff/30-rcx_mcsta.min.log"

Sat May 31 04:10:07 +0000 2025 - Executing "{sta -exit -no_init /openlane/scripts/openroad/sta/multi_corner.tcl |& tee /dev/null /openlane/designs/register_alu/runs/RUN_2025.05.31_04.05.36/logs/signoff/30-rcx_mcsta.min.log}"

Sat May 31 04:10:21 +0000 2025 - Executing "openroad -exit /openlane/scripts/openroad/rcx.tcl |& tee /dev/null /openlane/designs/register_alu/runs/RUN_2025.05.31_04.05.36/logs/signoff/31-parasitics_extraction.max.log"

Sat May 31 04:10:21 +0000 2025 - Executing "{openroad -exit /openlane/scripts/openroad/rcx.tcl |& tee /dev/null /openlane/designs/register_alu/runs/RUN_2025.05.31_04.05.36/logs/signoff/31-parasitics_extraction.max.log}"

Sat May 31 04:10:25 +0000 2025 - Executing "sta -exit -no_init /openlane/scripts/openroad/sta/multi_corner.tcl |& tee /dev/null /openlane/designs/register_alu/runs/RUN_2025.05.31_04.05.36/logs/signoff/32-rcx_mcsta.max.log"

Sat May 31 04:10:25 +0000 2025 - Executing "{sta -exit -no_init /openlane/scripts/openroad/sta/multi_corner.tcl |& tee /dev/null /openlane/designs/register_alu/runs/RUN_2025.05.31_04.05.36/logs/signoff/32-rcx_mcsta.max.log}"

Sat May 31 04:10:40 +0000 2025 - Executing "openroad -exit /openlane/scripts/openroad/rcx.tcl |& tee /dev/null /openlane/designs/register_alu/runs/RUN_2025.05.31_04.05.36/logs/signoff/33-parasitics_extraction.nom.log"

Sat May 31 04:10:40 +0000 2025 - Executing "{openroad -exit /openlane/scripts/openroad/rcx.tcl |& tee /dev/null /openlane/designs/register_alu/runs/RUN_2025.05.31_04.05.36/logs/signoff/33-parasitics_extraction.nom.log}"

Sat May 31 04:10:44 +0000 2025 - Executing "sta -exit -no_init /openlane/scripts/openroad/sta/multi_corner.tcl |& tee /dev/null /openlane/designs/register_alu/runs/RUN_2025.05.31_04.05.36/logs/signoff/34-rcx_mcsta.nom.log"

Sat May 31 04:10:44 +0000 2025 - Executing "{sta -exit -no_init /openlane/scripts/openroad/sta/multi_corner.tcl |& tee /dev/null /openlane/designs/register_alu/runs/RUN_2025.05.31_04.05.36/logs/signoff/34-rcx_mcsta.nom.log}"

Sat May 31 04:10:58 +0000 2025 - Executing "openroad -exit /openlane/scripts/openroad/irdrop.tcl |& tee /dev/null /openlane/designs/register_alu/runs/RUN_2025.05.31_04.05.36/logs/signoff/35-irdrop.log"

Sat May 31 04:10:58 +0000 2025 - Executing "{openroad -exit /openlane/scripts/openroad/irdrop.tcl |& tee /dev/null /openlane/designs/register_alu/runs/RUN_2025.05.31_04.05.36/logs/signoff/35-irdrop.log}"

Sat May 31 04:11:17 +0000 2025 - Executing "magic -noconsole -dnull -rcfile /home/briandeniz/.volare/sky130A/libs.tech/magic/sky130A.magicrc < /openlane/scripts/magic/wrapper.tcl |& tee /dev/null /openlane/designs/register_alu/runs/RUN_2025.05.31_04.05.36/logs/signoff/36-gdsii.log"

Sat May 31 04:11:17 +0000 2025 - Executing "{magic -noconsole -dnull -rcfile /home/briandeniz/.volare/sky130A/libs.tech/magic/sky130A.magicrc < /openlane/scripts/magic/wrapper.tcl |& tee /dev/null /openlane/designs/register_alu/runs/RUN_2025.05.31_04.05.36/logs/signoff/36-gdsii.log}"

Sat May 31 04:11:30 +0000 2025 - Executing "magic -noconsole -dnull -rcfile /home/briandeniz/.volare/sky130A/libs.tech/magic/sky130A.magicrc < /openlane/scripts/magic/wrapper.tcl |& tee /dev/null /openlane/designs/register_alu/runs/RUN_2025.05.31_04.05.36/logs/signoff/36-gds_ptrs.log"

Sat May 31 04:11:30 +0000 2025 - Executing "{magic -noconsole -dnull -rcfile /home/briandeniz/.volare/sky130A/libs.tech/magic/sky130A.magicrc < /openlane/scripts/magic/wrapper.tcl |& tee /dev/null /openlane/designs/register_alu/runs/RUN_2025.05.31_04.05.36/logs/signoff/36-gds_ptrs.log}"

Sat May 31 04:11:38 +0000 2025 - Executing "{sed -i.bak -n {/^<< properties >>/,/^<< end >>/p} /openlane/designs/register_alu/runs/RUN_2025.05.31_04.05.36/tmp/signoff/gds_ptrs.mag}"

Sat May 31 04:11:39 +0000 2025 - Executing "magic -noconsole -dnull -rcfile /home/briandeniz/.volare/sky130A/libs.tech/magic/sky130A.magicrc < /openlane/scripts/magic/wrapper.tcl |& tee /dev/null /openlane/designs/register_alu/runs/RUN_2025.05.31_04.05.36/logs/signoff/36-lef.log"

Sat May 31 04:11:39 +0000 2025 - Executing "{magic -noconsole -dnull -rcfile /home/briandeniz/.volare/sky130A/libs.tech/magic/sky130A.magicrc < /openlane/scripts/magic/wrapper.tcl |& tee /dev/null /openlane/designs/register_alu/runs/RUN_2025.05.31_04.05.36/logs/signoff/36-lef.log}"

Sat May 31 04:12:47 +0000 2025 - Executing "magic -noconsole -dnull -rcfile /home/briandeniz/.volare/sky130A/libs.tech/magic/sky130A.magicrc < /openlane/scripts/magic/wrapper.tcl |& tee /dev/null /openlane/designs/register_alu/runs/RUN_2025.05.31_04.05.36/logs/signoff/36-maglef.log"

Sat May 31 04:12:47 +0000 2025 - Executing "{magic -noconsole -dnull -rcfile /home/briandeniz/.volare/sky130A/libs.tech/magic/sky130A.magicrc < /openlane/scripts/magic/wrapper.tcl |& tee /dev/null /openlane/designs/register_alu/runs/RUN_2025.05.31_04.05.36/logs/signoff/36-maglef.log}"

Sat May 31 04:12:48 +0000 2025 - Executing "{python3 /openlane/scripts/klayout/stream_out.py --output /openlane/designs/register_alu/runs/RUN_2025.05.31_04.05.36/results/signoff/register_alu.klayout.gds --lyt /home/briandeniz/.volare/sky130A/libs.tech/klayout/tech/sky130A.lyt --lym /home/briandeniz/.volare/sky130A/libs.tech/klayout/tech/sky130A.map --lyp /home/briandeniz/.volare/sky130A/libs.tech/klayout/tech/sky130A.lyp --top register_alu --with-gds-file /home/briandeniz/.volare/sky130A/libs.ref/sky130_fd_sc_hd/gds/sky130_fd_sc_hd.gds --input-lef /openlane/designs/register_alu/runs/RUN_2025.05.31_04.05.36/tmp/merged.nom.lef /openlane/designs/register_alu/runs/RUN_2025.05.31_04.05.36/results/routing/register_alu.def |& tee /dev/null /openlane/designs/register_alu/runs/RUN_2025.05.31_04.05.36/logs/signoff/37-gdsii-klayout.log}"

Sat May 31 04:12:51 +0000 2025 - Executing "{klayout -b -r /openlane/scripts/klayout/xor.drc -rd a=/openlane/designs/register_alu/runs/RUN_2025.05.31_04.05.36/results/signoff/register_alu.gds -rd b=/openlane/designs/register_alu/runs/RUN_2025.05.31_04.05.36/results/signoff/register_alu.klayout.gds -rd jobs=1 -rd rdb_out=/openlane/designs/register_alu/runs/RUN_2025.05.31_04.05.36/reports/signoff/38-xor.xml -rd ignore=81/14 -rd rpt_out=/openlane/designs/register_alu/runs/RUN_2025.05.31_04.05.36/reports/signoff/38-xor.rpt |& tee /dev/null /openlane/designs/register_alu/runs/RUN_2025.05.31_04.05.36/logs/signoff/38-xor.log}"

Sat May 31 04:13:52 +0000 2025 - Executing "magic -noconsole -dnull -rcfile /home/briandeniz/.volare/sky130A/libs.tech/magic/sky130A.magicrc < /openlane/scripts/magic/wrapper.tcl |& tee /dev/null /openlane/designs/register_alu/runs/RUN_2025.05.31_04.05.36/logs/signoff/39-spice.log"

Sat May 31 04:13:52 +0000 2025 - Executing "{magic -noconsole -dnull -rcfile /home/briandeniz/.volare/sky130A/libs.tech/magic/sky130A.magicrc < /openlane/scripts/magic/wrapper.tcl |& tee /dev/null /openlane/designs/register_alu/runs/RUN_2025.05.31_04.05.36/logs/signoff/39-spice.log}"

Sat May 31 04:14:49 +0000 2025 - Executing "{openroad -exit -no_init -python /openlane/scripts/odbpy/power_utils.py write_powered_def --output /openlane/designs/register_alu/runs/RUN_2025.05.31_04.05.36/tmp/signoff/39-register_alu.p.def --input-lef /openlane/designs/register_alu/runs/RUN_2025.05.31_04.05.36/tmp/merged.nom.lef --power-port VPWR --ground-port VGND --powered-netlist {} /openlane/designs/register_alu/runs/RUN_2025.05.31_04.05.36/results/routing/register_alu.def |& tee /dev/null /openlane/designs/register_alu/runs/RUN_2025.05.31_04.05.36/logs/signoff/40-write_powered_def.log}"

Sat May 31 04:14:53 +0000 2025 - Executing "openroad -exit /openlane/scripts/openroad/write_views.tcl |& tee /dev/null /openlane/designs/register_alu/runs/RUN_2025.05.31_04.05.36/logs/signoff/40-write_powered_verilog.log"

Sat May 31 04:14:53 +0000 2025 - Executing "{openroad -exit /openlane/scripts/openroad/write_views.tcl |& tee /dev/null /openlane/designs/register_alu/runs/RUN_2025.05.31_04.05.36/logs/signoff/40-write_powered_verilog.log}"

Sat May 31 04:14:55 +0000 2025 - Executing "{sed -i.bak -e {s/\(set ::env(CURRENT_NETLIST)\).*/\1 \/openlane\/designs\/register_alu\/runs\/RUN_2025.05.31_04.05.36\/tmp\/signoff\/39-register_alu.nl.v/} /openlane/designs/register_alu/runs/RUN_2025.05.31_04.05.36/config.tcl}"

Sat May 31 04:14:56 +0000 2025 - Executing "{netgen -batch source /openlane/designs/register_alu/runs/RUN_2025.05.31_04.05.36/tmp/signoff/42-setup_file.lef.lvs |& tee /dev/null /openlane/designs/register_alu/runs/RUN_2025.05.31_04.05.36/logs/signoff/42-lvs.lef.log}"

Sat May 31 04:15:26 +0000 2025 - Executing "magic -noconsole -dnull -rcfile /home/briandeniz/.volare/sky130A/libs.tech/magic/sky130A.magicrc < /openlane/scripts/magic/wrapper.tcl |& tee /dev/null /openlane/designs/register_alu/runs/RUN_2025.05.31_04.05.36/logs/signoff/43-drc.log"

Sat May 31 04:15:26 +0000 2025 - Executing "{magic -noconsole -dnull -rcfile /home/briandeniz/.volare/sky130A/libs.tech/magic/sky130A.magicrc < /openlane/scripts/magic/wrapper.tcl |& tee /dev/null /openlane/designs/register_alu/runs/RUN_2025.05.31_04.05.36/logs/signoff/43-drc.log}"

Sat May 31 04:19:45 +0000 2025 - Executing "{python3 /openlane/scripts/drc_rosetta.py magic to_tcl -o /openlane/designs/register_alu/runs/RUN_2025.05.31_04.05.36/reports/signoff/drc.tcl /openlane/designs/register_alu/runs/RUN_2025.05.31_04.05.36/reports/signoff/drc.rpt}"

Sat May 31 04:19:45 +0000 2025 - Executing "{python3 /openlane/scripts/drc_rosetta.py magic to_tr -o /openlane/designs/register_alu/runs/RUN_2025.05.31_04.05.36/reports/signoff/drc.tr /openlane/designs/register_alu/runs/RUN_2025.05.31_04.05.36/reports/signoff/drc.rpt}"

Sat May 31 04:19:45 +0000 2025 - Executing "{python3 /openlane/scripts/drc_rosetta.py tr to_klayout -o /openlane/designs/register_alu/runs/RUN_2025.05.31_04.05.36/reports/signoff/drc.klayout.xml --design-name register_alu /openlane/designs/register_alu/runs/RUN_2025.05.31_04.05.36/reports/signoff/drc.tr}"

Sat May 31 04:19:45 +0000 2025 - Executing "{python3 /openlane/scripts/drc_rosetta.py magic to_rdb -o /openlane/designs/register_alu/runs/RUN_2025.05.31_04.05.36/reports/signoff/drc.rdb /openlane/designs/register_alu/runs/RUN_2025.05.31_04.05.36/reports/signoff/drc.rpt}"

Sat May 31 04:19:45 +0000 2025 - Executing "{klayout -b -zz -r /home/briandeniz/.volare/sky130A/libs.tech/klayout/drc/sky130A_mr.drc -rd topcell=register_alu -rd input=/openlane/designs/register_alu/runs/RUN_2025.05.31_04.05.36/results/signoff/register_alu.gds -rd report=/openlane/designs/register_alu/runs/RUN_2025.05.31_04.05.36/reports/signoff/violations.xml -rd feol=true -rd beol=true -rd floating_metal=false -rd seal=true -rd thread=1 |& tee /dev/null /openlane/designs/register_alu/runs/RUN_2025.05.31_04.05.36/logs/signoff/44-drc-klayout.log}"

Sat May 31 04:24:49 +0000 2025 - Executing "{python3 /openlane/scripts/klayout/xml_drc_report_to_json.py --xml-file /openlane/designs/register_alu/runs/RUN_2025.05.31_04.05.36/reports/signoff/violations.xml --json-file /openlane/designs/register_alu/runs/RUN_2025.05.31_04.05.36/reports/signoff/violations.json}"

Sat May 31 04:24:50 +0000 2025 - Executing "openroad -exit /openlane/scripts/openroad/antenna_check.tcl |& tee /dev/null /openlane/designs/register_alu/runs/RUN_2025.05.31_04.05.36/logs/signoff/45-arc.log"

Sat May 31 04:24:50 +0000 2025 - Executing "{openroad -exit /openlane/scripts/openroad/antenna_check.tcl |& tee /dev/null /openlane/designs/register_alu/runs/RUN_2025.05.31_04.05.36/logs/signoff/45-arc.log}"

Sat May 31 04:24:54 +0000 2025 - Executing "{python3 /openlane/scripts/extract_antenna_violators.py --output /openlane/designs/register_alu/runs/RUN_2025.05.31_04.05.36/reports/signoff/45-antenna_violators.rpt --plain-out /openlane/designs/register_alu/runs/RUN_2025.05.31_04.05.36/reports/signoff/45-antenna_violators_pins.txt /openlane/designs/register_alu/runs/RUN_2025.05.31_04.05.36/logs/signoff/45-arc.log}"

Sat May 31 04:24:54 +0000 2025 - Executing "{python3 /openlane/scripts/write_runtime.py --conclude --seconds --time-in 1748665494 {flow completed}}"

Sat May 31 04:24:55 +0000 2025 - Executing "{python3 /openlane/scripts/generate_reports.py -d /openlane/designs/register_alu --design_name register_alu --tag RUN_2025.05.31_04.05.36 --output_file /openlane/designs/register_alu/runs/RUN_2025.05.31_04.05.36/reports/metrics.csv --man_report /openlane/designs/register_alu/runs/RUN_2025.05.31_04.05.36/reports/manufacturability.rpt --run_path /openlane/designs/register_alu/runs/RUN_2025.05.31_04.05.36}"

