
 /----------------------------------------------------------------------------\
 |                                                                            |
 |  yosys -- Yosys Open SYnthesis Suite                                       |
 |                                                                            |
 |  Copyright (C) 2012 - 2020  Claire Xenia Wolf <claire@yosyshq.com>         |
 |                                                                            |
 |  Permission to use, copy, modify, and/or distribute this software for any  |
 |  purpose with or without fee is hereby granted, provided that the above    |
 |  copyright notice and this permission notice appear in all copies.         |
 |                                                                            |
 |  THE SOFTWARE IS PROVIDED "AS IS" AND THE AUTHOR DISCLAIMS ALL WARRANTIES  |
 |  WITH REGARD TO THIS SOFTWARE INCLUDING ALL IMPLIED WARRANTIES OF          |
 |  MERCHANTABILITY AND FITNESS. IN NO EVENT SHALL THE AUTHOR BE LIABLE FOR   |
 |  ANY SPECIAL, DIRECT, INDIRECT, OR CONSEQUENTIAL DAMAGES OR ANY DAMAGES    |
 |  WHATSOEVER RESULTING FROM LOSS OF USE, DATA OR PROFITS, WHETHER IN AN     |
 |  ACTION OF CONTRACT, NEGLIGENCE OR OTHER TORTIOUS ACTION, ARISING OUT OF   |
 |  OR IN CONNECTION WITH THE USE OR PERFORMANCE OF THIS SOFTWARE.            |
 |                                                                            |
 \----------------------------------------------------------------------------/

 Yosys 0.38 (git sha1 543faed9c8c, clang++ 17.0.6 -fPIC -Os)

[TCL: yosys -import] Command name collision: found pre-existing command `cd' -> skip.
[TCL: yosys -import] Command name collision: found pre-existing command `eval' -> skip.
[TCL: yosys -import] Command name collision: found pre-existing command `exec' -> skip.
[TCL: yosys -import] Command name collision: found pre-existing command `read' -> skip.
[TCL: yosys -import] Command name collision: found pre-existing command `trace' -> skip.

1. Executing Liberty frontend: /home/briandeniz/.volare/sky130A/libs.ref/sky130_fd_sc_hd/lib/sky130_fd_sc_hd__tt_025C_1v80.lib
Imported 428 cell types from liberty file.

2. Executing Verilog-2005 frontend: /openlane/designs/register_alu/src/alu.v
Parsing SystemVerilog input from `/openlane/designs/register_alu/src/alu.v' to AST representation.
Storing AST representation for module `$abstract\alu'.
Successfully finished Verilog frontend.

3. Executing Verilog-2005 frontend: /openlane/designs/register_alu/src/register_alu.v
Parsing SystemVerilog input from `/openlane/designs/register_alu/src/register_alu.v' to AST representation.
Storing AST representation for module `$abstract\register_alu'.
Successfully finished Verilog frontend.

4. Executing Verilog-2005 frontend: /openlane/designs/register_alu/src/register_file.v
Parsing SystemVerilog input from `/openlane/designs/register_alu/src/register_file.v' to AST representation.
Storing AST representation for module `$abstract\register_file'.
Successfully finished Verilog frontend.

5. Executing HIERARCHY pass (managing design hierarchy).

6. Executing AST frontend in derive mode using pre-parsed AST for module `\register_alu'.
Generating RTLIL representation for module `\register_alu'.

6.1. Analyzing design hierarchy..
Top module:  \register_alu

6.2. Executing AST frontend in derive mode using pre-parsed AST for module `\alu'.
Generating RTLIL representation for module `\alu'.

6.3. Executing AST frontend in derive mode using pre-parsed AST for module `\register_file'.
Generating RTLIL representation for module `\register_file'.

6.4. Analyzing design hierarchy..
Top module:  \register_alu
Used module:     \alu
Used module:     \register_file

6.5. Analyzing design hierarchy..
Top module:  \register_alu
Used module:     \alu
Used module:     \register_file
Removing unused module `$abstract\register_file'.
Removing unused module `$abstract\register_alu'.
Removing unused module `$abstract\alu'.
Removed 3 unused modules.

7. Generating Graphviz representation of design.
Writing dot description to `/openlane/designs/register_alu/runs/RUN_2025.05.31_04.05.36/tmp/synthesis/hierarchy.dot'.
Dumping module register_alu to page 1.
Renaming module register_alu to register_alu.

8. Executing TRIBUF pass.

9. Executing HIERARCHY pass (managing design hierarchy).

9.1. Analyzing design hierarchy..
Top module:  \register_alu
Used module:     \alu
Used module:     \register_file

9.2. Analyzing design hierarchy..
Top module:  \register_alu
Used module:     \alu
Used module:     \register_file
Removed 0 unused modules.

10. Executing PROC_CLEAN pass (remove empty switches from decision trees).
Cleaned up 0 empty switches.

11. Executing PROC_RMDEAD pass (remove dead branches from decision trees).
Removed 1 dead cases from process $proc$/openlane/designs/register_alu/src/alu.v:7$1 in module alu.
Marked 1 switch rules as full_case in process $proc$/openlane/designs/register_alu/src/alu.v:7$1 in module alu.
Marked 1 switch rules as full_case in process $proc$/openlane/designs/register_alu/src/register_file.v:13$9 in module register_file.
Removed a total of 1 dead cases.

12. Executing PROC_PRUNE pass (remove redundant assignments in processes).
Removed 0 redundant assignments.
Promoted 4 assignments to connections.

13. Executing PROC_INIT pass (extract init attributes).

14. Executing PROC_ARST pass (detect async resets in processes).

15. Executing PROC_ROM pass (convert switches to ROMs).
Converted 0 switches.
<suppressed ~2 debug messages>

16. Executing PROC_MUX pass (convert decision trees to multiplexers).
Creating decoders for process `\alu.$proc$/openlane/designs/register_alu/src/alu.v:7$1'.
     1/1: $1\result[31:0]
Creating decoders for process `\register_file.$proc$/openlane/designs/register_alu/src/register_file.v:13$9'.
     1/3: $1$memwr$\registers$/openlane/designs/register_alu/src/register_file.v:15$6_EN[31:0]$15
     2/3: $1$memwr$\registers$/openlane/designs/register_alu/src/register_file.v:15$6_DATA[31:0]$14
     3/3: $1$memwr$\registers$/openlane/designs/register_alu/src/register_file.v:15$6_ADDR[4:0]$13

17. Executing PROC_DLATCH pass (convert process syncs to latches).
No latch inferred for signal `\alu.\result' from process `\alu.$proc$/openlane/designs/register_alu/src/alu.v:7$1'.

18. Executing PROC_DFF pass (convert process syncs to FFs).
Creating register for signal `\register_file.$memwr$\registers$/openlane/designs/register_alu/src/register_file.v:15$6_ADDR' using process `\register_file.$proc$/openlane/designs/register_alu/src/register_file.v:13$9'.
  created $dff cell `$procdff$30' with positive edge clock.
Creating register for signal `\register_file.$memwr$\registers$/openlane/designs/register_alu/src/register_file.v:15$6_DATA' using process `\register_file.$proc$/openlane/designs/register_alu/src/register_file.v:13$9'.
  created $dff cell `$procdff$31' with positive edge clock.
Creating register for signal `\register_file.$memwr$\registers$/openlane/designs/register_alu/src/register_file.v:15$6_EN' using process `\register_file.$proc$/openlane/designs/register_alu/src/register_file.v:13$9'.
  created $dff cell `$procdff$32' with positive edge clock.

19. Executing PROC_MEMWR pass (convert process memory writes to cells).

20. Executing PROC_CLEAN pass (remove empty switches from decision trees).
Found and cleaned up 1 empty switch in `\alu.$proc$/openlane/designs/register_alu/src/alu.v:7$1'.
Removing empty process `alu.$proc$/openlane/designs/register_alu/src/alu.v:7$1'.
Found and cleaned up 1 empty switch in `\register_file.$proc$/openlane/designs/register_alu/src/register_file.v:13$9'.
Removing empty process `register_file.$proc$/openlane/designs/register_alu/src/register_file.v:13$9'.
Cleaned up 2 empty switches.

21. Executing CHECK pass (checking for obvious problems).
Checking module register_alu...
Checking module alu...
Checking module register_file...
Found and reported 0 problems.

22. Executing OPT_EXPR pass (perform const folding).
Optimizing module register_alu.
Optimizing module alu.
<suppressed ~1 debug messages>
Optimizing module register_file.

23. Executing FLATTEN pass (flatten design).
Deleting now unused module alu.
Deleting now unused module register_file.
<suppressed ~2 debug messages>

24. Executing OPT_EXPR pass (perform const folding).
Optimizing module register_alu.

25. Executing OPT_CLEAN pass (remove unused cells and wires).
Finding unused cells or wires in module \register_alu..
Removed 3 unused cells and 17 unused wires.
<suppressed ~4 debug messages>

26. Executing OPT pass (performing simple optimizations).

26.1. Executing OPT_EXPR pass (perform const folding).
Optimizing module register_alu.

26.2. Executing OPT_MERGE pass (detect identical cells).
Finding identical cells in module `\register_alu'.
Removed a total of 0 cells.

26.3. Executing OPT_MUXTREE pass (detect dead branches in mux trees).
Running muxtree optimizer on module \register_alu..
  Creating internal representation of mux trees.
  Evaluating internal representation of mux trees.
  Analyzing evaluation results.
Removed 0 multiplexer ports.
<suppressed ~4 debug messages>

26.4. Executing OPT_REDUCE pass (consolidate $*mux and $reduce_* inputs).
  Optimizing cells in module \register_alu.
    Consolidated identical input bits for $mux cell $flatten\rf.$procmux$22:
      Old ports: A=0, B=32'11111111111111111111111111111111, Y=$flatten\rf.$0$memwr$\registers$/openlane/designs/register_alu/src/register_file.v:15$6_EN[31:0]$12
      New ports: A=1'0, B=1'1, Y=$flatten\rf.$0$memwr$\registers$/openlane/designs/register_alu/src/register_file.v:15$6_EN[31:0]$12 [0]
      New connections: $flatten\rf.$0$memwr$\registers$/openlane/designs/register_alu/src/register_file.v:15$6_EN[31:0]$12 [31:1] = { $flatten\rf.$0$memwr$\registers$/openlane/designs/register_alu/src/register_file.v:15$6_EN[31:0]$12 [0] $flatten\rf.$0$memwr$\registers$/openlane/designs/register_alu/src/register_file.v:15$6_EN[31:0]$12 [0] $flatten\rf.$0$memwr$\registers$/openlane/designs/register_alu/src/register_file.v:15$6_EN[31:0]$12 [0] $flatten\rf.$0$memwr$\registers$/openlane/designs/register_alu/src/register_file.v:15$6_EN[31:0]$12 [0] $flatten\rf.$0$memwr$\registers$/openlane/designs/register_alu/src/register_file.v:15$6_EN[31:0]$12 [0] $flatten\rf.$0$memwr$\registers$/openlane/designs/register_alu/src/register_file.v:15$6_EN[31:0]$12 [0] $flatten\rf.$0$memwr$\registers$/openlane/designs/register_alu/src/register_file.v:15$6_EN[31:0]$12 [0] $flatten\rf.$0$memwr$\registers$/openlane/designs/register_alu/src/register_file.v:15$6_EN[31:0]$12 [0] $flatten\rf.$0$memwr$\registers$/openlane/designs/register_alu/src/register_file.v:15$6_EN[31:0]$12 [0] $flatten\rf.$0$memwr$\registers$/openlane/designs/register_alu/src/register_file.v:15$6_EN[31:0]$12 [0] $flatten\rf.$0$memwr$\registers$/openlane/designs/register_alu/src/register_file.v:15$6_EN[31:0]$12 [0] $flatten\rf.$0$memwr$\registers$/openlane/designs/register_alu/src/register_file.v:15$6_EN[31:0]$12 [0] $flatten\rf.$0$memwr$\registers$/openlane/designs/register_alu/src/register_file.v:15$6_EN[31:0]$12 [0] $flatten\rf.$0$memwr$\registers$/openlane/designs/register_alu/src/register_file.v:15$6_EN[31:0]$12 [0] $flatten\rf.$0$memwr$\registers$/openlane/designs/register_alu/src/register_file.v:15$6_EN[31:0]$12 [0] $flatten\rf.$0$memwr$\registers$/openlane/designs/register_alu/src/register_file.v:15$6_EN[31:0]$12 [0] $flatten\rf.$0$memwr$\registers$/openlane/designs/register_alu/src/register_file.v:15$6_EN[31:0]$12 [0] $flatten\rf.$0$memwr$\registers$/openlane/designs/register_alu/src/register_file.v:15$6_EN[31:0]$12 [0] $flatten\rf.$0$memwr$\registers$/openlane/designs/register_alu/src/register_file.v:15$6_EN[31:0]$12 [0] $flatten\rf.$0$memwr$\registers$/openlane/designs/register_alu/src/register_file.v:15$6_EN[31:0]$12 [0] $flatten\rf.$0$memwr$\registers$/openlane/designs/register_alu/src/register_file.v:15$6_EN[31:0]$12 [0] $flatten\rf.$0$memwr$\registers$/openlane/designs/register_alu/src/register_file.v:15$6_EN[31:0]$12 [0] $flatten\rf.$0$memwr$\registers$/openlane/designs/register_alu/src/register_file.v:15$6_EN[31:0]$12 [0] $flatten\rf.$0$memwr$\registers$/openlane/designs/register_alu/src/register_file.v:15$6_EN[31:0]$12 [0] $flatten\rf.$0$memwr$\registers$/openlane/designs/register_alu/src/register_file.v:15$6_EN[31:0]$12 [0] $flatten\rf.$0$memwr$\registers$/openlane/designs/register_alu/src/register_file.v:15$6_EN[31:0]$12 [0] $flatten\rf.$0$memwr$\registers$/openlane/designs/register_alu/src/register_file.v:15$6_EN[31:0]$12 [0] $flatten\rf.$0$memwr$\registers$/openlane/designs/register_alu/src/register_file.v:15$6_EN[31:0]$12 [0] $flatten\rf.$0$memwr$\registers$/openlane/designs/register_alu/src/register_file.v:15$6_EN[31:0]$12 [0] $flatten\rf.$0$memwr$\registers$/openlane/designs/register_alu/src/register_file.v:15$6_EN[31:0]$12 [0] $flatten\rf.$0$memwr$\registers$/openlane/designs/register_alu/src/register_file.v:15$6_EN[31:0]$12 [0] }
  Optimizing cells in module \register_alu.
Performed a total of 1 changes.

26.5. Executing OPT_MERGE pass (detect identical cells).
Finding identical cells in module `\register_alu'.
Removed a total of 0 cells.

26.6. Executing OPT_DFF pass (perform DFF optimizations).

26.7. Executing OPT_CLEAN pass (remove unused cells and wires).
Finding unused cells or wires in module \register_alu..

26.8. Executing OPT_EXPR pass (perform const folding).
Optimizing module register_alu.

26.9. Rerunning OPT passes. (Maybe there is more to do..)

26.10. Executing OPT_MUXTREE pass (detect dead branches in mux trees).
Running muxtree optimizer on module \register_alu..
  Creating internal representation of mux trees.
  Evaluating internal representation of mux trees.
  Analyzing evaluation results.
Removed 0 multiplexer ports.
<suppressed ~4 debug messages>

26.11. Executing OPT_REDUCE pass (consolidate $*mux and $reduce_* inputs).
  Optimizing cells in module \register_alu.
Performed a total of 0 changes.

26.12. Executing OPT_MERGE pass (detect identical cells).
Finding identical cells in module `\register_alu'.
Removed a total of 0 cells.

26.13. Executing OPT_DFF pass (perform DFF optimizations).

26.14. Executing OPT_CLEAN pass (remove unused cells and wires).
Finding unused cells or wires in module \register_alu..

26.15. Executing OPT_EXPR pass (perform const folding).
Optimizing module register_alu.

26.16. Finished OPT passes. (There is nothing left to do.)

27. Executing FSM pass (extract and optimize FSM).

27.1. Executing FSM_DETECT pass (finding FSMs in design).

27.2. Executing FSM_EXTRACT pass (extracting FSM from design).

27.3. Executing FSM_OPT pass (simple optimizations of FSMs).

27.4. Executing OPT_CLEAN pass (remove unused cells and wires).
Finding unused cells or wires in module \register_alu..

27.5. Executing FSM_OPT pass (simple optimizations of FSMs).

27.6. Executing FSM_RECODE pass (re-assigning FSM state encoding).

27.7. Executing FSM_INFO pass (dumping all available information on FSM cells).

27.8. Executing FSM_MAP pass (mapping FSMs to basic logic).

28. Executing OPT pass (performing simple optimizations).

28.1. Executing OPT_EXPR pass (perform const folding).
Optimizing module register_alu.

28.2. Executing OPT_MERGE pass (detect identical cells).
Finding identical cells in module `\register_alu'.
Removed a total of 0 cells.

28.3. Executing OPT_MUXTREE pass (detect dead branches in mux trees).
Running muxtree optimizer on module \register_alu..
  Creating internal representation of mux trees.
  Evaluating internal representation of mux trees.
  Analyzing evaluation results.
Removed 0 multiplexer ports.
<suppressed ~4 debug messages>

28.4. Executing OPT_REDUCE pass (consolidate $*mux and $reduce_* inputs).
  Optimizing cells in module \register_alu.
Performed a total of 0 changes.

28.5. Executing OPT_MERGE pass (detect identical cells).
Finding identical cells in module `\register_alu'.
Removed a total of 0 cells.

28.6. Executing OPT_DFF pass (perform DFF optimizations).

28.7. Executing OPT_CLEAN pass (remove unused cells and wires).
Finding unused cells or wires in module \register_alu..

28.8. Executing OPT_EXPR pass (perform const folding).
Optimizing module register_alu.

28.9. Finished OPT passes. (There is nothing left to do.)

29. Executing WREDUCE pass (reducing word size of cells).
Removed top 1 bits (of 2) from port B of cell register_alu.$flatten\a1_unit.$procmux$19_CMP0 ($eq).

30. Executing PEEPOPT pass (run peephole optimizers).

31. Executing OPT_CLEAN pass (remove unused cells and wires).
Finding unused cells or wires in module \register_alu..

32. Executing ALUMACC pass (create $alu and $macc cells).
Extracting $alu and $macc cells in module register_alu:
  creating $macc model for $flatten\a1_unit.$add$/openlane/designs/register_alu/src/alu.v:9$2 ($add).
  creating $macc model for $flatten\a1_unit.$sub$/openlane/designs/register_alu/src/alu.v:10$3 ($sub).
  creating $alu model for $macc $flatten\a1_unit.$sub$/openlane/designs/register_alu/src/alu.v:10$3.
  creating $alu model for $macc $flatten\a1_unit.$add$/openlane/designs/register_alu/src/alu.v:9$2.
  creating $alu cell for $flatten\a1_unit.$add$/openlane/designs/register_alu/src/alu.v:9$2: $auto$alumacc.cc:485:replace_alu$34
  creating $alu cell for $flatten\a1_unit.$sub$/openlane/designs/register_alu/src/alu.v:10$3: $auto$alumacc.cc:485:replace_alu$37
  created 2 $alu and 0 $macc cells.

33. Executing SHARE pass (SAT-based resource sharing).

34. Executing OPT pass (performing simple optimizations).

34.1. Executing OPT_EXPR pass (perform const folding).
Optimizing module register_alu.

34.2. Executing OPT_MERGE pass (detect identical cells).
Finding identical cells in module `\register_alu'.
Removed a total of 0 cells.

34.3. Executing OPT_MUXTREE pass (detect dead branches in mux trees).
Running muxtree optimizer on module \register_alu..
  Creating internal representation of mux trees.
  Evaluating internal representation of mux trees.
  Analyzing evaluation results.
Removed 0 multiplexer ports.
<suppressed ~4 debug messages>

34.4. Executing OPT_REDUCE pass (consolidate $*mux and $reduce_* inputs).
  Optimizing cells in module \register_alu.
Performed a total of 0 changes.

34.5. Executing OPT_MERGE pass (detect identical cells).
Finding identical cells in module `\register_alu'.
Removed a total of 0 cells.

34.6. Executing OPT_DFF pass (perform DFF optimizations).

34.7. Executing OPT_CLEAN pass (remove unused cells and wires).
Finding unused cells or wires in module \register_alu..

34.8. Executing OPT_EXPR pass (perform const folding).
Optimizing module register_alu.

34.9. Finished OPT passes. (There is nothing left to do.)

35. Executing MEMORY pass.

35.1. Executing OPT_MEM pass (optimize memories).
Performed a total of 0 transformations.

35.2. Executing OPT_MEM_PRIORITY pass (removing unnecessary memory write priority relations).
Performed a total of 0 transformations.

35.3. Executing OPT_MEM_FEEDBACK pass (finding memory read-to-write feedback paths).
  Analyzing register_alu.rf.registers write port 0.

35.4. Executing MEMORY_BMUX2ROM pass (converting muxes to ROMs).

35.5. Executing MEMORY_DFF pass (merging $dff cells to $memrd).
Checking read port `\rf.registers'[0] in module `\register_alu': no output FF found.
Checking read port `\rf.registers'[1] in module `\register_alu': no output FF found.
Checking read port address `\rf.registers'[0] in module `\register_alu': no address FF found.
Checking read port address `\rf.registers'[1] in module `\register_alu': no address FF found.

35.6. Executing OPT_CLEAN pass (remove unused cells and wires).
Finding unused cells or wires in module \register_alu..

35.7. Executing MEMORY_SHARE pass (consolidating $memrd/$memwr cells).
Consolidating read ports of memory register_alu.rf.registers by address:

35.8. Executing OPT_MEM_WIDEN pass (optimize memories where all ports are wide).
Performed a total of 0 transformations.

35.9. Executing OPT_CLEAN pass (remove unused cells and wires).
Finding unused cells or wires in module \register_alu..

35.10. Executing MEMORY_COLLECT pass (generating $mem cells).

36. Executing OPT_CLEAN pass (remove unused cells and wires).
Finding unused cells or wires in module \register_alu..

37. Executing OPT pass (performing simple optimizations).

37.1. Executing OPT_EXPR pass (perform const folding).
Optimizing module register_alu.
<suppressed ~4 debug messages>

37.2. Executing OPT_MERGE pass (detect identical cells).
Finding identical cells in module `\register_alu'.
Removed a total of 0 cells.

37.3. Executing OPT_DFF pass (perform DFF optimizations).

37.4. Executing OPT_CLEAN pass (remove unused cells and wires).
Finding unused cells or wires in module \register_alu..
Removed 1 unused cells and 4 unused wires.
<suppressed ~2 debug messages>

37.5. Finished fast OPT passes.

38. Executing MEMORY_MAP pass (converting memories to logic and flip-flops).
Mapping memory \rf.registers in module \register_alu:
  created 32 $dff cells and 0 static cells of width 32.
  read interface: 0 $dff and 62 $mux cells.
  write interface: 32 write mux blocks.

39. Executing OPT pass (performing simple optimizations).

39.1. Executing OPT_EXPR pass (perform const folding).
Optimizing module register_alu.
<suppressed ~10 debug messages>

39.2. Executing OPT_MERGE pass (detect identical cells).
Finding identical cells in module `\register_alu'.
Removed a total of 0 cells.

39.3. Executing OPT_MUXTREE pass (detect dead branches in mux trees).
Running muxtree optimizer on module \register_alu..
  Creating internal representation of mux trees.
  Evaluating internal representation of mux trees.
  Analyzing evaluation results.
Removed 0 multiplexer ports.
<suppressed ~35 debug messages>

39.4. Executing OPT_REDUCE pass (consolidate $*mux and $reduce_* inputs).
  Optimizing cells in module \register_alu.
Performed a total of 0 changes.

39.5. Executing OPT_MERGE pass (detect identical cells).
Finding identical cells in module `\register_alu'.
Removed a total of 0 cells.

39.6. Executing OPT_SHARE pass.
    Found cells that share an operand and can be merged by moving the $pmux $flatten\a1_unit.$procmux$16 in front of them:
        $auto$alumacc.cc:485:replace_alu$37
        $auto$alumacc.cc:485:replace_alu$34

39.7. Executing OPT_DFF pass (perform DFF optimizations).

39.8. Executing OPT_CLEAN pass (remove unused cells and wires).
Finding unused cells or wires in module \register_alu..
Removed 0 unused cells and 107 unused wires.
<suppressed ~1 debug messages>

39.9. Executing OPT_EXPR pass (perform const folding).
Optimizing module register_alu.

39.10. Rerunning OPT passes. (Maybe there is more to do..)

39.11. Executing OPT_MUXTREE pass (detect dead branches in mux trees).
Running muxtree optimizer on module \register_alu..
  Creating internal representation of mux trees.
  Evaluating internal representation of mux trees.
  Analyzing evaluation results.
Removed 0 multiplexer ports.
<suppressed ~36 debug messages>

39.12. Executing OPT_REDUCE pass (consolidate $*mux and $reduce_* inputs).
  Optimizing cells in module \register_alu.
    New ctrl vector for $pmux cell $flatten\a1_unit.$procmux$16: { $flatten\a1_unit.$procmux$18_CMP $flatten\a1_unit.$procmux$17_CMP }
  Optimizing cells in module \register_alu.
Performed a total of 1 changes.

39.13. Executing OPT_MERGE pass (detect identical cells).
Finding identical cells in module `\register_alu'.
Removed a total of 0 cells.

39.14. Executing OPT_SHARE pass.

39.15. Executing OPT_DFF pass (perform DFF optimizations).
Adding EN signal on $memory\rf.registers[9]$62 ($dff) from module register_alu (D = \wd3, Q = \rf.registers[9]).
Adding EN signal on $memory\rf.registers[8]$60 ($dff) from module register_alu (D = \wd3, Q = \rf.registers[8]).
Adding EN signal on $memory\rf.registers[7]$58 ($dff) from module register_alu (D = \wd3, Q = \rf.registers[7]).
Adding EN signal on $memory\rf.registers[6]$56 ($dff) from module register_alu (D = \wd3, Q = \rf.registers[6]).
Adding EN signal on $memory\rf.registers[5]$54 ($dff) from module register_alu (D = \wd3, Q = \rf.registers[5]).
Adding EN signal on $memory\rf.registers[4]$52 ($dff) from module register_alu (D = \wd3, Q = \rf.registers[4]).
Adding EN signal on $memory\rf.registers[3]$50 ($dff) from module register_alu (D = \wd3, Q = \rf.registers[3]).
Adding EN signal on $memory\rf.registers[31]$106 ($dff) from module register_alu (D = \wd3, Q = \rf.registers[31]).
Adding EN signal on $memory\rf.registers[30]$104 ($dff) from module register_alu (D = \wd3, Q = \rf.registers[30]).
Adding EN signal on $memory\rf.registers[2]$48 ($dff) from module register_alu (D = \wd3, Q = \rf.registers[2]).
Adding EN signal on $memory\rf.registers[29]$102 ($dff) from module register_alu (D = \wd3, Q = \rf.registers[29]).
Adding EN signal on $memory\rf.registers[28]$100 ($dff) from module register_alu (D = \wd3, Q = \rf.registers[28]).
Adding EN signal on $memory\rf.registers[27]$98 ($dff) from module register_alu (D = \wd3, Q = \rf.registers[27]).
Adding EN signal on $memory\rf.registers[26]$96 ($dff) from module register_alu (D = \wd3, Q = \rf.registers[26]).
Adding EN signal on $memory\rf.registers[25]$94 ($dff) from module register_alu (D = \wd3, Q = \rf.registers[25]).
Adding EN signal on $memory\rf.registers[24]$92 ($dff) from module register_alu (D = \wd3, Q = \rf.registers[24]).
Adding EN signal on $memory\rf.registers[23]$90 ($dff) from module register_alu (D = \wd3, Q = \rf.registers[23]).
Adding EN signal on $memory\rf.registers[22]$88 ($dff) from module register_alu (D = \wd3, Q = \rf.registers[22]).
Adding EN signal on $memory\rf.registers[21]$86 ($dff) from module register_alu (D = \wd3, Q = \rf.registers[21]).
Adding EN signal on $memory\rf.registers[20]$84 ($dff) from module register_alu (D = \wd3, Q = \rf.registers[20]).
Adding EN signal on $memory\rf.registers[1]$46 ($dff) from module register_alu (D = \wd3, Q = \rf.registers[1]).
Adding EN signal on $memory\rf.registers[19]$82 ($dff) from module register_alu (D = \wd3, Q = \rf.registers[19]).
Adding EN signal on $memory\rf.registers[18]$80 ($dff) from module register_alu (D = \wd3, Q = \rf.registers[18]).
Adding EN signal on $memory\rf.registers[17]$78 ($dff) from module register_alu (D = \wd3, Q = \rf.registers[17]).
Adding EN signal on $memory\rf.registers[16]$76 ($dff) from module register_alu (D = \wd3, Q = \rf.registers[16]).
Adding EN signal on $memory\rf.registers[15]$74 ($dff) from module register_alu (D = \wd3, Q = \rf.registers[15]).
Adding EN signal on $memory\rf.registers[14]$72 ($dff) from module register_alu (D = \wd3, Q = \rf.registers[14]).
Adding EN signal on $memory\rf.registers[13]$70 ($dff) from module register_alu (D = \wd3, Q = \rf.registers[13]).
Adding EN signal on $memory\rf.registers[12]$68 ($dff) from module register_alu (D = \wd3, Q = \rf.registers[12]).
Adding EN signal on $memory\rf.registers[11]$66 ($dff) from module register_alu (D = \wd3, Q = \rf.registers[11]).
Adding EN signal on $memory\rf.registers[10]$64 ($dff) from module register_alu (D = \wd3, Q = \rf.registers[10]).
Adding EN signal on $memory\rf.registers[0]$44 ($dff) from module register_alu (D = \wd3, Q = \rf.registers[0]).

39.16. Executing OPT_CLEAN pass (remove unused cells and wires).
Finding unused cells or wires in module \register_alu..
Removed 32 unused cells and 32 unused wires.
<suppressed ~33 debug messages>

39.17. Executing OPT_EXPR pass (perform const folding).
Optimizing module register_alu.

39.18. Rerunning OPT passes. (Maybe there is more to do..)

39.19. Executing OPT_MUXTREE pass (detect dead branches in mux trees).
Running muxtree optimizer on module \register_alu..
  Creating internal representation of mux trees.
  Evaluating internal representation of mux trees.
  Analyzing evaluation results.
Removed 0 multiplexer ports.
<suppressed ~4 debug messages>

39.20. Executing OPT_REDUCE pass (consolidate $*mux and $reduce_* inputs).
  Optimizing cells in module \register_alu.
Performed a total of 0 changes.

39.21. Executing OPT_MERGE pass (detect identical cells).
Finding identical cells in module `\register_alu'.
Removed a total of 0 cells.

39.22. Executing OPT_SHARE pass.

39.23. Executing OPT_DFF pass (perform DFF optimizations).

39.24. Executing OPT_CLEAN pass (remove unused cells and wires).
Finding unused cells or wires in module \register_alu..

39.25. Executing OPT_EXPR pass (perform const folding).
Optimizing module register_alu.

39.26. Finished OPT passes. (There is nothing left to do.)

40. Executing TECHMAP pass (map to technology primitives).

40.1. Executing Verilog-2005 frontend: /nix/store/hj1kx74hfma2i9hkg584hkva4xjf5mmb-yosys/bin/../share/yosys/techmap.v
Parsing Verilog input from `/nix/store/hj1kx74hfma2i9hkg584hkva4xjf5mmb-yosys/bin/../share/yosys/techmap.v' to AST representation.
Generating RTLIL representation for module `\_90_simplemap_bool_ops'.
Generating RTLIL representation for module `\_90_simplemap_reduce_ops'.
Generating RTLIL representation for module `\_90_simplemap_logic_ops'.
Generating RTLIL representation for module `\_90_simplemap_compare_ops'.
Generating RTLIL representation for module `\_90_simplemap_various'.
Generating RTLIL representation for module `\_90_simplemap_registers'.
Generating RTLIL representation for module `\_90_shift_ops_shr_shl_sshl_sshr'.
Generating RTLIL representation for module `\_90_shift_shiftx'.
Generating RTLIL representation for module `\_90_fa'.
Generating RTLIL representation for module `\_90_lcu'.
Generating RTLIL representation for module `\_90_alu'.
Generating RTLIL representation for module `\_90_macc'.
Generating RTLIL representation for module `\_90_alumacc'.
Generating RTLIL representation for module `\$__div_mod_u'.
Generating RTLIL representation for module `\$__div_mod_trunc'.
Generating RTLIL representation for module `\_90_div'.
Generating RTLIL representation for module `\_90_mod'.
Generating RTLIL representation for module `\$__div_mod_floor'.
Generating RTLIL representation for module `\_90_divfloor'.
Generating RTLIL representation for module `\_90_modfloor'.
Generating RTLIL representation for module `\_90_pow'.
Generating RTLIL representation for module `\_90_pmux'.
Generating RTLIL representation for module `\_90_demux'.
Generating RTLIL representation for module `\_90_lut'.
Successfully finished Verilog frontend.

40.2. Continuing TECHMAP pass.
Using extmapper simplemap for cells of type $dffe.
Using extmapper simplemap for cells of type $eq.
Using template $paramod$fbc7873bff55778c0b3173955b7e4bce1d9d6834\_90_alu for cells of type $alu.
Using template $paramod$8fabc56b80a569262acfc42757a02ca0b8e91278\_90_pmux for cells of type $pmux.
Using extmapper simplemap for cells of type $or.
Using extmapper simplemap for cells of type $and.
Using extmapper simplemap for cells of type $mux.
Using extmapper simplemap for cells of type $not.
Running "alumacc" on wrapper $extern:wrap:$neg:A_SIGNED=0:A_WIDTH=32:Y_WIDTH=32:394426c56d1a028ba8fdd5469b163e04011def47.
Using template $extern:wrap:$neg:A_SIGNED=0:A_WIDTH=32:Y_WIDTH=32:394426c56d1a028ba8fdd5469b163e04011def47 for cells of type $extern:wrap:$neg:A_SIGNED=0:A_WIDTH=32:Y_WIDTH=32:394426c56d1a028ba8fdd5469b163e04011def47.
Using extmapper simplemap for cells of type $xor.
Using template $paramod\_90_lcu\WIDTH=32'00000000000000000000000000100000 for cells of type $lcu.
Using extmapper simplemap for cells of type $pos.
Using extmapper simplemap for cells of type $reduce_or.
Using template $paramod$c6baa65225090ac0a120feab1b920965244aa496\_90_alu for cells of type $alu.
No more expansions possible.
<suppressed ~801 debug messages>

41. Executing OPT pass (performing simple optimizations).

41.1. Executing OPT_EXPR pass (perform const folding).
Optimizing module register_alu.
<suppressed ~258 debug messages>

41.2. Executing OPT_MERGE pass (detect identical cells).
Finding identical cells in module `\register_alu'.
<suppressed ~9 debug messages>
Removed a total of 3 cells.

41.3. Executing OPT_DFF pass (perform DFF optimizations).

41.4. Executing OPT_CLEAN pass (remove unused cells and wires).
Finding unused cells or wires in module \register_alu..
Removed 21 unused cells and 269 unused wires.
<suppressed ~22 debug messages>

41.5. Finished fast OPT passes.

42. Executing ABC pass (technology mapping using ABC).

42.1. Extracting gate netlist of module `\register_alu' to `<abc-temp-dir>/input.blif'..
Extracted 2668 gates and 3710 wires to a netlist network with 1042 inputs and 128 outputs.

42.1.1. Executing ABC.
Running ABC command: "/nix/store/8822vi15d8b1mss0196a93yfdyhqsp8z-yosys-abc/bin/abc" -s -f <abc-temp-dir>/abc.script 2>&1
ABC: ABC command line: "source <abc-temp-dir>/abc.script".
ABC: 
ABC: + read_blif <abc-temp-dir>/input.blif 
ABC: + read_library <abc-temp-dir>/stdcells.genlib 
ABC: Entered genlib library with 13 gates from file "<abc-temp-dir>/stdcells.genlib".
ABC: + strash 
ABC: + dretime 
ABC: + map 
ABC: + write_blif <abc-temp-dir>/output.blif 

42.1.2. Re-integrating ABC results.
ABC RESULTS:              XNOR cells:       24
ABC RESULTS:               NOR cells:       51
ABC RESULTS:               XOR cells:       69
ABC RESULTS:               AND cells:       18
ABC RESULTS:               MUX cells:     2047
ABC RESULTS:               NOT cells:      301
ABC RESULTS:             ORNOT cells:       12
ABC RESULTS:              NAND cells:       45
ABC RESULTS:                OR cells:      149
ABC RESULTS:            ANDNOT cells:      179
ABC RESULTS:        internal signals:     2540
ABC RESULTS:           input signals:     1042
ABC RESULTS:          output signals:      128
Removing temp directory.

43. Executing OPT pass (performing simple optimizations).

43.1. Executing OPT_EXPR pass (perform const folding).
Optimizing module register_alu.
<suppressed ~1216 debug messages>

43.2. Executing OPT_MERGE pass (detect identical cells).
Finding identical cells in module `\register_alu'.
Removed a total of 0 cells.

43.3. Executing OPT_DFF pass (perform DFF optimizations).

43.4. Executing OPT_CLEAN pass (remove unused cells and wires).
Finding unused cells or wires in module \register_alu..
Removed 10 unused cells and 1430 unused wires.
<suppressed ~11 debug messages>

43.5. Finished fast OPT passes.

44. Executing HIERARCHY pass (managing design hierarchy).

44.1. Analyzing design hierarchy..
Top module:  \register_alu

44.2. Analyzing design hierarchy..
Top module:  \register_alu
Removed 0 unused modules.

45. Printing statistics.

=== register_alu ===

   Number of wires:               2845
   Number of wire bits:           4235
   Number of public wires:          56
   Number of public wire bits:    1446
   Number of memories:               0
   Number of memory bits:            0
   Number of processes:              0
   Number of cells:               3909
     $_ANDNOT_                     179
     $_AND_                         18
     $_DFFE_PP_                   1024
     $_MUX_                       2047
     $_NAND_                        45
     $_NOR_                         51
     $_NOT_                        291
     $_ORNOT_                       12
     $_OR_                         149
     $_XNOR_                        24
     $_XOR_                         69

46. Executing CHECK pass (checking for obvious problems).
Checking module register_alu...
Found and reported 0 problems.

47. Generating Graphviz representation of design.
Writing dot description to `/openlane/designs/register_alu/runs/RUN_2025.05.31_04.05.36/tmp/synthesis/post_techmap.dot'.
Dumping module register_alu to page 1.

48. Executing SHARE pass (SAT-based resource sharing).

49. Executing OPT pass (performing simple optimizations).

49.1. Executing OPT_EXPR pass (perform const folding).
Optimizing module register_alu.

49.2. Executing OPT_MERGE pass (detect identical cells).
Finding identical cells in module `\register_alu'.
Removed a total of 0 cells.

49.3. Executing OPT_MUXTREE pass (detect dead branches in mux trees).
Running muxtree optimizer on module \register_alu..
  Creating internal representation of mux trees.
  No muxes found in this module.
Removed 0 multiplexer ports.

49.4. Executing OPT_REDUCE pass (consolidate $*mux and $reduce_* inputs).
  Optimizing cells in module \register_alu.
Performed a total of 0 changes.

49.5. Executing OPT_MERGE pass (detect identical cells).
Finding identical cells in module `\register_alu'.
Removed a total of 0 cells.

49.6. Executing OPT_DFF pass (perform DFF optimizations).

49.7. Executing OPT_CLEAN pass (remove unused cells and wires).
Finding unused cells or wires in module \register_alu..

49.8. Executing OPT_EXPR pass (perform const folding).
Optimizing module register_alu.

49.9. Finished OPT passes. (There is nothing left to do.)

50. Executing OPT_CLEAN pass (remove unused cells and wires).
Finding unused cells or wires in module \register_alu..
Removed 0 unused cells and 14 unused wires.
<suppressed ~14 debug messages>

51. Printing statistics.

=== register_alu ===

   Number of wires:               2831
   Number of wire bits:           3960
   Number of public wires:          42
   Number of public wire bits:    1171
   Number of memories:               0
   Number of memory bits:            0
   Number of processes:              0
   Number of cells:               3909
     $_ANDNOT_                     179
     $_AND_                         18
     $_DFFE_PP_                   1024
     $_MUX_                       2047
     $_NAND_                        45
     $_NOR_                         51
     $_NOT_                        291
     $_ORNOT_                       12
     $_OR_                         149
     $_XNOR_                        24
     $_XOR_                         69

mapping tbuf

52. Executing TECHMAP pass (map to technology primitives).

52.1. Executing Verilog-2005 frontend: /home/briandeniz/.volare/sky130A/libs.tech/openlane/sky130_fd_sc_hd/tribuff_map.v
Parsing Verilog input from `/home/briandeniz/.volare/sky130A/libs.tech/openlane/sky130_fd_sc_hd/tribuff_map.v' to AST representation.
Generating RTLIL representation for module `\$_TBUF_'.
Successfully finished Verilog frontend.

52.2. Continuing TECHMAP pass.
No more expansions possible.
<suppressed ~3 debug messages>

53. Executing SIMPLEMAP pass (map simple cells to gate primitives).

54. Executing TECHMAP pass (map to technology primitives).

54.1. Executing Verilog-2005 frontend: /home/briandeniz/.volare/sky130A/libs.tech/openlane/sky130_fd_sc_hd/latch_map.v
Parsing Verilog input from `/home/briandeniz/.volare/sky130A/libs.tech/openlane/sky130_fd_sc_hd/latch_map.v' to AST representation.
Generating RTLIL representation for module `\$_DLATCH_P_'.
Generating RTLIL representation for module `\$_DLATCH_N_'.
Successfully finished Verilog frontend.

54.2. Continuing TECHMAP pass.
No more expansions possible.
<suppressed ~4 debug messages>

55. Executing SIMPLEMAP pass (map simple cells to gate primitives).

56. Executing DFFLIBMAP pass (mapping DFF cells to sequential cells from liberty file).
  cell sky130_fd_sc_hd__dfxtp_2 (noninv, pins=3, area=21.27) is a direct match for cell type $_DFF_P_.
  cell sky130_fd_sc_hd__dfrtp_2 (noninv, pins=4, area=26.28) is a direct match for cell type $_DFF_PN0_.
  cell sky130_fd_sc_hd__dfstp_2 (noninv, pins=4, area=26.28) is a direct match for cell type $_DFF_PN1_.
  cell sky130_fd_sc_hd__dfbbn_2 (noninv, pins=6, area=35.03) is a direct match for cell type $_DFFSR_NNN_.
  final dff cell mappings:
    unmapped dff cell: $_DFF_N_
    \sky130_fd_sc_hd__dfxtp_2 _DFF_P_ (.CLK( C), .D( D), .Q( Q));
    unmapped dff cell: $_DFF_NN0_
    unmapped dff cell: $_DFF_NN1_
    unmapped dff cell: $_DFF_NP0_
    unmapped dff cell: $_DFF_NP1_
    \sky130_fd_sc_hd__dfrtp_2 _DFF_PN0_ (.CLK( C), .D( D), .Q( Q), .RESET_B( R));
    \sky130_fd_sc_hd__dfstp_2 _DFF_PN1_ (.CLK( C), .D( D), .Q( Q), .SET_B( R));
    unmapped dff cell: $_DFF_PP0_
    unmapped dff cell: $_DFF_PP1_
    \sky130_fd_sc_hd__dfbbn_2 _DFFSR_NNN_ (.CLK_N( C), .D( D), .Q( Q), .Q_N(~Q), .RESET_B( R), .SET_B( S));
    unmapped dff cell: $_DFFSR_NNP_
    unmapped dff cell: $_DFFSR_NPN_
    unmapped dff cell: $_DFFSR_NPP_
    unmapped dff cell: $_DFFSR_PNN_
    unmapped dff cell: $_DFFSR_PNP_
    unmapped dff cell: $_DFFSR_PPN_
    unmapped dff cell: $_DFFSR_PPP_

56.1. Executing DFFLEGALIZE pass (convert FFs to types supported by the target).
Mapping DFF cells in module `\register_alu':
  mapped 1024 $_DFF_P_ cells to \sky130_fd_sc_hd__dfxtp_2 cells.

57. Printing statistics.

=== register_alu ===

   Number of wires:               3855
   Number of wire bits:           4984
   Number of public wires:          42
   Number of public wire bits:    1171
   Number of memories:               0
   Number of memory bits:            0
   Number of processes:              0
   Number of cells:               4933
     $_ANDNOT_                     179
     $_AND_                         18
     $_MUX_                       3071
     $_NAND_                        45
     $_NOR_                         51
     $_NOT_                        291
     $_ORNOT_                       12
     $_OR_                         149
     $_XNOR_                        24
     $_XOR_                         69
     sky130_fd_sc_hd__dfxtp_2     1024

[INFO]: USING STRATEGY AREA 0

58. Executing ABC pass (technology mapping using ABC).

58.1. Extracting gate netlist of module `\register_alu' to `/tmp/yosys-abc-TLaisj/input.blif'..
Extracted 3909 gates and 4983 wires to a netlist network with 1074 inputs and 1120 outputs.

58.1.1. Executing ABC.
Running ABC command: "/nix/store/8822vi15d8b1mss0196a93yfdyhqsp8z-yosys-abc/bin/abc" -s -f /tmp/yosys-abc-TLaisj/abc.script 2>&1
ABC: ABC command line: "source /tmp/yosys-abc-TLaisj/abc.script".
ABC: 
ABC: + read_blif /tmp/yosys-abc-TLaisj/input.blif 
ABC: + read_lib -w /openlane/designs/register_alu/runs/RUN_2025.05.31_04.05.36/tmp/synthesis/trimmed.lib 
ABC: Parsing finished successfully.  Parsing time =     0.04 sec
ABC: Scl_LibertyReadGenlib() skipped sequential cell "sky130_fd_sc_hd__dfbbn_2".
ABC: Scl_LibertyReadGenlib() skipped sequential cell "sky130_fd_sc_hd__dfrbp_2".
ABC: Scl_LibertyReadGenlib() skipped sequential cell "sky130_fd_sc_hd__dfrtp_2".
ABC: Scl_LibertyReadGenlib() skipped sequential cell "sky130_fd_sc_hd__dfrtp_4".
ABC: Scl_LibertyReadGenlib() skipped sequential cell "sky130_fd_sc_hd__dfsbp_2".
ABC: Scl_LibertyReadGenlib() skipped sequential cell "sky130_fd_sc_hd__dfstp_2".
ABC: Scl_LibertyReadGenlib() skipped sequential cell "sky130_fd_sc_hd__dfstp_4".
ABC: Scl_LibertyReadGenlib() skipped sequential cell "sky130_fd_sc_hd__dfxbp_2".
ABC: Scl_LibertyReadGenlib() skipped sequential cell "sky130_fd_sc_hd__dfxtp_2".
ABC: Scl_LibertyReadGenlib() skipped sequential cell "sky130_fd_sc_hd__dfxtp_4".
ABC: Scl_LibertyReadGenlib() skipped sequential cell "sky130_fd_sc_hd__dlxtn_1".
ABC: Scl_LibertyReadGenlib() skipped sequential cell "sky130_fd_sc_hd__dlxtn_2".
ABC: Scl_LibertyReadGenlib() skipped sequential cell "sky130_fd_sc_hd__dlxtn_4".
ABC: Scl_LibertyReadGenlib() skipped sequential cell "sky130_fd_sc_hd__dlxtp_1".
ABC: Scl_LibertyReadGenlib() skipped three-state cell "sky130_fd_sc_hd__ebufn_2".
ABC: Scl_LibertyReadGenlib() skipped three-state cell "sky130_fd_sc_hd__ebufn_4".
ABC: Scl_LibertyReadGenlib() skipped three-state cell "sky130_fd_sc_hd__ebufn_8".
ABC: Library "sky130A_merged" from "/openlane/designs/register_alu/runs/RUN_2025.05.31_04.05.36/tmp/synthesis/trimmed.lib" has 175 cells (17 skipped: 14 seq; 3 tri-state; 0 no func; 0 dont_use).  Time =     0.06 sec
ABC: Memory =    9.54 MB. Time =     0.06 sec
ABC: Warning: Detected 2 multi-output gates (for example, "sky130_fd_sc_hd__fa_1").
ABC: + read_constr -v /openlane/designs/register_alu/runs/RUN_2025.05.31_04.05.36/tmp/synthesis/synthesis.sdc 
ABC: Setting driving cell to be "sky130_fd_sc_hd__inv_2".
ABC: Setting output load to be 33.442001.
ABC: + read_constr /openlane/designs/register_alu/runs/RUN_2025.05.31_04.05.36/tmp/synthesis/synthesis.sdc 
ABC: + fx 
ABC: + mfs 
ABC: + strash 
ABC: + drf -l 
ABC: + balance 
ABC: + drw -l 
ABC: + drf -l 
ABC: + balance 
ABC: + drw -l 
ABC: + drw -l -z 
ABC: + balance 
ABC: + drf -l -z 
ABC: + drw -l -z 
ABC: + balance 
ABC: + retime -D -D 10000 -M 5 
ABC: + scleanup 
ABC: Error: The network is combinational.
ABC: + fraig_store 
ABC: + balance 
ABC: + fraig_store 
ABC: + balance 
ABC: + drw -l 
ABC: + drf -l 
ABC: + balance 
ABC: + drw -l 
ABC: + drw -l -z 
ABC: + balance 
ABC: + drf -l -z 
ABC: + drw -l -z 
ABC: + balance 
ABC: + fraig_store 
ABC: + balance 
ABC: + drw -l 
ABC: + drf -l 
ABC: + balance 
ABC: + drw -l 
ABC: + drw -l -z 
ABC: + balance 
ABC: + drf -l -z 
ABC: + drw -l -z 
ABC: + balance 
ABC: + fraig_store 
ABC: + balance 
ABC: + drw -l 
ABC: + drf -l 
ABC: + balance 
ABC: + drw -l 
ABC: + drw -l -z 
ABC: + balance 
ABC: + drf -l -z 
ABC: + drw -l -z 
ABC: + balance 
ABC: + fraig_store 
ABC: + fraig_restore 
ABC: + amap -m -Q 0.1 -F 20 -A 20 -C 5000 
ABC: + retime -D -D 10000 
ABC: + &get -n 
ABC: + &st 
ABC: + &dch 
ABC: + &nf 
ABC: + &put 
ABC: + buffer -N 10 -S 750.0 
ABC: + upsize -D 10000 
ABC: Current delay (6803.90 ps) does not exceed the target delay (10000.00 ps). Upsizing is not performed.
ABC: + dnsize -D 10000 
ABC: + stime -p 
ABC: WireLoad = "none"  Gates =   3911 ( 37.9 %)   Cap = 12.8 ff ( 16.1 %)   Area =    37492.21 ( 48.4 %)   Delay =  7971.90 ps  (  1.8 %)               
ABC: Path  0 --       3 : 0    4 pi                        A =   0.00  Df =  30.0  -16.9 ps  S =  47.2 ps  Cin =  0.0 ff  Cout =   8.8 ff  Cmax =   0.0 ff  G =    0  
ABC: Path  1 --    2229 : 1   10 sky130_fd_sc_hd__buf_1    A =   3.75  Df = 460.9 -204.0 ps  S = 552.0 ps  Cin =  2.1 ff  Cout =  46.9 ff  Cmax = 130.0 ff  G = 2115  
ABC: Path  2 --    2255 : 1   10 sky130_fd_sc_hd__buf_1    A =   3.75  Df = 953.3 -366.4 ps  S = 548.4 ps  Cin =  2.1 ff  Cout =  46.9 ff  Cmax = 130.0 ff  G = 2115  
ABC: Path  3 --    2342 : 1   10 sky130_fd_sc_hd__buf_1    A =   3.75  Df =1473.5 -543.7 ps  S = 589.0 ps  Cin =  2.1 ff  Cout =  50.5 ff  Cmax = 130.0 ff  G = 2274  
ABC: Path  4 --    2442 : 1   10 sky130_fd_sc_hd__buf_1    A =   3.75  Df =2024.5 -732.9 ps  S = 629.6 ps  Cin =  2.1 ff  Cout =  54.1 ff  Cmax = 130.0 ff  G = 2434  
ABC: Path  5 --    2639 : 1   10 sky130_fd_sc_hd__buf_1    A =   3.75  Df =2578.3 -918.8 ps  S = 629.4 ps  Cin =  2.1 ff  Cout =  54.1 ff  Cmax = 130.0 ff  G = 2434  
ABC: Path  6 --    2640 : 1   10 sky130_fd_sc_hd__buf_1    A =   3.75  Df =3132.0-1104.7 ps  S = 629.4 ps  Cin =  2.1 ff  Cout =  54.1 ff  Cmax = 130.0 ff  G = 2434  
ABC: Path  7 --    2705 : 1   10 sky130_fd_sc_hd__buf_1    A =   3.75  Df =3685.7-1290.6 ps  S = 629.4 ps  Cin =  2.1 ff  Cout =  54.1 ff  Cmax = 130.0 ff  G = 2434  
ABC: Path  8 --    2725 : 1   10 sky130_fd_sc_hd__buf_1    A =   3.75  Df =4239.4-1476.5 ps  S = 629.4 ps  Cin =  2.1 ff  Cout =  54.1 ff  Cmax = 130.0 ff  G = 2434  
ABC: Path  9 --    2734 : 1   10 sky130_fd_sc_hd__buf_1    A =   3.75  Df =4764.9-1647.1 ps  S = 588.6 ps  Cin =  2.1 ff  Cout =  50.5 ff  Cmax = 130.0 ff  G = 2274  
ABC: Path 10 --    2761 : 1   10 sky130_fd_sc_hd__buf_1    A =   3.75  Df =5344.1-1851.4 ps  S = 670.6 ps  Cin =  2.1 ff  Cout =  57.7 ff  Cmax = 130.0 ff  G = 2593  
ABC: Path 11 --    2763 : 6    1 sky130_fd_sc_hd__mux4_2   A =  22.52  Df =5887.0-1863.4 ps  S =  75.7 ps  Cin =  2.6 ff  Cout =   2.0 ff  Cmax = 301.2 ff  G =   71  
ABC: Path 12 --    2765 : 3    1 sky130_fd_sc_hd__mux2_2   A =  11.26  Df =6017.4-1733.6 ps  S =  44.7 ps  Cin =  2.3 ff  Cout =   2.0 ff  Cmax = 297.6 ff  G =   82  
ABC: Path 13 --    2769 : 3    1 sky130_fd_sc_hd__mux2_2   A =  11.26  Df =6141.6-1609.2 ps  S =  44.3 ps  Cin =  2.3 ff  Cout =   1.8 ff  Cmax = 297.6 ff  G =   77  
ABC: Path 14 --    2780 : 4    5 sky130_fd_sc_hd__o2bb2a_2 A =  11.26  Df =6376.3-1559.0 ps  S = 105.7 ps  Cin =  1.8 ff  Cout =  16.6 ff  Cmax = 294.8 ff  G =  907  
ABC: Path 15 --    2781 : 1    2 sky130_fd_sc_hd__inv_2    A =   3.75  Df =6555.3-1622.7 ps  S = 197.3 ps  Cin =  4.5 ff  Cout =  42.5 ff  Cmax = 331.4 ff  G =  944  
ABC: Path 16 --    3784 : 2    2 sky130_fd_sc_hd__xnor2_2  A =  16.27  Df =6754.1 -584.8 ps  S = 138.7 ps  Cin =  8.5 ff  Cout =   6.1 ff  Cmax = 121.8 ff  G =   68  
ABC: Path 17 --    3786 : 2    3 sky130_fd_sc_hd__or2_2    A =   6.26  Df =7051.6 -733.7 ps  S =  71.1 ps  Cin =  1.5 ff  Cout =   8.4 ff  Cmax = 299.4 ff  G =  561  
ABC: Path 18 --    3800 : 4    3 sky130_fd_sc_hd__a31o_2   A =   8.76  Df =7545.8 -192.8 ps  S =  81.5 ps  Cin =  2.4 ff  Cout =  11.1 ff  Cmax = 271.9 ff  G =  457  
ABC: Path 19 --    3812 : 3    1 sky130_fd_sc_hd__a21oi_2  A =   8.76  Df =7599.8 -123.4 ps  S =  77.7 ps  Cin =  4.6 ff  Cout =   2.5 ff  Cmax = 128.2 ff  G =   50  
ABC: Path 20 --    3815 : 4    1 sky130_fd_sc_hd__o31a_2   A =  10.01  Df =7971.9  -12.6 ps  S = 190.9 ps  Cin =  2.3 ff  Cout =  33.4 ff  Cmax = 285.7 ff  G = 1425  
ABC: Start-point = pi2 (\a2 [0]).  End-point = po95 (\alu_result [31]).
ABC: + print_stats -m 
ABC: netlist                       : i/o = 1074/ 1120  lat =    0  nd =  3911  edge =  10302  area =37486.39  delay =23.00  lev = 23
ABC: + write_blif /tmp/yosys-abc-TLaisj/output.blif 

58.1.2. Re-integrating ABC results.
ABC RESULTS:   sky130_fd_sc_hd__a221oi_2 cells:        1
ABC RESULTS:   sky130_fd_sc_hd__a2bb2o_2 cells:       16
ABC RESULTS:   sky130_fd_sc_hd__o2bb2a_2 cells:        8
ABC RESULTS:   sky130_fd_sc_hd__mux4_2 cells:      532
ABC RESULTS:   sky130_fd_sc_hd__o22a_2 cells:       14
ABC RESULTS:   sky130_fd_sc_hd__a311o_2 cells:        1
ABC RESULTS:   sky130_fd_sc_hd__a2111o_2 cells:        1
ABC RESULTS:   sky130_fd_sc_hd__and4_2 cells:        1
ABC RESULTS:   sky130_fd_sc_hd__a2111oi_2 cells:        1
ABC RESULTS:   sky130_fd_sc_hd__o21bai_2 cells:        2
ABC RESULTS:   sky130_fd_sc_hd__nor3_2 cells:        1
ABC RESULTS:   sky130_fd_sc_hd__and4b_2 cells:        1
ABC RESULTS:   sky130_fd_sc_hd__a221o_2 cells:       16
ABC RESULTS:   sky130_fd_sc_hd__a32o_2 cells:        5
ABC RESULTS:   sky130_fd_sc_hd__o21ba_2 cells:        1
ABC RESULTS:   sky130_fd_sc_hd__o221a_2 cells:        8
ABC RESULTS:   sky130_fd_sc_hd__or4_2 cells:        4
ABC RESULTS:   sky130_fd_sc_hd__a311oi_2 cells:        2
ABC RESULTS:   sky130_fd_sc_hd__o211ai_2 cells:        2
ABC RESULTS:   sky130_fd_sc_hd__o31ai_2 cells:        4
ABC RESULTS:   sky130_fd_sc_hd__or4b_2 cells:        1
ABC RESULTS:   sky130_fd_sc_hd__nor4_2 cells:        3
ABC RESULTS:   sky130_fd_sc_hd__or2b_2 cells:        5
ABC RESULTS:   sky130_fd_sc_hd__o311ai_2 cells:        1
ABC RESULTS:   sky130_fd_sc_hd__and2b_2 cells:        4
ABC RESULTS:   sky130_fd_sc_hd__o41a_2 cells:        2
ABC RESULTS:   sky130_fd_sc_hd__a211o_2 cells:       11
ABC RESULTS:   sky130_fd_sc_hd__a21boi_2 cells:        1
ABC RESULTS:   sky130_fd_sc_hd__xor2_2 cells:       10
ABC RESULTS:   sky130_fd_sc_hd__a21bo_2 cells:        2
ABC RESULTS:   sky130_fd_sc_hd__a22o_2 cells:        3
ABC RESULTS:   sky130_fd_sc_hd__a41o_2 cells:        2
ABC RESULTS:   sky130_fd_sc_hd__o21a_2 cells:       39
ABC RESULTS:   sky130_fd_sc_hd__and2_2 cells:       21
ABC RESULTS:   sky130_fd_sc_hd__nand4_2 cells:        2
ABC RESULTS:   sky130_fd_sc_hd__a21o_2 cells:       56
ABC RESULTS:   sky130_fd_sc_hd__o211a_2 cells:       32
ABC RESULTS:   sky130_fd_sc_hd__a31o_2 cells:       20
ABC RESULTS:   sky130_fd_sc_hd__xnor2_2 cells:       41
ABC RESULTS:   sky130_fd_sc_hd__a21oi_2 cells:       39
ABC RESULTS:   sky130_fd_sc_hd__o21ai_2 cells:       36
ABC RESULTS:   sky130_fd_sc_hd__o31a_2 cells:        6
ABC RESULTS:   sky130_fd_sc_hd__or2_2 cells:       53
ABC RESULTS:   sky130_fd_sc_hd__nand3b_2 cells:        1
ABC RESULTS:   sky130_fd_sc_hd__or3_2 cells:        8
ABC RESULTS:   sky130_fd_sc_hd__or3b_2 cells:        5
ABC RESULTS:   sky130_fd_sc_hd__nand3_2 cells:        7
ABC RESULTS:   sky130_fd_sc_hd__and3_2 cells:        8
ABC RESULTS:   sky130_fd_sc_hd__and3b_2 cells:        4
ABC RESULTS:   sky130_fd_sc_hd__nand2b_2 cells:        2
ABC RESULTS:   sky130_fd_sc_hd__inv_2 cells:       56
ABC RESULTS:   sky130_fd_sc_hd__nand2_2 cells:       73
ABC RESULTS:   sky130_fd_sc_hd__nor2b_2 cells:        2
ABC RESULTS:   sky130_fd_sc_hd__nor2_2 cells:       62
ABC RESULTS:   sky130_fd_sc_hd__mux2_2 cells:     1247
ABC RESULTS:   sky130_fd_sc_hd__buf_1 cells:     1425
ABC RESULTS:        internal signals:     2789
ABC RESULTS:           input signals:     1074
ABC RESULTS:          output signals:     1120
Removing temp directory.

59. Executing SETUNDEF pass (replace undef values with defined constants).

60. Executing HILOMAP pass (mapping to constant drivers).

61. Executing SPLITNETS pass (splitting up multi-bit signals).

62. Executing OPT_CLEAN pass (remove unused cells and wires).
Finding unused cells or wires in module \register_alu..
Removed 0 unused cells and 4983 unused wires.
<suppressed ~1 debug messages>

63. Executing INSBUF pass (insert buffer cells for connected wires).

64. Executing CHECK pass (checking for obvious problems).
Checking module register_alu...
Found and reported 0 problems.

65. Printing statistics.

=== register_alu ===

   Number of wires:               4849
   Number of wire bits:           4986
   Number of public wires:        1034
   Number of public wire bits:    1171
   Number of memories:               0
   Number of memory bits:            0
   Number of processes:              0
   Number of cells:               4935
     sky130_fd_sc_hd__a2111o_2       1
     sky130_fd_sc_hd__a2111oi_2      1
     sky130_fd_sc_hd__a211o_2       11
     sky130_fd_sc_hd__a21bo_2        2
     sky130_fd_sc_hd__a21boi_2       1
     sky130_fd_sc_hd__a21o_2        56
     sky130_fd_sc_hd__a21oi_2       39
     sky130_fd_sc_hd__a221o_2       16
     sky130_fd_sc_hd__a221oi_2       1
     sky130_fd_sc_hd__a22o_2         3
     sky130_fd_sc_hd__a2bb2o_2      16
     sky130_fd_sc_hd__a311o_2        1
     sky130_fd_sc_hd__a311oi_2       2
     sky130_fd_sc_hd__a31o_2        20
     sky130_fd_sc_hd__a32o_2         5
     sky130_fd_sc_hd__a41o_2         2
     sky130_fd_sc_hd__and2_2        21
     sky130_fd_sc_hd__and2b_2        4
     sky130_fd_sc_hd__and3_2         8
     sky130_fd_sc_hd__and3b_2        4
     sky130_fd_sc_hd__and4_2         1
     sky130_fd_sc_hd__and4b_2        1
     sky130_fd_sc_hd__buf_1       1425
     sky130_fd_sc_hd__dfxtp_2     1024
     sky130_fd_sc_hd__inv_2         56
     sky130_fd_sc_hd__mux2_2      1247
     sky130_fd_sc_hd__mux4_2       532
     sky130_fd_sc_hd__nand2_2       73
     sky130_fd_sc_hd__nand2b_2       2
     sky130_fd_sc_hd__nand3_2        7
     sky130_fd_sc_hd__nand3b_2       1
     sky130_fd_sc_hd__nand4_2        2
     sky130_fd_sc_hd__nor2_2        62
     sky130_fd_sc_hd__nor2b_2        2
     sky130_fd_sc_hd__nor3_2         1
     sky130_fd_sc_hd__nor4_2         3
     sky130_fd_sc_hd__o211a_2       32
     sky130_fd_sc_hd__o211ai_2       2
     sky130_fd_sc_hd__o21a_2        39
     sky130_fd_sc_hd__o21ai_2       36
     sky130_fd_sc_hd__o21ba_2        1
     sky130_fd_sc_hd__o21bai_2       2
     sky130_fd_sc_hd__o221a_2        8
     sky130_fd_sc_hd__o22a_2        14
     sky130_fd_sc_hd__o2bb2a_2       8
     sky130_fd_sc_hd__o311ai_2       1
     sky130_fd_sc_hd__o31a_2         6
     sky130_fd_sc_hd__o31ai_2        4
     sky130_fd_sc_hd__o41a_2         2
     sky130_fd_sc_hd__or2_2         53
     sky130_fd_sc_hd__or2b_2         5
     sky130_fd_sc_hd__or3_2          8
     sky130_fd_sc_hd__or3b_2         5
     sky130_fd_sc_hd__or4_2          4
     sky130_fd_sc_hd__or4b_2         1
     sky130_fd_sc_hd__xnor2_2       41
     sky130_fd_sc_hd__xor2_2        10

   Chip area for module '\register_alu': 59273.097600

66. Executing Verilog backend.
Dumping module `\register_alu'.

67. Executing JSON backend.

End of script. Logfile hash: 45fcdb1f71, CPU: user 0.88s system 0.03s, MEM: 44.38 MB peak
Yosys 0.38 (git sha1 543faed9c8c, clang++ 17.0.6 -fPIC -Os)
Time spent: 75% 2x abc (2 sec), 4% 20x opt_expr (0 sec), ...
