Wed Jun 04 22:46:41 +0000 2025 - Executing "{openroad -exit -no_init -python /openlane/scripts/odbpy/lefutil.py get_metal_layers -o /openlane/designs/TopModule/runs/RUN_2025.06.04_22.46.41/tmp/layers.list /home/briandeniz/.volare/sky130A/libs.ref/sky130_fd_sc_hd/techlef/sky130_fd_sc_hd__nom.tlef}"

Wed Jun 04 22:46:41 +0000 2025 - Executing "{/openlane/scripts/mergeLef.py -o /openlane/designs/TopModule/runs/RUN_2025.06.04_22.46.41/tmp/merged.nom.lef -i /home/briandeniz/.volare/sky130A/libs.ref/sky130_fd_sc_hd/techlef/sky130_fd_sc_hd__nom.tlef {/home/briandeniz/.volare/sky130A/libs.ref/sky130_fd_sc_hd/lef/sky130_ef_sc_hd.lef /home/briandeniz/.volare/sky130A/libs.ref/sky130_fd_sc_hd/lef/sky130_fd_sc_hd.lef} |& tee /dev/null}"

Wed Jun 04 22:46:41 +0000 2025 - Executing "{/openlane/scripts/mergeLef.py -o /openlane/designs/TopModule/runs/RUN_2025.06.04_22.46.41/tmp/merged.min.lef -i /home/briandeniz/.volare/sky130A/libs.ref/sky130_fd_sc_hd/techlef/sky130_fd_sc_hd__min.tlef {/home/briandeniz/.volare/sky130A/libs.ref/sky130_fd_sc_hd/lef/sky130_ef_sc_hd.lef /home/briandeniz/.volare/sky130A/libs.ref/sky130_fd_sc_hd/lef/sky130_fd_sc_hd.lef} |& tee /dev/null}"

Wed Jun 04 22:46:41 +0000 2025 - Executing "{/openlane/scripts/mergeLef.py -o /openlane/designs/TopModule/runs/RUN_2025.06.04_22.46.41/tmp/merged.max.lef -i /home/briandeniz/.volare/sky130A/libs.ref/sky130_fd_sc_hd/techlef/sky130_fd_sc_hd__max.tlef {/home/briandeniz/.volare/sky130A/libs.ref/sky130_fd_sc_hd/lef/sky130_ef_sc_hd.lef /home/briandeniz/.volare/sky130A/libs.ref/sky130_fd_sc_hd/lef/sky130_fd_sc_hd.lef} |& tee /dev/null}"

Wed Jun 04 22:46:41 +0000 2025 - Executing "{python3 /openlane/scripts/mergeLib.py --output /openlane/designs/TopModule/runs/RUN_2025.06.04_22.46.41/tmp/synthesis/merged.lib --name sky130A_merged /home/briandeniz/.volare/sky130A/libs.ref/sky130_fd_sc_hd/lib/sky130_fd_sc_hd__tt_025C_1v80.lib}"

Wed Jun 04 22:46:42 +0000 2025 - Executing "{python3 /openlane/scripts/libtrim.py --cell-file /openlane/designs/TopModule/runs/RUN_2025.06.04_22.46.41/tmp/synthesis/trimmed.lib.exclude.list --output /openlane/designs/TopModule/runs/RUN_2025.06.04_22.46.41/tmp/synthesis/trimmed.lib /openlane/designs/TopModule/runs/RUN_2025.06.04_22.46.41/tmp/synthesis/merged.lib}"

Wed Jun 04 22:46:42 +0000 2025 - Executing "{python3 /openlane/scripts/libtrim.py --cell-file /openlane/designs/TopModule/runs/RUN_2025.06.04_22.46.41/tmp/cts/cts.lib.exclude.list --output /openlane/designs/TopModule/runs/RUN_2025.06.04_22.46.41/tmp/cts/cts.lib /home/briandeniz/.volare/sky130A/libs.ref/sky130_fd_sc_hd/lib/sky130_fd_sc_hd__tt_025C_1v80.lib}"

Wed Jun 04 22:46:42 +0000 2025 - Executing "{python3 /openlane/scripts/libtrim.py --cell-file /openlane/designs/TopModule/runs/RUN_2025.06.04_22.46.41/tmp/cts/cts-fastest.lib.exclude.list --output /openlane/designs/TopModule/runs/RUN_2025.06.04_22.46.41/tmp/cts/cts-fastest.lib /home/briandeniz/.volare/sky130A/libs.ref/sky130_fd_sc_hd/lib/sky130_fd_sc_hd__ff_n40C_1v95.lib}"

Wed Jun 04 22:46:42 +0000 2025 - Executing "{python3 /openlane/scripts/libtrim.py --cell-file /openlane/designs/TopModule/runs/RUN_2025.06.04_22.46.41/tmp/cts/cts-slowest.lib.exclude.list --output /openlane/designs/TopModule/runs/RUN_2025.06.04_22.46.41/tmp/cts/cts-slowest.lib /home/briandeniz/.volare/sky130A/libs.ref/sky130_fd_sc_hd/lib/sky130_fd_sc_hd__ss_100C_1v60.lib}"

Wed Jun 04 22:46:42 +0000 2025 - Executing "{python3 /openlane/scripts/new_tracks.py -i /home/briandeniz/.volare/sky130A/libs.tech/openlane/sky130_fd_sc_hd/tracks.info -o /openlane/designs/TopModule/runs/RUN_2025.06.04_22.46.41/tmp/routing/config.tracks}"

Wed Jun 04 22:46:42 +0000 2025 - Executing "{echo {OpenLane e73fb3c57e687a0023fcd4dcfd1566ecd478362a} > /openlane/designs/TopModule/runs/RUN_2025.06.04_22.46.41/OPENLANE_COMMIT}"

Wed Jun 04 22:46:42 +0000 2025 - Executing "{yosys -c /openlane/scripts/yosys/blackbox.tcl}"

Wed Jun 04 22:46:43 +0000 2025 - Executing "{verilator -Wall --lint-only --Wno-DECLFILENAME --top-module TopModule /openlane/designs/TopModule/runs/RUN_2025.06.04_22.46.41/tmp/synthesis/blackbox/sky130_fd_sc_hd__blackbox.v /openlane/designs/TopModule/src/ProgramCounter.v /openlane/designs/TopModule/src/InstructionMemory.v /openlane/designs/TopModule/src/RegisterFile.v /openlane/designs/TopModule/src/InstructionDecoder.v /openlane/designs/TopModule/src/TopModule.v /openlane/designs/TopModule/src/ALU.v -Wno-fatal --relative-includes |& tee /openlane/designs/TopModule/runs/RUN_2025.06.04_22.46.41/logs/synthesis/linter.log /dev/null}"

Wed Jun 04 22:46:43 +0000 2025 - Executing "{sed -E {s/^([[:space:]]+)pg_pin(.*)/\1pin\2\n\1    direction : "inout";/g} /home/briandeniz/.volare/sky130A/libs.ref/sky130_fd_sc_hd/lib/sky130_fd_sc_hd__tt_025C_1v80.lib > /openlane/designs/TopModule/runs/RUN_2025.06.04_22.46.41/tmp/synthesis/1-sky130_fd_sc_hd__tt_025C_1v80.no_pg.lib}"

Wed Jun 04 22:46:43 +0000 2025 - Executing "{sed -E {s/^([[:space:]]+)pg_pin(.*)/\1pin\2\n\1    direction : "inout";/g} /openlane/designs/TopModule/runs/RUN_2025.06.04_22.46.41/tmp/synthesis/trimmed.lib > /openlane/designs/TopModule/runs/RUN_2025.06.04_22.46.41/tmp/synthesis/1-trimmed.no_pg.lib}"

Wed Jun 04 22:46:43 +0000 2025 - Executing "yosys -c /openlane/scripts/yosys/synth.tcl |& tee /dev/null /openlane/designs/TopModule/runs/RUN_2025.06.04_22.46.41/logs/synthesis/1-synthesis.log"

Wed Jun 04 22:46:43 +0000 2025 - Executing "{yosys -c /openlane/scripts/yosys/synth.tcl |& tee /dev/null /openlane/designs/TopModule/runs/RUN_2025.06.04_22.46.41/logs/synthesis/1-synthesis.log}"

Wed Jun 04 22:46:48 +0000 2025 - Executing "{sed -i.bak -e {s/\(set ::env(CURRENT_NETLIST)\).*/\1 \/openlane\/designs\/TopModule\/runs\/RUN_2025.06.04_22.46.41\/results\/synthesis\/TopModule.v/} /openlane/designs/TopModule/runs/RUN_2025.06.04_22.46.41/config.tcl}"

Wed Jun 04 22:46:48 +0000 2025 - Executing "{sed -i.bak /defparam/d /openlane/designs/TopModule/runs/RUN_2025.06.04_22.46.41/results/synthesis/TopModule.v}"

Wed Jun 04 22:46:48 +0000 2025 - Executing "sta -exit -no_init /openlane/scripts/openroad/sta/multi_corner.tcl |& tee /dev/null /openlane/designs/TopModule/runs/RUN_2025.06.04_22.46.41/logs/synthesis/2-sta.log"

Wed Jun 04 22:46:48 +0000 2025 - Executing "{sta -exit -no_init /openlane/scripts/openroad/sta/multi_corner.tcl |& tee /dev/null /openlane/designs/TopModule/runs/RUN_2025.06.04_22.46.41/logs/synthesis/2-sta.log}"

Wed Jun 04 22:46:48 +0000 2025 - Executing "openroad -exit /openlane/scripts/openroad/floorplan.tcl |& tee /dev/null /openlane/designs/TopModule/runs/RUN_2025.06.04_22.46.41/logs/floorplan/3-initial_fp.log"

Wed Jun 04 22:46:48 +0000 2025 - Executing "{openroad -exit /openlane/scripts/openroad/floorplan.tcl |& tee /dev/null /openlane/designs/TopModule/runs/RUN_2025.06.04_22.46.41/logs/floorplan/3-initial_fp.log}"

Wed Jun 04 22:46:49 +0000 2025 - Executing "{openroad -exit -no_init -python /openlane/scripts/odbpy/defutil.py extract_core_dims --output-data /openlane/designs/TopModule/runs/RUN_2025.06.04_22.46.41/tmp/dimensions.txt --input-lef /openlane/designs/TopModule/runs/RUN_2025.06.04_22.46.41/tmp/merged.nom.lef /openlane/designs/TopModule/runs/RUN_2025.06.04_22.46.41/tmp/floorplan/3-initial_fp.def}"

Wed Jun 04 22:46:49 +0000 2025 - Executing "{openroad -exit -no_init -python /openlane/scripts/odbpy/io_place.py --config /openlane/designs/TopModule/pin_order.cfg --hor-layer met3 --ver-layer met2 --ver-width-mult 2 --hor-width-mult 2 --hor-extension 0 --ver-extension 0 --length 4 --unmatched-error --input-lef /openlane/designs/TopModule/runs/RUN_2025.06.04_22.46.41/tmp/merged.nom.lef --output-def /openlane/designs/TopModule/runs/RUN_2025.06.04_22.46.41/tmp/floorplan/4-io.def --output /openlane/designs/TopModule/runs/RUN_2025.06.04_22.46.41/tmp/floorplan/4-io.odb /openlane/designs/TopModule/runs/RUN_2025.06.04_22.46.41/tmp/floorplan/3-initial_fp.odb |& tee /dev/null /openlane/designs/TopModule/runs/RUN_2025.06.04_22.46.41/logs/floorplan/4-place_io.log}"

Wed Jun 04 22:46:49 +0000 2025 - Executing "openroad -exit /openlane/scripts/openroad/tapcell.tcl |& tee /dev/null /openlane/designs/TopModule/runs/RUN_2025.06.04_22.46.41/logs/floorplan/5-tap.log"

Wed Jun 04 22:46:49 +0000 2025 - Executing "{openroad -exit /openlane/scripts/openroad/tapcell.tcl |& tee /dev/null /openlane/designs/TopModule/runs/RUN_2025.06.04_22.46.41/logs/floorplan/5-tap.log}"

Wed Jun 04 22:46:50 +0000 2025 - Executing "openroad -exit /openlane/scripts/openroad/pdn.tcl |& tee /dev/null /openlane/designs/TopModule/runs/RUN_2025.06.04_22.46.41/logs/floorplan/6-pdn.log"

Wed Jun 04 22:46:50 +0000 2025 - Executing "{openroad -exit /openlane/scripts/openroad/pdn.tcl |& tee /dev/null /openlane/designs/TopModule/runs/RUN_2025.06.04_22.46.41/logs/floorplan/6-pdn.log}"

Wed Jun 04 22:46:54 +0000 2025 - Executing "openroad -exit /openlane/scripts/openroad/gpl.tcl |& tee /dev/null /openlane/designs/TopModule/runs/RUN_2025.06.04_22.46.41/logs/placement/6-global.log"

Wed Jun 04 22:46:54 +0000 2025 - Executing "{openroad -exit /openlane/scripts/openroad/gpl.tcl |& tee /dev/null /openlane/designs/TopModule/runs/RUN_2025.06.04_22.46.41/logs/placement/6-global.log}"

Wed Jun 04 22:46:59 +0000 2025 - Executing "{sed -i.bak -e {s/\(set ::env(CURRENT_NETLIST)\).*/\1 \/openlane\/designs\/TopModule\/runs\/RUN_2025.06.04_22.46.41\/tmp\/placement\/7-global.nl.v/} /openlane/designs/TopModule/runs/RUN_2025.06.04_22.46.41/config.tcl}"

Wed Jun 04 22:46:59 +0000 2025 - Executing "openroad -exit /openlane/scripts/openroad/sta/multi_corner.tcl |& tee /dev/null /openlane/designs/TopModule/runs/RUN_2025.06.04_22.46.41/logs/placement/8-gpl_sta.log"

Wed Jun 04 22:46:59 +0000 2025 - Executing "{openroad -exit /openlane/scripts/openroad/sta/multi_corner.tcl |& tee /dev/null /openlane/designs/TopModule/runs/RUN_2025.06.04_22.46.41/logs/placement/8-gpl_sta.log}"

Wed Jun 04 22:47:00 +0000 2025 - Executing "openroad -exit /openlane/scripts/openroad/resizer.tcl |& tee /dev/null /openlane/designs/TopModule/runs/RUN_2025.06.04_22.46.41/logs/placement/9-resizer.log"

Wed Jun 04 22:47:00 +0000 2025 - Executing "{openroad -exit /openlane/scripts/openroad/resizer.tcl |& tee /dev/null /openlane/designs/TopModule/runs/RUN_2025.06.04_22.46.41/logs/placement/9-resizer.log}"

Wed Jun 04 22:47:03 +0000 2025 - Executing "{sed -i.bak -e {s/\(set ::env(CURRENT_NETLIST)\).*/\1 \/openlane\/designs\/TopModule\/runs\/RUN_2025.06.04_22.46.41\/tmp\/placement\/9-resizer.nl.v/} /openlane/designs/TopModule/runs/RUN_2025.06.04_22.46.41/config.tcl}"

Wed Jun 04 22:47:04 +0000 2025 - Executing "openroad -exit /openlane/scripts/openroad/dpl.tcl |& tee /dev/null /openlane/designs/TopModule/runs/RUN_2025.06.04_22.46.41/logs/placement/10-detailed.log"

Wed Jun 04 22:47:04 +0000 2025 - Executing "{openroad -exit /openlane/scripts/openroad/dpl.tcl |& tee /dev/null /openlane/designs/TopModule/runs/RUN_2025.06.04_22.46.41/logs/placement/10-detailed.log}"

Wed Jun 04 22:47:04 +0000 2025 - Executing "{sed -i.bak -e {s/\(set ::env(CURRENT_NETLIST)\).*/\1 \/openlane\/designs\/TopModule\/runs\/RUN_2025.06.04_22.46.41\/results\/placement\/TopModule.nl.v/} /openlane/designs/TopModule/runs/RUN_2025.06.04_22.46.41/config.tcl}"

Wed Jun 04 22:47:05 +0000 2025 - Executing "openroad -exit /openlane/scripts/openroad/sta/multi_corner.tcl |& tee /dev/null /openlane/designs/TopModule/runs/RUN_2025.06.04_22.46.41/logs/placement/11-dpl_sta.log"

Wed Jun 04 22:47:05 +0000 2025 - Executing "{openroad -exit /openlane/scripts/openroad/sta/multi_corner.tcl |& tee /dev/null /openlane/designs/TopModule/runs/RUN_2025.06.04_22.46.41/logs/placement/11-dpl_sta.log}"

Wed Jun 04 22:47:06 +0000 2025 - Executing "openroad -exit /openlane/scripts/openroad/cts.tcl |& tee /dev/null /openlane/designs/TopModule/runs/RUN_2025.06.04_22.46.41/logs/cts/12-cts.log"

Wed Jun 04 22:47:06 +0000 2025 - Executing "{openroad -exit /openlane/scripts/openroad/cts.tcl |& tee /dev/null /openlane/designs/TopModule/runs/RUN_2025.06.04_22.46.41/logs/cts/12-cts.log}"

Wed Jun 04 22:47:12 +0000 2025 - Executing "openroad -exit /openlane/scripts/openroad/sta/multi_corner.tcl |& tee /dev/null /openlane/designs/TopModule/runs/RUN_2025.06.04_22.46.41/logs/cts/13-cts_sta.log"

Wed Jun 04 22:47:12 +0000 2025 - Executing "{openroad -exit /openlane/scripts/openroad/sta/multi_corner.tcl |& tee /dev/null /openlane/designs/TopModule/runs/RUN_2025.06.04_22.46.41/logs/cts/13-cts_sta.log}"

Wed Jun 04 22:47:13 +0000 2025 - Executing "openroad -exit /openlane/scripts/openroad/resizer_timing.tcl |& tee /dev/null /openlane/designs/TopModule/runs/RUN_2025.06.04_22.46.41/logs/cts/14-resizer.log"

Wed Jun 04 22:47:13 +0000 2025 - Executing "{openroad -exit /openlane/scripts/openroad/resizer_timing.tcl |& tee /dev/null /openlane/designs/TopModule/runs/RUN_2025.06.04_22.46.41/logs/cts/14-resizer.log}"

Wed Jun 04 22:47:31 +0000 2025 - Executing "{sed -i.bak -e {s/\(set ::env(CURRENT_NETLIST)\).*/\1 \/openlane\/designs\/TopModule\/runs\/RUN_2025.06.04_22.46.41\/tmp\/cts\/14-TopModule.resized.nl.v/} /openlane/designs/TopModule/runs/RUN_2025.06.04_22.46.41/config.tcl}"

Wed Jun 04 22:47:31 +0000 2025 - Executing "openroad -exit /openlane/scripts/openroad/resizer_routing_design.tcl |& tee /dev/null /openlane/designs/TopModule/runs/RUN_2025.06.04_22.46.41/logs/routing/15-resizer_design.log"

Wed Jun 04 22:47:31 +0000 2025 - Executing "{openroad -exit /openlane/scripts/openroad/resizer_routing_design.tcl |& tee /dev/null /openlane/designs/TopModule/runs/RUN_2025.06.04_22.46.41/logs/routing/15-resizer_design.log}"

Wed Jun 04 22:47:34 +0000 2025 - Executing "{sed -i.bak -e {s/\(set ::env(CURRENT_NETLIST)\).*/\1 \/openlane\/designs\/TopModule\/runs\/RUN_2025.06.04_22.46.41\/tmp\/15-TopModule.nl.v/} /openlane/designs/TopModule/runs/RUN_2025.06.04_22.46.41/config.tcl}"

Wed Jun 04 22:47:34 +0000 2025 - Executing "openroad -exit /openlane/scripts/openroad/sta/multi_corner.tcl |& tee /dev/null /openlane/designs/TopModule/runs/RUN_2025.06.04_22.46.41/logs/routing/16-rsz_design_sta.log"

Wed Jun 04 22:47:34 +0000 2025 - Executing "{openroad -exit /openlane/scripts/openroad/sta/multi_corner.tcl |& tee /dev/null /openlane/designs/TopModule/runs/RUN_2025.06.04_22.46.41/logs/routing/16-rsz_design_sta.log}"

Wed Jun 04 22:47:36 +0000 2025 - Executing "openroad -exit /openlane/scripts/openroad/resizer_routing_timing.tcl |& tee /dev/null /openlane/designs/TopModule/runs/RUN_2025.06.04_22.46.41/logs/routing/17-resizer_timing.log"

Wed Jun 04 22:47:36 +0000 2025 - Executing "{openroad -exit /openlane/scripts/openroad/resizer_routing_timing.tcl |& tee /dev/null /openlane/designs/TopModule/runs/RUN_2025.06.04_22.46.41/logs/routing/17-resizer_timing.log}"

Wed Jun 04 22:47:48 +0000 2025 - Executing "{sed -i.bak -e {s/\(set ::env(CURRENT_NETLIST)\).*/\1 \/openlane\/designs\/TopModule\/runs\/RUN_2025.06.04_22.46.41\/tmp\/17-TopModule.nl.v/} /openlane/designs/TopModule/runs/RUN_2025.06.04_22.46.41/config.tcl}"

Wed Jun 04 22:47:48 +0000 2025 - Executing "openroad -exit /openlane/scripts/openroad/sta/multi_corner.tcl |& tee /dev/null /openlane/designs/TopModule/runs/RUN_2025.06.04_22.46.41/logs/routing/18-rsz_timing_sta.log"

Wed Jun 04 22:47:48 +0000 2025 - Executing "{openroad -exit /openlane/scripts/openroad/sta/multi_corner.tcl |& tee /dev/null /openlane/designs/TopModule/runs/RUN_2025.06.04_22.46.41/logs/routing/18-rsz_timing_sta.log}"

Wed Jun 04 22:47:49 +0000 2025 - Executing "{openroad -exit -no_init -python /openlane/scripts/odbpy/diodes.py place --diode-cell sky130_fd_sc_hd__diode_2 --diode-pin DIODE --threshold Infinity --side-strategy source --port-protect both --input-lef /openlane/designs/TopModule/runs/RUN_2025.06.04_22.46.41/tmp/merged.nom.lef --output-def /openlane/designs/TopModule/runs/RUN_2025.06.04_22.46.41/tmp/routing/19-io_diodes.def --output /openlane/designs/TopModule/runs/RUN_2025.06.04_22.46.41/tmp/routing/19-io_diodes.odb /openlane/designs/TopModule/runs/RUN_2025.06.04_22.46.41/tmp/17-TopModule.odb |& tee /dev/null /openlane/designs/TopModule/runs/RUN_2025.06.04_22.46.41/logs/routing/19-io_diodes.log}"

Wed Jun 04 22:47:50 +0000 2025 - Executing "openroad -exit /openlane/scripts/openroad/dpl.tcl |& tee /dev/null /openlane/designs/TopModule/runs/RUN_2025.06.04_22.46.41/logs/routing/20-io_diode_legalization.log"

Wed Jun 04 22:47:50 +0000 2025 - Executing "{openroad -exit /openlane/scripts/openroad/dpl.tcl |& tee /dev/null /openlane/designs/TopModule/runs/RUN_2025.06.04_22.46.41/logs/routing/20-io_diode_legalization.log}"

Wed Jun 04 22:47:51 +0000 2025 - Executing "{sed -i.bak -e {s/\(set ::env(CURRENT_NETLIST)\).*/\1 \/openlane\/designs\/TopModule\/runs\/RUN_2025.06.04_22.46.41\/tmp\/routing\/.\/19-io_diode_legalized.nl.v/} /openlane/designs/TopModule/runs/RUN_2025.06.04_22.46.41/config.tcl}"

Wed Jun 04 22:47:51 +0000 2025 - Executing "{openroad -exit -no_init -python /openlane/scripts/odbpy/diodes.py place --diode-cell sky130_fd_sc_hd__diode_2 --diode-pin DIODE --threshold 90 --side-strategy source --port-protect none --input-lef /openlane/designs/TopModule/runs/RUN_2025.06.04_22.46.41/tmp/merged.nom.lef --output-def /openlane/designs/TopModule/runs/RUN_2025.06.04_22.46.41/tmp/routing/21-diodes.def --output /openlane/designs/TopModule/runs/RUN_2025.06.04_22.46.41/tmp/routing/21-diodes.odb /openlane/designs/TopModule/runs/RUN_2025.06.04_22.46.41/tmp/routing/./19-io_diode_legalized.odb |& tee /dev/null /openlane/designs/TopModule/runs/RUN_2025.06.04_22.46.41/logs/routing/21-diodes.log}"

Wed Jun 04 22:47:51 +0000 2025 - Executing "openroad -exit /openlane/scripts/openroad/dpl.tcl |& tee /dev/null /openlane/designs/TopModule/runs/RUN_2025.06.04_22.46.41/logs/routing/22-diode_legalization.log"

Wed Jun 04 22:47:51 +0000 2025 - Executing "{openroad -exit /openlane/scripts/openroad/dpl.tcl |& tee /dev/null /openlane/designs/TopModule/runs/RUN_2025.06.04_22.46.41/logs/routing/22-diode_legalization.log}"

Wed Jun 04 22:47:52 +0000 2025 - Executing "{sed -i.bak -e {s/\(set ::env(CURRENT_NETLIST)\).*/\1 \/openlane\/designs\/TopModule\/runs\/RUN_2025.06.04_22.46.41\/tmp\/routing\/.\/21-diodes_legalized.nl.v/} /openlane/designs/TopModule/runs/RUN_2025.06.04_22.46.41/config.tcl}"

Wed Jun 04 22:47:52 +0000 2025 - Executing "openroad -exit /openlane/scripts/openroad/repair_antennas.tcl |& tee /dev/null /openlane/designs/TopModule/runs/RUN_2025.06.04_22.46.41/logs/routing/23-global.log"

Wed Jun 04 22:47:52 +0000 2025 - Executing "{openroad -exit /openlane/scripts/openroad/repair_antennas.tcl |& tee /dev/null /openlane/designs/TopModule/runs/RUN_2025.06.04_22.46.41/logs/routing/23-global.log}"

Wed Jun 04 22:47:55 +0000 2025 - Executing "openroad -exit /openlane/scripts/openroad/write_views.tcl |& tee /dev/null /openlane/designs/TopModule/runs/RUN_2025.06.04_22.46.41/logs/routing/23-global_write_netlist.log"

Wed Jun 04 22:47:55 +0000 2025 - Executing "{openroad -exit /openlane/scripts/openroad/write_views.tcl |& tee /dev/null /openlane/designs/TopModule/runs/RUN_2025.06.04_22.46.41/logs/routing/23-global_write_netlist.log}"

Wed Jun 04 22:47:55 +0000 2025 - Executing "{sed -i.bak -e {s/\(set ::env(CURRENT_NETLIST)\).*/\1 \/openlane\/designs\/TopModule\/runs\/RUN_2025.06.04_22.46.41\/tmp\/routing\/global.nl.v/} /openlane/designs/TopModule/runs/RUN_2025.06.04_22.46.41/config.tcl}"

Wed Jun 04 22:47:55 +0000 2025 - Executing "openroad -exit /openlane/scripts/openroad/sta/multi_corner.tcl |& tee /dev/null /openlane/designs/TopModule/runs/RUN_2025.06.04_22.46.41/logs/routing/25-grt_sta.log"

Wed Jun 04 22:47:55 +0000 2025 - Executing "{openroad -exit /openlane/scripts/openroad/sta/multi_corner.tcl |& tee /dev/null /openlane/designs/TopModule/runs/RUN_2025.06.04_22.46.41/logs/routing/25-grt_sta.log}"

Wed Jun 04 22:47:56 +0000 2025 - Executing "openroad -exit /openlane/scripts/openroad/fill.tcl |& tee /dev/null /openlane/designs/TopModule/runs/RUN_2025.06.04_22.46.41/logs/routing/26-fill.log"

Wed Jun 04 22:47:56 +0000 2025 - Executing "{openroad -exit /openlane/scripts/openroad/fill.tcl |& tee /dev/null /openlane/designs/TopModule/runs/RUN_2025.06.04_22.46.41/logs/routing/26-fill.log}"

Wed Jun 04 22:48:00 +0000 2025 - Executing "{sed -i.bak -e {s/\(set ::env(CURRENT_NETLIST)\).*/\1 \/openlane\/designs\/TopModule\/runs\/RUN_2025.06.04_22.46.41\/tmp\/routing\/26-fill.nl.v/} /openlane/designs/TopModule/runs/RUN_2025.06.04_22.46.41/config.tcl}"

Wed Jun 04 22:48:00 +0000 2025 - Executing "openroad -exit -metrics /openlane/designs/TopModule/runs/RUN_2025.06.04_22.46.41/reports/routing/27-drt_metrics.json /openlane/scripts/openroad/droute.tcl |& tee /dev/null /openlane/designs/TopModule/runs/RUN_2025.06.04_22.46.41/logs/routing/27-detailed.log"

Wed Jun 04 22:48:00 +0000 2025 - Executing "{openroad -exit -metrics /openlane/designs/TopModule/runs/RUN_2025.06.04_22.46.41/reports/routing/27-drt_metrics.json /openlane/scripts/openroad/droute.tcl |& tee /dev/null /openlane/designs/TopModule/runs/RUN_2025.06.04_22.46.41/logs/routing/27-detailed.log}"

Wed Jun 04 22:49:11 +0000 2025 - Executing "{sed -i.bak -e {s/\(set ::env(CURRENT_NETLIST)\).*/\1 \/openlane\/designs\/TopModule\/runs\/RUN_2025.06.04_22.46.41\/results\/routing\/TopModule.nl.v/} /openlane/designs/TopModule/runs/RUN_2025.06.04_22.46.41/config.tcl}"

Wed Jun 04 22:49:11 +0000 2025 - Executing "{python3 /openlane/scripts/drc_rosetta.py tr to_klayout -o /openlane/designs/TopModule/runs/RUN_2025.06.04_22.46.41/reports/routing/drt.klayout.xml --design-name TopModule /openlane/designs/TopModule/runs/RUN_2025.06.04_22.46.41/reports/routing/drt.drc}"

Wed Jun 04 22:49:11 +0000 2025 - Executing "{openroad -exit -no_init -python /openlane/scripts/odbpy/wire_lengths.py --report-out /openlane/designs/TopModule/runs/RUN_2025.06.04_22.46.41/reports/routing/28-wire_lengths.csv --input-lef /openlane/designs/TopModule/runs/RUN_2025.06.04_22.46.41/tmp/merged.nom.lef --output-def /openlane/designs/TopModule/runs/RUN_2025.06.04_22.46.41/results/routing/TopModule.def --output /openlane/designs/TopModule/runs/RUN_2025.06.04_22.46.41/results/routing/TopModule.odb /openlane/designs/TopModule/runs/RUN_2025.06.04_22.46.41/results/routing/TopModule.odb |& tee /dev/null /openlane/designs/TopModule/runs/RUN_2025.06.04_22.46.41/logs/routing/28-wire_lengths.log}"

Wed Jun 04 22:49:14 +0000 2025 - Executing "openroad -exit /openlane/scripts/openroad/rcx.tcl |& tee /dev/null /openlane/designs/TopModule/runs/RUN_2025.06.04_22.46.41/logs/signoff/29-parasitics_extraction.min.log"

Wed Jun 04 22:49:14 +0000 2025 - Executing "{openroad -exit /openlane/scripts/openroad/rcx.tcl |& tee /dev/null /openlane/designs/TopModule/runs/RUN_2025.06.04_22.46.41/logs/signoff/29-parasitics_extraction.min.log}"

Wed Jun 04 22:49:17 +0000 2025 - Executing "sta -exit -no_init /openlane/scripts/openroad/sta/multi_corner.tcl |& tee /dev/null /openlane/designs/TopModule/runs/RUN_2025.06.04_22.46.41/logs/signoff/30-rcx_mcsta.min.log"

Wed Jun 04 22:49:17 +0000 2025 - Executing "{sta -exit -no_init /openlane/scripts/openroad/sta/multi_corner.tcl |& tee /dev/null /openlane/designs/TopModule/runs/RUN_2025.06.04_22.46.41/logs/signoff/30-rcx_mcsta.min.log}"

Wed Jun 04 22:49:23 +0000 2025 - Executing "openroad -exit /openlane/scripts/openroad/rcx.tcl |& tee /dev/null /openlane/designs/TopModule/runs/RUN_2025.06.04_22.46.41/logs/signoff/31-parasitics_extraction.max.log"

Wed Jun 04 22:49:23 +0000 2025 - Executing "{openroad -exit /openlane/scripts/openroad/rcx.tcl |& tee /dev/null /openlane/designs/TopModule/runs/RUN_2025.06.04_22.46.41/logs/signoff/31-parasitics_extraction.max.log}"

Wed Jun 04 22:49:26 +0000 2025 - Executing "sta -exit -no_init /openlane/scripts/openroad/sta/multi_corner.tcl |& tee /dev/null /openlane/designs/TopModule/runs/RUN_2025.06.04_22.46.41/logs/signoff/32-rcx_mcsta.max.log"

Wed Jun 04 22:49:26 +0000 2025 - Executing "{sta -exit -no_init /openlane/scripts/openroad/sta/multi_corner.tcl |& tee /dev/null /openlane/designs/TopModule/runs/RUN_2025.06.04_22.46.41/logs/signoff/32-rcx_mcsta.max.log}"

Wed Jun 04 22:49:32 +0000 2025 - Executing "openroad -exit /openlane/scripts/openroad/rcx.tcl |& tee /dev/null /openlane/designs/TopModule/runs/RUN_2025.06.04_22.46.41/logs/signoff/33-parasitics_extraction.nom.log"

Wed Jun 04 22:49:32 +0000 2025 - Executing "{openroad -exit /openlane/scripts/openroad/rcx.tcl |& tee /dev/null /openlane/designs/TopModule/runs/RUN_2025.06.04_22.46.41/logs/signoff/33-parasitics_extraction.nom.log}"

Wed Jun 04 22:49:35 +0000 2025 - Executing "sta -exit -no_init /openlane/scripts/openroad/sta/multi_corner.tcl |& tee /dev/null /openlane/designs/TopModule/runs/RUN_2025.06.04_22.46.41/logs/signoff/34-rcx_mcsta.nom.log"

Wed Jun 04 22:49:35 +0000 2025 - Executing "{sta -exit -no_init /openlane/scripts/openroad/sta/multi_corner.tcl |& tee /dev/null /openlane/designs/TopModule/runs/RUN_2025.06.04_22.46.41/logs/signoff/34-rcx_mcsta.nom.log}"

Wed Jun 04 22:49:42 +0000 2025 - Executing "openroad -exit /openlane/scripts/openroad/irdrop.tcl |& tee /dev/null /openlane/designs/TopModule/runs/RUN_2025.06.04_22.46.41/logs/signoff/35-irdrop.log"

Wed Jun 04 22:49:42 +0000 2025 - Executing "{openroad -exit /openlane/scripts/openroad/irdrop.tcl |& tee /dev/null /openlane/designs/TopModule/runs/RUN_2025.06.04_22.46.41/logs/signoff/35-irdrop.log}"

Wed Jun 04 22:49:56 +0000 2025 - Executing "magic -noconsole -dnull -rcfile /home/briandeniz/.volare/sky130A/libs.tech/magic/sky130A.magicrc < /openlane/scripts/magic/wrapper.tcl |& tee /dev/null /openlane/designs/TopModule/runs/RUN_2025.06.04_22.46.41/logs/signoff/36-gdsii.log"

Wed Jun 04 22:49:56 +0000 2025 - Executing "{magic -noconsole -dnull -rcfile /home/briandeniz/.volare/sky130A/libs.tech/magic/sky130A.magicrc < /openlane/scripts/magic/wrapper.tcl |& tee /dev/null /openlane/designs/TopModule/runs/RUN_2025.06.04_22.46.41/logs/signoff/36-gdsii.log}"

Wed Jun 04 22:50:05 +0000 2025 - Executing "magic -noconsole -dnull -rcfile /home/briandeniz/.volare/sky130A/libs.tech/magic/sky130A.magicrc < /openlane/scripts/magic/wrapper.tcl |& tee /dev/null /openlane/designs/TopModule/runs/RUN_2025.06.04_22.46.41/logs/signoff/36-gds_ptrs.log"

Wed Jun 04 22:50:05 +0000 2025 - Executing "{magic -noconsole -dnull -rcfile /home/briandeniz/.volare/sky130A/libs.tech/magic/sky130A.magicrc < /openlane/scripts/magic/wrapper.tcl |& tee /dev/null /openlane/designs/TopModule/runs/RUN_2025.06.04_22.46.41/logs/signoff/36-gds_ptrs.log}"

Wed Jun 04 22:50:10 +0000 2025 - Executing "{sed -i.bak -n {/^<< properties >>/,/^<< end >>/p} /openlane/designs/TopModule/runs/RUN_2025.06.04_22.46.41/tmp/signoff/gds_ptrs.mag}"

Wed Jun 04 22:50:10 +0000 2025 - Executing "magic -noconsole -dnull -rcfile /home/briandeniz/.volare/sky130A/libs.tech/magic/sky130A.magicrc < /openlane/scripts/magic/wrapper.tcl |& tee /dev/null /openlane/designs/TopModule/runs/RUN_2025.06.04_22.46.41/logs/signoff/36-lef.log"

Wed Jun 04 22:50:10 +0000 2025 - Executing "{magic -noconsole -dnull -rcfile /home/briandeniz/.volare/sky130A/libs.tech/magic/sky130A.magicrc < /openlane/scripts/magic/wrapper.tcl |& tee /dev/null /openlane/designs/TopModule/runs/RUN_2025.06.04_22.46.41/logs/signoff/36-lef.log}"

Wed Jun 04 22:51:15 +0000 2025 - Executing "magic -noconsole -dnull -rcfile /home/briandeniz/.volare/sky130A/libs.tech/magic/sky130A.magicrc < /openlane/scripts/magic/wrapper.tcl |& tee /dev/null /openlane/designs/TopModule/runs/RUN_2025.06.04_22.46.41/logs/signoff/36-maglef.log"

Wed Jun 04 22:51:15 +0000 2025 - Executing "{magic -noconsole -dnull -rcfile /home/briandeniz/.volare/sky130A/libs.tech/magic/sky130A.magicrc < /openlane/scripts/magic/wrapper.tcl |& tee /dev/null /openlane/designs/TopModule/runs/RUN_2025.06.04_22.46.41/logs/signoff/36-maglef.log}"

Wed Jun 04 22:51:16 +0000 2025 - Executing "{python3 /openlane/scripts/klayout/stream_out.py --output /openlane/designs/TopModule/runs/RUN_2025.06.04_22.46.41/results/signoff/TopModule.klayout.gds --lyt /home/briandeniz/.volare/sky130A/libs.tech/klayout/tech/sky130A.lyt --lym /home/briandeniz/.volare/sky130A/libs.tech/klayout/tech/sky130A.map --lyp /home/briandeniz/.volare/sky130A/libs.tech/klayout/tech/sky130A.lyp --top TopModule --with-gds-file /home/briandeniz/.volare/sky130A/libs.ref/sky130_fd_sc_hd/gds/sky130_fd_sc_hd.gds --input-lef /openlane/designs/TopModule/runs/RUN_2025.06.04_22.46.41/tmp/merged.nom.lef /openlane/designs/TopModule/runs/RUN_2025.06.04_22.46.41/results/routing/TopModule.def |& tee /dev/null /openlane/designs/TopModule/runs/RUN_2025.06.04_22.46.41/logs/signoff/37-gdsii-klayout.log}"

Wed Jun 04 22:51:19 +0000 2025 - Executing "{klayout -b -r /openlane/scripts/klayout/xor.drc -rd a=/openlane/designs/TopModule/runs/RUN_2025.06.04_22.46.41/results/signoff/TopModule.gds -rd b=/openlane/designs/TopModule/runs/RUN_2025.06.04_22.46.41/results/signoff/TopModule.klayout.gds -rd jobs=1 -rd rdb_out=/openlane/designs/TopModule/runs/RUN_2025.06.04_22.46.41/reports/signoff/38-xor.xml -rd ignore=81/14 -rd rpt_out=/openlane/designs/TopModule/runs/RUN_2025.06.04_22.46.41/reports/signoff/38-xor.rpt |& tee /dev/null /openlane/designs/TopModule/runs/RUN_2025.06.04_22.46.41/logs/signoff/38-xor.log}"

Wed Jun 04 22:52:16 +0000 2025 - Executing "magic -noconsole -dnull -rcfile /home/briandeniz/.volare/sky130A/libs.tech/magic/sky130A.magicrc < /openlane/scripts/magic/wrapper.tcl |& tee /dev/null /openlane/designs/TopModule/runs/RUN_2025.06.04_22.46.41/logs/signoff/39-spice.log"

Wed Jun 04 22:52:16 +0000 2025 - Executing "{magic -noconsole -dnull -rcfile /home/briandeniz/.volare/sky130A/libs.tech/magic/sky130A.magicrc < /openlane/scripts/magic/wrapper.tcl |& tee /dev/null /openlane/designs/TopModule/runs/RUN_2025.06.04_22.46.41/logs/signoff/39-spice.log}"

Wed Jun 04 22:53:08 +0000 2025 - Executing "{openroad -exit -no_init -python /openlane/scripts/odbpy/power_utils.py write_powered_def --output /openlane/designs/TopModule/runs/RUN_2025.06.04_22.46.41/tmp/signoff/39-TopModule.p.def --input-lef /openlane/designs/TopModule/runs/RUN_2025.06.04_22.46.41/tmp/merged.nom.lef --power-port VPWR --ground-port VGND --powered-netlist {} /openlane/designs/TopModule/runs/RUN_2025.06.04_22.46.41/results/routing/TopModule.def |& tee /dev/null /openlane/designs/TopModule/runs/RUN_2025.06.04_22.46.41/logs/signoff/40-write_powered_def.log}"

Wed Jun 04 22:53:12 +0000 2025 - Executing "openroad -exit /openlane/scripts/openroad/write_views.tcl |& tee /dev/null /openlane/designs/TopModule/runs/RUN_2025.06.04_22.46.41/logs/signoff/40-write_powered_verilog.log"

Wed Jun 04 22:53:12 +0000 2025 - Executing "{openroad -exit /openlane/scripts/openroad/write_views.tcl |& tee /dev/null /openlane/designs/TopModule/runs/RUN_2025.06.04_22.46.41/logs/signoff/40-write_powered_verilog.log}"

Wed Jun 04 22:53:14 +0000 2025 - Executing "{sed -i.bak -e {s/\(set ::env(CURRENT_NETLIST)\).*/\1 \/openlane\/designs\/TopModule\/runs\/RUN_2025.06.04_22.46.41\/tmp\/signoff\/39-TopModule.nl.v/} /openlane/designs/TopModule/runs/RUN_2025.06.04_22.46.41/config.tcl}"

Wed Jun 04 22:53:14 +0000 2025 - Executing "{netgen -batch source /openlane/designs/TopModule/runs/RUN_2025.06.04_22.46.41/tmp/signoff/42-setup_file.lef.lvs |& tee /dev/null /openlane/designs/TopModule/runs/RUN_2025.06.04_22.46.41/logs/signoff/42-lvs.lef.log}"

Wed Jun 04 22:53:44 +0000 2025 - Executing "magic -noconsole -dnull -rcfile /home/briandeniz/.volare/sky130A/libs.tech/magic/sky130A.magicrc < /openlane/scripts/magic/wrapper.tcl |& tee /dev/null /openlane/designs/TopModule/runs/RUN_2025.06.04_22.46.41/logs/signoff/43-drc.log"

Wed Jun 04 22:53:44 +0000 2025 - Executing "{magic -noconsole -dnull -rcfile /home/briandeniz/.volare/sky130A/libs.tech/magic/sky130A.magicrc < /openlane/scripts/magic/wrapper.tcl |& tee /dev/null /openlane/designs/TopModule/runs/RUN_2025.06.04_22.46.41/logs/signoff/43-drc.log}"

Wed Jun 04 22:57:46 +0000 2025 - Executing "{python3 /openlane/scripts/drc_rosetta.py magic to_tcl -o /openlane/designs/TopModule/runs/RUN_2025.06.04_22.46.41/reports/signoff/drc.tcl /openlane/designs/TopModule/runs/RUN_2025.06.04_22.46.41/reports/signoff/drc.rpt}"

Wed Jun 04 22:57:46 +0000 2025 - Executing "{python3 /openlane/scripts/drc_rosetta.py magic to_tr -o /openlane/designs/TopModule/runs/RUN_2025.06.04_22.46.41/reports/signoff/drc.tr /openlane/designs/TopModule/runs/RUN_2025.06.04_22.46.41/reports/signoff/drc.rpt}"

Wed Jun 04 22:57:46 +0000 2025 - Executing "{python3 /openlane/scripts/drc_rosetta.py tr to_klayout -o /openlane/designs/TopModule/runs/RUN_2025.06.04_22.46.41/reports/signoff/drc.klayout.xml --design-name TopModule /openlane/designs/TopModule/runs/RUN_2025.06.04_22.46.41/reports/signoff/drc.tr}"

Wed Jun 04 22:57:46 +0000 2025 - Executing "{python3 /openlane/scripts/drc_rosetta.py magic to_rdb -o /openlane/designs/TopModule/runs/RUN_2025.06.04_22.46.41/reports/signoff/drc.rdb /openlane/designs/TopModule/runs/RUN_2025.06.04_22.46.41/reports/signoff/drc.rpt}"

Wed Jun 04 22:57:46 +0000 2025 - Executing "{klayout -b -zz -r /home/briandeniz/.volare/sky130A/libs.tech/klayout/drc/sky130A_mr.drc -rd topcell=TopModule -rd input=/openlane/designs/TopModule/runs/RUN_2025.06.04_22.46.41/results/signoff/TopModule.gds -rd report=/openlane/designs/TopModule/runs/RUN_2025.06.04_22.46.41/reports/signoff/violations.xml -rd feol=true -rd beol=true -rd floating_metal=false -rd seal=true -rd thread=1 |& tee /dev/null /openlane/designs/TopModule/runs/RUN_2025.06.04_22.46.41/logs/signoff/44-drc-klayout.log}"

Wed Jun 04 23:02:33 +0000 2025 - Executing "{python3 /openlane/scripts/klayout/xml_drc_report_to_json.py --xml-file /openlane/designs/TopModule/runs/RUN_2025.06.04_22.46.41/reports/signoff/violations.xml --json-file /openlane/designs/TopModule/runs/RUN_2025.06.04_22.46.41/reports/signoff/violations.json}"

Wed Jun 04 23:02:33 +0000 2025 - Executing "openroad -exit /openlane/scripts/openroad/antenna_check.tcl |& tee /dev/null /openlane/designs/TopModule/runs/RUN_2025.06.04_22.46.41/logs/signoff/45-arc.log"

Wed Jun 04 23:02:33 +0000 2025 - Executing "{openroad -exit /openlane/scripts/openroad/antenna_check.tcl |& tee /dev/null /openlane/designs/TopModule/runs/RUN_2025.06.04_22.46.41/logs/signoff/45-arc.log}"

Wed Jun 04 23:02:36 +0000 2025 - Executing "{python3 /openlane/scripts/extract_antenna_violators.py --output /openlane/designs/TopModule/runs/RUN_2025.06.04_22.46.41/reports/signoff/45-antenna_violators.rpt --plain-out /openlane/designs/TopModule/runs/RUN_2025.06.04_22.46.41/reports/signoff/45-antenna_violators_pins.txt /openlane/designs/TopModule/runs/RUN_2025.06.04_22.46.41/logs/signoff/45-arc.log}"

Wed Jun 04 23:02:37 +0000 2025 - Executing "{python3 /openlane/scripts/write_runtime.py --conclude --seconds --time-in 1749078157 {flow completed}}"

Wed Jun 04 23:02:37 +0000 2025 - Executing "{python3 /openlane/scripts/generate_reports.py -d /openlane/designs/TopModule --design_name TopModule --tag RUN_2025.06.04_22.46.41 --output_file /openlane/designs/TopModule/runs/RUN_2025.06.04_22.46.41/reports/metrics.csv --man_report /openlane/designs/TopModule/runs/RUN_2025.06.04_22.46.41/reports/manufacturability.rpt --run_path /openlane/designs/TopModule/runs/RUN_2025.06.04_22.46.41}"

