OpenROAD b16bda7e82721d10566ff7e2b68f1ff0be9f9e38 
Features included (+) or not (-): +Charts +GPU +GUI +Python
This program is licensed under the BSD-3 license. See the LICENSE file for details.
Components of this program may be licensed under more restrictive licenses which must be honored.
define_corners Typical
read_liberty -corner Typical /home/briandeniz/.volare/sky130A/libs.ref/sky130_fd_sc_hd/lib/sky130_fd_sc_hd__tt_025C_1v80.lib
Using 1e-12 for capacitance...
Using 1e+03 for resistance...
Using 1e-09 for time...
Using 1e+00 for voltage...
Using 1e-03 for current...
Using 1e-09 for power...
Using 1e-06 for distance...
[INFO]: Reading ODB at '/openlane/designs/ALU/runs/RUN_2025.05.04_11.45.11/tmp/routing/21-fill.odb'…
Reading design constraints file at '/openlane/scripts/base.sdc'…
[INFO]: Setting output delay to: 2.0
[INFO]: Setting input delay to: 2.0
[WARNING STA-0366] port '__VIRTUAL_CLK__' not found.
[INFO]: Setting load to: 0.033442
[INFO]: Setting clock uncertainty to: 0.25
[INFO]: Setting clock transition to: 0.15
[WARNING STA-0419] transition time can not be specified for virtual clocks.
[INFO]: Setting timing derate to: 5.0 %
[INFO ORD-0030] Using 2 thread(s).
[INFO DRT-0149] Reading tech and libs.
[WARNING DRT-0349] LEF58_ENCLOSURE with no CUTCLASS is not supported. Skipping for layer mcon
[WARNING DRT-0349] LEF58_ENCLOSURE with no CUTCLASS is not supported. Skipping for layer mcon
[WARNING DRT-0349] LEF58_ENCLOSURE with no CUTCLASS is not supported. Skipping for layer via
[WARNING DRT-0349] LEF58_ENCLOSURE with no CUTCLASS is not supported. Skipping for layer via
[WARNING DRT-0349] LEF58_ENCLOSURE with no CUTCLASS is not supported. Skipping for layer via2
[WARNING DRT-0349] LEF58_ENCLOSURE with no CUTCLASS is not supported. Skipping for layer via2
[WARNING DRT-0349] LEF58_ENCLOSURE with no CUTCLASS is not supported. Skipping for layer via3
[WARNING DRT-0349] LEF58_ENCLOSURE with no CUTCLASS is not supported. Skipping for layer via3
[WARNING DRT-0349] LEF58_ENCLOSURE with no CUTCLASS is not supported. Skipping for layer via4
[WARNING DRT-0349] LEF58_ENCLOSURE with no CUTCLASS is not supported. Skipping for layer via4

Units:                1000
Number of layers:     13
Number of macros:     441
Number of vias:       29
Number of viarulegen: 25

[INFO DRT-0150] Reading design.

Design:                   ALU
Die area:                 ( 0 0 ) ( 210000 360000 )
Number of track patterns: 12
Number of DEF vias:       0
Number of components:     7010
Number of terminals:      29
Number of snets:          2
Number of nets:           341

[INFO DRT-0167] List of default vias:
  Layer via
    default via: M1M2_PR
  Layer via2
    default via: M2M3_PR
  Layer via3
    default via: M3M4_PR
  Layer via4
    default via: M4M5_PR
[INFO DRT-0162] Library cell analysis.
[INFO DRT-0163] Instance analysis.
[INFO DRT-0164] Number of unique instances = 215.
[INFO DRT-0168] Init region query.
[INFO DRT-0024]   Complete FR_MASTERSLICE.
[INFO DRT-0024]   Complete Fr_VIA.
[INFO DRT-0024]   Complete li1.
[INFO DRT-0024]   Complete mcon.
[INFO DRT-0024]   Complete met1.
[INFO DRT-0024]   Complete via.
[INFO DRT-0024]   Complete met2.
[INFO DRT-0024]   Complete via2.
[INFO DRT-0024]   Complete met3.
[INFO DRT-0024]   Complete via3.
[INFO DRT-0024]   Complete met4.
[INFO DRT-0024]   Complete via4.
[INFO DRT-0024]   Complete met5.
[INFO DRT-0033] FR_MASTERSLICE shape region query size = 0.
[INFO DRT-0033] FR_VIA shape region query size = 0.
[INFO DRT-0033] li1 shape region query size = 45380.
[INFO DRT-0033] mcon shape region query size = 82104.
[INFO DRT-0033] met1 shape region query size = 15241.
[INFO DRT-0033] via shape region query size = 5000.
[INFO DRT-0033] met2 shape region query size = 3011.
[INFO DRT-0033] via2 shape region query size = 4000.
[INFO DRT-0033] met3 shape region query size = 3016.
[INFO DRT-0033] via3 shape region query size = 4000.
[INFO DRT-0033] met4 shape region query size = 1256.
[INFO DRT-0033] via4 shape region query size = 224.
[INFO DRT-0033] met5 shape region query size = 280.
[INFO DRT-0165] Start pin access.
[INFO DRT-0078]   Complete 713 pins.
[INFO DRT-0079]   Complete 100 unique inst patterns.
[INFO DRT-0081]   Complete 197 unique inst patterns.
[INFO DRT-0084]   Complete 340 groups.
#scanned instances     = 7010
#unique  instances     = 215
#stdCellGenAp          = 5708
#stdCellValidPlanarAp  = 22
#stdCellValidViaAp     = 4176
#stdCellPinNoAp        = 0
#stdCellPinCnt         = 1119
#instTermValidViaApCnt = 0
#macroGenAp            = 0
#macroValidPlanarAp    = 0
#macroValidViaAp       = 0
#macroNoAp             = 0
[INFO DRT-0166] Complete pin access.
[INFO DRT-0267] cpu time = 00:00:10, elapsed time = 00:00:04, memory = 129.67 (MB), peak = 129.67 (MB)

Number of guides:     4327

[INFO DRT-0169] Post process guides.
[INFO DRT-0176] GCELLGRID X 0 DO 30 STEP 6900 ;
[INFO DRT-0177] GCELLGRID Y 0 DO 52 STEP 6900 ;
[INFO DRT-0028]   Complete FR_MASTERSLICE.
[INFO DRT-0028]   Complete Fr_VIA.
[INFO DRT-0028]   Complete li1.
[INFO DRT-0028]   Complete mcon.
[INFO DRT-0028]   Complete met1.
[INFO DRT-0028]   Complete via.
[INFO DRT-0028]   Complete met2.
[INFO DRT-0028]   Complete via2.
[INFO DRT-0028]   Complete met3.
[INFO DRT-0028]   Complete via3.
[INFO DRT-0028]   Complete met4.
[INFO DRT-0028]   Complete via4.
[INFO DRT-0028]   Complete met5.
[INFO DRT-0178] Init guide query.
[INFO DRT-0035]   Complete FR_MASTERSLICE (guide).
[INFO DRT-0035]   Complete Fr_VIA (guide).
[INFO DRT-0035]   Complete li1 (guide).
[INFO DRT-0035]   Complete mcon (guide).
[INFO DRT-0035]   Complete met1 (guide).
[INFO DRT-0035]   Complete via (guide).
[INFO DRT-0035]   Complete met2 (guide).
[INFO DRT-0035]   Complete via2 (guide).
[INFO DRT-0035]   Complete met3 (guide).
[INFO DRT-0035]   Complete via3 (guide).
[INFO DRT-0035]   Complete met4 (guide).
[INFO DRT-0035]   Complete via4 (guide).
[INFO DRT-0035]   Complete met5 (guide).
[INFO DRT-0036] FR_MASTERSLICE guide region query size = 0.
[INFO DRT-0036] FR_VIA guide region query size = 0.
[INFO DRT-0036] li1 guide region query size = 1112.
[INFO DRT-0036] mcon guide region query size = 0.
[INFO DRT-0036] met1 guide region query size = 1301.
[INFO DRT-0036] via guide region query size = 0.
[INFO DRT-0036] met2 guide region query size = 855.
[INFO DRT-0036] via2 guide region query size = 0.
[INFO DRT-0036] met3 guide region query size = 45.
[INFO DRT-0036] via3 guide region query size = 0.
[INFO DRT-0036] met4 guide region query size = 13.
[INFO DRT-0036] via4 guide region query size = 0.
[INFO DRT-0036] met5 guide region query size = 0.
[INFO DRT-0179] Init gr pin query.
[INFO DRT-0245] skipped writing guide updates to database.
[INFO DRT-0185] Post process initialize RPin region query.
[INFO DRT-0181] Start track assignment.
[INFO DRT-0184] Done with 1980 vertical wires in 1 frboxes and 1346 horizontal wires in 2 frboxes.
[INFO DRT-0186] Done with 210 vertical wires in 1 frboxes and 272 horizontal wires in 2 frboxes.
[INFO DRT-0182] Complete track assignment.
[INFO DRT-0267] cpu time = 00:00:00, elapsed time = 00:00:00, memory = 151.92 (MB), peak = 151.92 (MB)
[INFO DRT-0187] Start routing data preparation.
[INFO DRT-0267] cpu time = 00:00:00, elapsed time = 00:00:00, memory = 151.92 (MB), peak = 151.92 (MB)
[INFO DRT-0194] Start detail routing.
[INFO DRT-0195] Start 0th optimization iteration.
    Completing 10% with 0 violations.
    elapsed time = 00:00:00, memory = 178.86 (MB).
    Completing 20% with 0 violations.
    elapsed time = 00:00:00, memory = 199.20 (MB).
    Completing 30% with 31 violations.
    elapsed time = 00:00:00, memory = 215.95 (MB).
    Completing 40% with 31 violations.
    elapsed time = 00:00:00, memory = 211.25 (MB).
    Completing 50% with 31 violations.
    elapsed time = 00:00:00, memory = 211.25 (MB).
    Completing 60% with 31 violations.
    elapsed time = 00:00:01, memory = 218.50 (MB).
    Completing 70% with 55 violations.
    elapsed time = 00:00:01, memory = 218.88 (MB).
    Completing 80% with 55 violations.
    elapsed time = 00:00:01, memory = 233.00 (MB).
    Completing 90% with 78 violations.
    elapsed time = 00:00:01, memory = 239.12 (MB).
    Completing 100% with 84 violations.
    elapsed time = 00:00:02, memory = 233.16 (MB).
[INFO DRT-0199]   Number of violations = 96.
Viol/Layer        met1   met2   met3
Metal Spacing        8     13      4
Recheck              9      3      0
Short               37     22      0
[INFO DRT-0267] cpu time = 00:00:04, elapsed time = 00:00:02, memory = 543.91 (MB), peak = 543.91 (MB)
Total wire length = 82390 um.
Total wire length on LAYER li1 = 0 um.
Total wire length on LAYER met1 = 31453 um.
Total wire length on LAYER met2 = 47425 um.
Total wire length on LAYER met3 = 1206 um.
Total wire length on LAYER met4 = 2305 um.
Total wire length on LAYER met5 = 0 um.
Total number of vias = 3058.
Up-via summary (total 3058):

-----------------------
 FR_MASTERSLICE       0
            li1    1146
           met1    1831
           met2      53
           met3      28
           met4       0
-----------------------
                   3058


[INFO DRT-0195] Start 1st optimization iteration.
    Completing 10% with 96 violations.
    elapsed time = 00:00:00, memory = 552.16 (MB).
    Completing 20% with 96 violations.
    elapsed time = 00:00:00, memory = 552.16 (MB).
    Completing 30% with 92 violations.
    elapsed time = 00:00:00, memory = 543.91 (MB).
    Completing 40% with 92 violations.
    elapsed time = 00:00:00, memory = 543.91 (MB).
    Completing 50% with 92 violations.
    elapsed time = 00:00:00, memory = 543.91 (MB).
    Completing 60% with 92 violations.
    elapsed time = 00:00:01, memory = 543.91 (MB).
    Completing 70% with 73 violations.
    elapsed time = 00:00:01, memory = 543.91 (MB).
    Completing 80% with 73 violations.
    elapsed time = 00:00:01, memory = 543.91 (MB).
    Completing 90% with 50 violations.
    elapsed time = 00:00:01, memory = 543.91 (MB).
    Completing 100% with 45 violations.
    elapsed time = 00:00:02, memory = 543.91 (MB).
[INFO DRT-0199]   Number of violations = 45.
Viol/Layer        met1   met2
Metal Spacing        3      7
Short               34      1
[INFO DRT-0267] cpu time = 00:00:04, elapsed time = 00:00:02, memory = 546.91 (MB), peak = 552.16 (MB)
Total wire length = 82344 um.
Total wire length on LAYER li1 = 0 um.
Total wire length on LAYER met1 = 31408 um.
Total wire length on LAYER met2 = 47428 um.
Total wire length on LAYER met3 = 1197 um.
Total wire length on LAYER met4 = 2309 um.
Total wire length on LAYER met5 = 0 um.
Total number of vias = 3086.
Up-via summary (total 3086):

-----------------------
 FR_MASTERSLICE       0
            li1    1146
           met1    1859
           met2      53
           met3      28
           met4       0
-----------------------
                   3086


[INFO DRT-0195] Start 2nd optimization iteration.
    Completing 10% with 45 violations.
    elapsed time = 00:00:00, memory = 546.91 (MB).
    Completing 20% with 45 violations.
    elapsed time = 00:00:00, memory = 548.04 (MB).
    Completing 30% with 45 violations.
    elapsed time = 00:00:00, memory = 548.04 (MB).
    Completing 40% with 46 violations.
    elapsed time = 00:00:00, memory = 548.04 (MB).
    Completing 50% with 46 violations.
    elapsed time = 00:00:00, memory = 548.04 (MB).
    Completing 60% with 46 violations.
    elapsed time = 00:00:00, memory = 548.04 (MB).
    Completing 70% with 48 violations.
    elapsed time = 00:00:00, memory = 550.04 (MB).
    Completing 80% with 48 violations.
    elapsed time = 00:00:00, memory = 550.04 (MB).
    Completing 90% with 47 violations.
    elapsed time = 00:00:01, memory = 550.04 (MB).
    Completing 100% with 37 violations.
    elapsed time = 00:00:01, memory = 550.04 (MB).
[INFO DRT-0199]   Number of violations = 37.
Viol/Layer        met1   met2
Metal Spacing        4      3
Short               29      1
[INFO DRT-0267] cpu time = 00:00:02, elapsed time = 00:00:01, memory = 550.04 (MB), peak = 552.16 (MB)
Total wire length = 82308 um.
Total wire length on LAYER li1 = 0 um.
Total wire length on LAYER met1 = 31367 um.
Total wire length on LAYER met2 = 47449 um.
Total wire length on LAYER met3 = 1192 um.
Total wire length on LAYER met4 = 2299 um.
Total wire length on LAYER met5 = 0 um.
Total number of vias = 3073.
Up-via summary (total 3073):

-----------------------
 FR_MASTERSLICE       0
            li1    1146
           met1    1848
           met2      53
           met3      26
           met4       0
-----------------------
                   3073


[INFO DRT-0195] Start 3rd optimization iteration.
    Completing 10% with 37 violations.
    elapsed time = 00:00:00, memory = 550.04 (MB).
    Completing 20% with 37 violations.
    elapsed time = 00:00:00, memory = 550.04 (MB).
    Completing 30% with 25 violations.
    elapsed time = 00:00:00, memory = 550.04 (MB).
    Completing 40% with 25 violations.
    elapsed time = 00:00:00, memory = 550.04 (MB).
    Completing 50% with 25 violations.
    elapsed time = 00:00:00, memory = 550.04 (MB).
    Completing 60% with 25 violations.
    elapsed time = 00:00:00, memory = 550.04 (MB).
    Completing 70% with 21 violations.
    elapsed time = 00:00:00, memory = 550.04 (MB).
    Completing 80% with 21 violations.
    elapsed time = 00:00:00, memory = 550.04 (MB).
    Completing 90% with 9 violations.
    elapsed time = 00:00:00, memory = 550.04 (MB).
    Completing 100% with 0 violations.
    elapsed time = 00:00:00, memory = 550.04 (MB).
[INFO DRT-0199]   Number of violations = 0.
[INFO DRT-0267] cpu time = 00:00:01, elapsed time = 00:00:00, memory = 550.04 (MB), peak = 552.16 (MB)
Total wire length = 82326 um.
Total wire length on LAYER li1 = 0 um.
Total wire length on LAYER met1 = 31314 um.
Total wire length on LAYER met2 = 47459 um.
Total wire length on LAYER met3 = 1252 um.
Total wire length on LAYER met4 = 2299 um.
Total wire length on LAYER met5 = 0 um.
Total number of vias = 3116.
Up-via summary (total 3116):

-----------------------
 FR_MASTERSLICE       0
            li1    1146
           met1    1877
           met2      67
           met3      26
           met4       0
-----------------------
                   3116


[INFO DRT-0198] Complete detail routing.
Total wire length = 82326 um.
Total wire length on LAYER li1 = 0 um.
Total wire length on LAYER met1 = 31314 um.
Total wire length on LAYER met2 = 47459 um.
Total wire length on LAYER met3 = 1252 um.
Total wire length on LAYER met4 = 2299 um.
Total wire length on LAYER met5 = 0 um.
Total number of vias = 3116.
Up-via summary (total 3116):

-----------------------
 FR_MASTERSLICE       0
            li1    1146
           met1    1877
           met2      67
           met3      26
           met4       0
-----------------------
                   3116


[INFO DRT-0267] cpu time = 00:00:12, elapsed time = 00:00:06, memory = 550.04 (MB), peak = 552.16 (MB)

[INFO DRT-0180] Post processing.
Setting global connections for newly added cells…
Writing OpenROAD database to '/openlane/designs/ALU/runs/RUN_2025.05.04_11.45.11/results/routing/ALU.odb'…
Writing netlist to '/openlane/designs/ALU/runs/RUN_2025.05.04_11.45.11/results/routing/ALU.nl.v'…
Writing powered netlist to '/openlane/designs/ALU/runs/RUN_2025.05.04_11.45.11/results/routing/ALU.pnl.v'…
Writing layout to '/openlane/designs/ALU/runs/RUN_2025.05.04_11.45.11/results/routing/ALU.def'…
