OpenROAD b16bda7e82721d10566ff7e2b68f1ff0be9f9e38 
Features included (+) or not (-): +Charts +GPU +GUI +Python
This program is licensed under the BSD-3 license. See the LICENSE file for details.
Components of this program may be licensed under more restrictive licenses which must be honored.
define_corners Typical
read_liberty -corner Typical /home/briandeniz/.volare/sky130A/libs.ref/sky130_fd_sc_hd/lib/sky130_fd_sc_hd__tt_025C_1v80.lib
Using 1e-12 for capacitance...
Using 1e+03 for resistance...
Using 1e-09 for time...
Using 1e+00 for voltage...
Using 1e-03 for current...
Using 1e-09 for power...
Using 1e-06 for distance...
[INFO]: Reading ODB at '/openlane/designs/ALU/runs/RUN_2025.05.04_11.45.11/results/routing/ALU.odb'…
Reading design constraints file at '/openlane/scripts/base.sdc'…
[INFO]: Setting output delay to: 2.0
[INFO]: Setting input delay to: 2.0
[WARNING STA-0366] port '__VIRTUAL_CLK__' not found.
[INFO]: Setting load to: 0.033442
[INFO]: Setting clock uncertainty to: 0.25
[INFO]: Setting clock transition to: 0.15
[WARNING STA-0419] transition time can not be specified for virtual clocks.
[INFO]: Setting timing derate to: 5.0 %
Net: _189_
  Pin: _260_/A1 (sky130_fd_sc_hd__o211a_4)
    Layer: met2
      Partial area ratio:   20.44
      Required ratio:    0.00 (Gate area) 
      Partial area ratio:  103.00
      Required ratio: 3767.48 (Side area) 
      Cumulative area ratio:  129.62
      Required ratio:    0.00 (Cumulative area) 
      Cumulative area ratio:  653.36
      Required ratio:    0.00 (Cumulative side area) 

    Layer: met1
      Partial area ratio:   19.73
      Required ratio:    0.00 (Gate area) 
      Partial area ratio:   99.24
      Required ratio:  400.00 (Side area) 
      Cumulative area ratio:   19.73
      Required ratio:    0.00 (Cumulative area) 
      Cumulative area ratio:   99.24
      Required ratio:    0.00 (Cumulative side area) 

    Layer: li1
      Partial area ratio:    0.00
      Required ratio:    0.00 (Gate area) 
      Partial area ratio:    0.00
      Required ratio:   75.00 (Side area) 
      Cumulative area ratio:    0.00
      Required ratio:    0.00 (Cumulative area) 
      Cumulative area ratio:    0.00
      Required ratio:    0.00 (Cumulative side area) 

    Via: M1M2_PR
      Partial area ratio:    0.05
      Required ratio:    6.00 (Gate area) 
      Cumulative area ratio:    0.10
      Required ratio:    0.00 (Cumulative area) 

    Via: L1M1_PR_MR
      Partial area ratio:    0.06
      Required ratio:    3.00 (Gate area) 
      Cumulative area ratio:    0.06
      Required ratio:    0.00 (Cumulative area) 

  Pin: _360_/A (sky130_fd_sc_hd__and3_2)
    Layer: met2
      Partial area ratio:   20.44
      Required ratio:    0.00 (Gate area) 
      Partial area ratio:  103.00
      Required ratio: 3767.48 (Side area) 
      Cumulative area ratio:  109.89
      Required ratio:    0.00 (Cumulative area) 
      Cumulative area ratio:  554.12
      Required ratio:    0.00 (Cumulative side area) 

    Layer: met1
      Partial area ratio:   89.44
      Required ratio:    0.00 (Gate area) 
      Partial area ratio:  451.11
      Required ratio:  400.00 (Side area) (VIOLATED)
      Cumulative area ratio:   89.44
      Required ratio:    0.00 (Cumulative area) 
      Cumulative area ratio:  451.11
      Required ratio:    0.00 (Cumulative side area) 

    Layer: li1
      Partial area ratio:    0.00
      Required ratio:    0.00 (Gate area) 
      Partial area ratio:    0.00
      Required ratio:   75.00 (Side area) 
      Cumulative area ratio:    0.00
      Required ratio:    0.00 (Cumulative area) 
      Cumulative area ratio:    0.00
      Required ratio:    0.00 (Cumulative side area) 

    Via: M1M2_PR
      Partial area ratio:    0.36
      Required ratio:    6.00 (Gate area) 
      Cumulative area ratio:    0.59
      Required ratio:    0.00 (Cumulative area) 

    Via: L1M1_PR_MR
      Partial area ratio:    0.23
      Required ratio:    3.00 (Gate area) 
      Cumulative area ratio:    0.23
      Required ratio:    0.00 (Cumulative area) 

  Pin: _408_/A1 (sky130_fd_sc_hd__a31o_1)
    Layer: met2
      Partial area ratio:   20.44
      Required ratio:    0.00 (Gate area) 
      Partial area ratio:  103.00
      Required ratio: 3767.48 (Side area) 
      Cumulative area ratio:   41.46
      Required ratio:    0.00 (Cumulative area) 
      Cumulative area ratio:  210.48
      Required ratio:    0.00 (Cumulative side area) 

    Layer: met1
      Partial area ratio:   21.02
      Required ratio:    0.00 (Gate area) 
      Partial area ratio:  107.47
      Required ratio:  400.00 (Side area) 
      Cumulative area ratio:   21.02
      Required ratio:    0.00 (Cumulative area) 
      Cumulative area ratio:  107.47
      Required ratio:    0.00 (Cumulative side area) 

    Layer: li1
      Partial area ratio:    0.00
      Required ratio:    0.00 (Gate area) 
      Partial area ratio:    0.00
      Required ratio:   75.00 (Side area) 
      Cumulative area ratio:    0.00
      Required ratio:    0.00 (Cumulative area) 
      Cumulative area ratio:    0.00
      Required ratio:    0.00 (Cumulative side area) 

    Via: M1M2_PR
      Partial area ratio:    0.09
      Required ratio:    6.00 (Gate area) 
      Cumulative area ratio:    0.21
      Required ratio:    0.00 (Cumulative area) 

    Via: L1M1_PR_MR
      Partial area ratio:    0.12
      Required ratio:    3.00 (Gate area) 
      Cumulative area ratio:    0.12
      Required ratio:    0.00 (Cumulative area) 

  Pin: _338_/A1 (sky130_fd_sc_hd__a31o_1)
    Layer: met2
      Partial area ratio:   20.44
      Required ratio:    0.00 (Gate area) 
      Partial area ratio:  103.00
      Required ratio: 3767.48 (Side area) 
      Cumulative area ratio:   48.91
      Required ratio:    0.00 (Cumulative area) 
      Cumulative area ratio:  246.51
      Required ratio:    0.00 (Cumulative side area) 

    Layer: met1
      Partial area ratio:   28.46
      Required ratio:    0.00 (Gate area) 
      Partial area ratio:  143.51
      Required ratio:  400.00 (Side area) 
      Cumulative area ratio:   28.46
      Required ratio:    0.00 (Cumulative area) 
      Cumulative area ratio:  143.51
      Required ratio:    0.00 (Cumulative side area) 

    Layer: li1
      Partial area ratio:    0.00
      Required ratio:    0.00 (Gate area) 
      Partial area ratio:    0.00
      Required ratio:   75.00 (Side area) 
      Cumulative area ratio:    0.00
      Required ratio:    0.00 (Cumulative area) 
      Cumulative area ratio:    0.00
      Required ratio:    0.00 (Cumulative side area) 

    Via: M1M2_PR
      Partial area ratio:    0.18
      Required ratio:    6.00 (Gate area) 
      Cumulative area ratio:    0.30
      Required ratio:    0.00 (Cumulative area) 

    Via: L1M1_PR_MR
      Partial area ratio:    0.12
      Required ratio:    3.00 (Gate area) 
      Cumulative area ratio:    0.12
      Required ratio:    0.00 (Cumulative area) 

  Pin: _498_/B1 (sky130_fd_sc_hd__o21a_1)
    Layer: met2
      Partial area ratio:   20.44
      Required ratio:    0.00 (Gate area) 
      Partial area ratio:  103.00
      Required ratio: 3767.48 (Side area) 
      Cumulative area ratio:   49.51
      Required ratio:    0.00 (Cumulative area) 
      Cumulative area ratio:  249.91
      Required ratio:    0.00 (Cumulative side area) 

    Layer: met1
      Partial area ratio:    0.60
      Required ratio:    0.00 (Gate area) 
      Partial area ratio:    3.39
      Required ratio:  400.00 (Side area) 
      Cumulative area ratio:    0.60
      Required ratio:    0.00 (Cumulative area) 
      Cumulative area ratio:    3.39
      Required ratio:    0.00 (Cumulative side area) 

    Layer: li1
      Partial area ratio:    0.00
      Required ratio:    0.00 (Gate area) 
      Partial area ratio:    0.00
      Required ratio:   75.00 (Side area) 
      Cumulative area ratio:    0.00
      Required ratio:    0.00 (Cumulative area) 
      Cumulative area ratio:    0.00
      Required ratio:    0.00 (Cumulative side area) 

    Via: M1M2_PR
      Partial area ratio:    0.09
      Required ratio:    6.00 (Gate area) 
      Cumulative area ratio:    0.21
      Required ratio:    0.00 (Cumulative area) 

    Via: L1M1_PR_MR
      Partial area ratio:    0.12
      Required ratio:    3.00 (Gate area) 
      Cumulative area ratio:    0.12
      Required ratio:    0.00 (Cumulative area) 

  Pin: _284_/B (sky130_fd_sc_hd__and3b_1)
    Layer: met2
      Partial area ratio:   20.44
      Required ratio:    0.00 (Gate area) 
      Partial area ratio:  103.00
      Required ratio: 3767.48 (Side area) 
      Cumulative area ratio:   20.44
      Required ratio:    0.00 (Cumulative area) 
      Cumulative area ratio:  103.00
      Required ratio:    0.00 (Cumulative side area) 

    Layer: met1
      Partial area ratio:    0.00
      Required ratio:    0.00 (Gate area) 
      Partial area ratio:    0.00
      Required ratio:  400.00 (Side area) 
      Cumulative area ratio:    0.00
      Required ratio:    0.00 (Cumulative area) 
      Cumulative area ratio:    0.00
      Required ratio:    0.00 (Cumulative side area) 

    Layer: li1
      Partial area ratio:    0.00
      Required ratio:    0.00 (Gate area) 
      Partial area ratio:    0.00
      Required ratio:   75.00 (Side area) 
      Cumulative area ratio:    0.00
      Required ratio:    0.00 (Cumulative area) 
      Cumulative area ratio:    0.00
      Required ratio:    0.00 (Cumulative side area) 

    Via: M1M2_PR
      Partial area ratio:    0.18
      Required ratio:    6.00 (Gate area) 
      Cumulative area ratio:    0.41
      Required ratio:    0.00 (Cumulative area) 

    Via: L1M1_PR_MR
      Partial area ratio:    0.23
      Required ratio:    3.00 (Gate area) 
      Cumulative area ratio:    0.23
      Required ratio:    0.00 (Cumulative area) 

  Pin: _440_/B1_N (sky130_fd_sc_hd__a21bo_2)
    Layer: met2
      Partial area ratio:   20.44
      Required ratio:    0.00 (Gate area) 
      Partial area ratio:  103.00
      Required ratio: 3767.48 (Side area) 
      Cumulative area ratio:  117.23
      Required ratio:    0.00 (Cumulative area) 
      Cumulative area ratio:  590.84
      Required ratio:    0.00 (Cumulative side area) 

    Layer: met1
      Partial area ratio:   96.79
      Required ratio:    0.00 (Gate area) 
      Partial area ratio:  487.83
      Required ratio: 2773.88 (Side area) 
      Cumulative area ratio:   96.79
      Required ratio:    0.00 (Cumulative area) 
      Cumulative area ratio:  487.83
      Required ratio:    0.00 (Cumulative side area) 

    Layer: li1
      Partial area ratio:    0.00
      Required ratio:    0.00 (Gate area) 
      Partial area ratio:    0.00
      Required ratio:   75.00 (Side area) 
      Cumulative area ratio:    0.00
      Required ratio:    0.00 (Cumulative area) 
      Cumulative area ratio:    0.00
      Required ratio:    0.00 (Cumulative side area) 

    Via: M1M2_PR
      Partial area ratio:    0.18
      Required ratio:    6.00 (Gate area) 
      Cumulative area ratio:    0.41
      Required ratio:    0.00 (Cumulative area) 

    Via: L1M1_PR_MR
      Partial area ratio:    0.23
      Required ratio:    3.00 (Gate area) 
      Cumulative area ratio:    0.23
      Required ratio:    0.00 (Cumulative area) 

  Pin: _296_/B1 (sky130_fd_sc_hd__o21ai_2)
    Layer: met2
      Partial area ratio:   20.44
      Required ratio:    0.00 (Gate area) 
      Partial area ratio:  103.00
      Required ratio: 3767.48 (Side area) 
      Cumulative area ratio:   20.87
      Required ratio:    0.00 (Cumulative area) 
      Cumulative area ratio:  105.35
      Required ratio:    0.00 (Cumulative side area) 

    Layer: met1
      Partial area ratio:    0.43
      Required ratio:    0.00 (Gate area) 
      Partial area ratio:    2.35
      Required ratio:  400.00 (Side area) 
      Cumulative area ratio:    0.43
      Required ratio:    0.00 (Cumulative area) 
      Cumulative area ratio:    2.35
      Required ratio:    0.00 (Cumulative side area) 

    Layer: li1
      Partial area ratio:    0.00
      Required ratio:    0.00 (Gate area) 
      Partial area ratio:    0.00
      Required ratio:   75.00 (Side area) 
      Cumulative area ratio:    0.00
      Required ratio:    0.00 (Cumulative area) 
      Cumulative area ratio:    0.00
      Required ratio:    0.00 (Cumulative side area) 

    Via: M1M2_PR
      Partial area ratio:    0.05
      Required ratio:    6.00 (Gate area) 
      Cumulative area ratio:    0.10
      Required ratio:    0.00 (Cumulative area) 

    Via: L1M1_PR_MR
      Partial area ratio:    0.06
      Required ratio:    3.00 (Gate area) 
      Cumulative area ratio:    0.06
      Required ratio:    0.00 (Cumulative area) 


Net: _205_
  Pin: _277_/C (sky130_fd_sc_hd__and3_1)
    Layer: met2
      Partial area ratio:    8.81
      Required ratio:    0.00 (Gate area) 
      Partial area ratio:   44.52
      Required ratio: 3388.40 (Side area) 
      Cumulative area ratio:  100.88
      Required ratio:    0.00 (Cumulative area) 
      Cumulative area ratio:  507.96
      Required ratio:    0.00 (Cumulative side area) 

    Layer: met1
      Partial area ratio:    4.00
      Required ratio:    0.00 (Gate area) 
      Partial area ratio:   22.33
      Required ratio:  400.00 (Side area) 
      Cumulative area ratio:    4.00
      Required ratio:    0.00 (Cumulative area) 
      Cumulative area ratio:   22.33
      Required ratio:    0.00 (Cumulative side area) 

    Layer: li1
      Partial area ratio:    0.00
      Required ratio:    0.00 (Gate area) 
      Partial area ratio:    0.00
      Required ratio:   75.00 (Side area) 
      Cumulative area ratio:    0.00
      Required ratio:    0.00 (Cumulative area) 
      Cumulative area ratio:    0.00
      Required ratio:    0.00 (Cumulative side area) 

    Via: M1M2_PR
      Partial area ratio:    0.18
      Required ratio:    6.00 (Gate area) 
      Cumulative area ratio:    0.41
      Required ratio:    0.00 (Cumulative area) 

    Via: L1M1_PR_MR
      Partial area ratio:    0.23
      Required ratio:    3.00 (Gate area) 
      Cumulative area ratio:    0.23
      Required ratio:    0.00 (Cumulative area) 

  Pin: rebuffer17/A (sky130_fd_sc_hd__dlygate4sd1_1)
    Layer: met2
      Partial area ratio:    8.81
      Required ratio:    0.00 (Gate area) 
      Partial area ratio:   44.52
      Required ratio: 3388.40 (Side area) 
      Cumulative area ratio:   96.88
      Required ratio:    0.00 (Cumulative area) 
      Cumulative area ratio:  485.63
      Required ratio:    0.00 (Cumulative side area) 

    Layer: met1
      Partial area ratio:    0.00
      Required ratio:    0.00 (Gate area) 
      Partial area ratio:    0.00
      Required ratio:  400.00 (Side area) 
      Cumulative area ratio:    0.00
      Required ratio:    0.00 (Cumulative area) 
      Cumulative area ratio:    0.00
      Required ratio:    0.00 (Cumulative side area) 

    Layer: li1
      Partial area ratio:    0.00
      Required ratio:    0.00 (Gate area) 
      Partial area ratio:    0.00
      Required ratio:   75.00 (Side area) 
      Cumulative area ratio:    0.00
      Required ratio:    0.00 (Cumulative area) 
      Cumulative area ratio:    0.00
      Required ratio:    0.00 (Cumulative side area) 

    Via: M1M2_PR
      Partial area ratio:    0.18
      Required ratio:    6.00 (Gate area) 
      Cumulative area ratio:    0.41
      Required ratio:    0.00 (Cumulative area) 

    Via: L1M1_PR_MR
      Partial area ratio:    0.23
      Required ratio:    3.00 (Gate area) 
      Cumulative area ratio:    0.23
      Required ratio:    0.00 (Cumulative area) 

  Pin: rebuffer18/A (sky130_fd_sc_hd__dlymetal6s2s_1)
    Layer: met2
      Partial area ratio:    8.81
      Required ratio:    0.00 (Gate area) 
      Partial area ratio:   44.52
      Required ratio: 3388.40 (Side area) 
      Cumulative area ratio:   96.88
      Required ratio:    0.00 (Cumulative area) 
      Cumulative area ratio:  485.63
      Required ratio:    0.00 (Cumulative side area) 

    Layer: met1
      Partial area ratio:   88.07
      Required ratio:    0.00 (Gate area) 
      Partial area ratio:  441.11
      Required ratio:  400.00 (Side area) (VIOLATED)
      Cumulative area ratio:   88.07
      Required ratio:    0.00 (Cumulative area) 
      Cumulative area ratio:  441.11
      Required ratio:    0.00 (Cumulative side area) 

    Layer: li1
      Partial area ratio:    0.00
      Required ratio:    0.00 (Gate area) 
      Partial area ratio:    0.00
      Required ratio:   75.00 (Side area) 
      Cumulative area ratio:    0.00
      Required ratio:    0.00 (Cumulative area) 
      Cumulative area ratio:    0.00
      Required ratio:    0.00 (Cumulative side area) 

    Via: M1M2_PR
      Partial area ratio:    0.36
      Required ratio:    6.00 (Gate area) 
      Cumulative area ratio:    0.59
      Required ratio:    0.00 (Cumulative area) 

    Via: L1M1_PR_MR
      Partial area ratio:    0.23
      Required ratio:    3.00 (Gate area) 
      Cumulative area ratio:    0.23
      Required ratio:    0.00 (Cumulative area) 

  Pin: max_cap32/A (sky130_fd_sc_hd__buf_6)
    Layer: met2
      Partial area ratio:    8.81
      Required ratio:    0.00 (Gate area) 
      Partial area ratio:   44.52
      Required ratio: 3388.40 (Side area) 
      Cumulative area ratio:    9.50
      Required ratio:    0.00 (Cumulative area) 
      Cumulative area ratio:   48.17
      Required ratio:    0.00 (Cumulative side area) 

    Layer: met1
      Partial area ratio:    0.69
      Required ratio:    0.00 (Gate area) 
      Partial area ratio:    3.65
      Required ratio:  400.00 (Side area) 
      Cumulative area ratio:    0.69
      Required ratio:    0.00 (Cumulative area) 
      Cumulative area ratio:    3.65
      Required ratio:    0.00 (Cumulative side area) 

    Layer: li1
      Partial area ratio:    0.00
      Required ratio:    0.00 (Gate area) 
      Partial area ratio:    0.00
      Required ratio:   75.00 (Side area) 
      Cumulative area ratio:    0.00
      Required ratio:    0.00 (Cumulative area) 
      Cumulative area ratio:    0.00
      Required ratio:    0.00 (Cumulative side area) 

    Via: M1M2_PR
      Partial area ratio:    0.05
      Required ratio:    6.00 (Gate area) 
      Cumulative area ratio:    0.10
      Required ratio:    0.00 (Cumulative area) 

    Via: L1M1_PR_MR
      Partial area ratio:    0.06
      Required ratio:    3.00 (Gate area) 
      Cumulative area ratio:    0.06
      Required ratio:    0.00 (Cumulative area) 


Net: _246_
  Pin: _320_/A_N (sky130_fd_sc_hd__and3b_2)
    Layer: met2
      Partial area ratio:  126.11
      Required ratio:    0.00 (Gate area) 
      Partial area ratio:  632.11
      Required ratio: 2778.20 (Side area) 
      Cumulative area ratio:  216.91
      Required ratio:    0.00 (Cumulative area) 
      Cumulative area ratio: 1088.44
      Required ratio:    0.00 (Cumulative side area) 

    Layer: met1
      Partial area ratio:   90.80
      Required ratio:    0.00 (Gate area) 
      Partial area ratio:  456.33
      Required ratio:  400.00 (Side area) (VIOLATED)
      Cumulative area ratio:   90.80
      Required ratio:    0.00 (Cumulative area) 
      Cumulative area ratio:  456.33
      Required ratio:    0.00 (Cumulative side area) 

    Layer: li1
      Partial area ratio:    0.00
      Required ratio:    0.00 (Gate area) 
      Partial area ratio:    0.00
      Required ratio:   75.00 (Side area) 
      Cumulative area ratio:    0.00
      Required ratio:    0.00 (Cumulative area) 
      Cumulative area ratio:    0.00
      Required ratio:    0.00 (Cumulative side area) 

    Via: M1M2_PR
      Partial area ratio:    0.18
      Required ratio:    6.00 (Gate area) 
      Cumulative area ratio:    0.41
      Required ratio:    0.00 (Cumulative area) 

    Via: L1M1_PR_MR
      Partial area ratio:    0.23
      Required ratio:    3.00 (Gate area) 
      Cumulative area ratio:    0.23
      Required ratio:    0.00 (Cumulative area) 


[INFO ANT-0002] Found 3 net violations.
[INFO ANT-0001] Found 3 pin violations.
