OpenROAD b16bda7e82721d10566ff7e2b68f1ff0be9f9e38 
Features included (+) or not (-): +Charts +GPU +GUI +Python
This program is licensed under the BSD-3 license. See the LICENSE file for details.
Components of this program may be licensed under more restrictive licenses which must be honored.
define_corners Typical
read_liberty -corner Typical /home/briandeniz/.volare/sky130A/libs.ref/sky130_fd_sc_hd/lib/sky130_fd_sc_hd__tt_025C_1v80.lib
Using 1e-12 for capacitance...
Using 1e+03 for resistance...
Using 1e-09 for time...
Using 1e+00 for voltage...
Using 1e-03 for current...
Using 1e-09 for power...
Using 1e-06 for distance...
[INFO]: Reading ODB at '/openlane/designs/ZeroToFiveCounter/runs/RUN_2025.05.23_20.44.41/tmp/16-ZeroToFiveCounter.odb'…
Reading design constraints file at '/openlane/designs/ZeroToFiveCounter/src/ZeroToFiveCounter.sdc'…
[INFO]: Setting signal min routing layer to: met1 and clock min routing layer to met3. 
[INFO]: Setting signal max routing layer to: met5 and clock max routing layer to met5. 
-congestion_iterations 50 -verbose -congestion_report_file /openlane/designs/ZeroToFiveCounter/runs/RUN_2025.05.23_20.44.41/tmp/routing/groute-congestion.rpt
[INFO GRT-0020] Min routing layer: met1
[INFO GRT-0021] Max routing layer: met5
[INFO GRT-0022] Global adjustment: 30%
[INFO GRT-0023] Grid origin: (0, 0)
[INFO GRT-0043] No OR_DEFAULT vias defined.
[INFO GRT-0088] Layer li1     Track-Pitch = 0.4600  line-2-Via Pitch: 0.3400
[INFO GRT-0088] Layer met1    Track-Pitch = 0.3400  line-2-Via Pitch: 0.3400
[INFO GRT-0088] Layer met2    Track-Pitch = 0.4600  line-2-Via Pitch: 0.3500
[INFO GRT-0088] Layer met3    Track-Pitch = 0.6800  line-2-Via Pitch: 0.6150
[INFO GRT-0088] Layer met4    Track-Pitch = 0.9200  line-2-Via Pitch: 1.0400
[INFO GRT-0088] Layer met5    Track-Pitch = 3.4000  line-2-Via Pitch: 3.1100
[INFO GRT-0019] Found 6 clock nets.
[INFO GRT-0001] Minimum degree: 2
[INFO GRT-0002] Maximum degree: 11
[INFO GRT-0003] Macros: 0
[INFO GRT-0043] No OR_DEFAULT vias defined.
[INFO GRT-0004] Blockages: 458

[INFO GRT-0053] Routing resources analysis:
          Routing      Original      Derated      Resource
Layer     Direction    Resources     Resources    Reduction (%)
---------------------------------------------------------------
li1        Vertical            0             0          0.00%
met1       Horizontal      30850         15178          50.80%
met2       Vertical        24042         15366          36.09%
met3       Horizontal      15410         10360          32.77%
met4       Vertical         9700          4950          48.97%
met5       Horizontal       3076          1189          61.35%
---------------------------------------------------------------

[INFO GRT-0101] Running extra iterations to remove overflow.
[INFO GRT-0197] Via related to pin nodes: 1386
[INFO GRT-0198] Via related Steiner nodes: 98
[INFO GRT-0199] Via filling finished.
[INFO GRT-0111] Final number of vias: 2013
[INFO GRT-0112] Final usage 3D: 13976

[INFO GRT-0096] Final congestion report:
Layer         Resource        Demand        Usage (%)    Max H / Max V / Total Overflow
---------------------------------------------------------------------------------------
li1                  0             0            0.00%             0 /  0 /  0
met1             15178          2986           19.67%             0 /  0 /  0
met2             15366          4586           29.85%             0 /  0 /  0
met3             10360           152            1.47%             0 /  0 /  0
met4              4950           213            4.30%             0 /  0 /  0
met5              1189             0            0.00%             0 /  0 /  0
---------------------------------------------------------------------------------------
Total            47043          7937           16.87%             0 /  0 /  0

[INFO GRT-0018] Total wirelength: 61078 um
[INFO GRT-0014] Routed nets: 224
[INFO GRT-0006] Repairing antennas, iteration 1.
[INFO GRT-0043] No OR_DEFAULT vias defined.
[INFO GRT-0012] Found 40 antenna violations.
[INFO GRT-0015] Inserted 42 diodes.
[INFO GRT-0009] rerouting 181 nets.
[INFO GRT-0001] Minimum degree: 2
[INFO GRT-0002] Maximum degree: 11
[INFO GRT-0006] Repairing antennas, iteration 2.
[INFO GRT-0043] No OR_DEFAULT vias defined.
[INFO GRT-0012] Found 7 antenna violations.
[INFO GRT-0015] Inserted 8 diodes.
[INFO GRT-0009] rerouting 48 nets.
[INFO GRT-0001] Minimum degree: 2
[INFO GRT-0002] Maximum degree: 13
[INFO GRT-0006] Repairing antennas, iteration 3.
[INFO GRT-0043] No OR_DEFAULT vias defined.
[INFO GRT-0012] Found 3 antenna violations.
[INFO GRT-0015] Inserted 3 diodes.
[INFO GRT-0009] rerouting 4 nets.
[INFO GRT-0001] Minimum degree: 6
[INFO GRT-0002] Maximum degree: 9
[INFO GRT-0006] Repairing antennas, iteration 4.
[INFO GRT-0043] No OR_DEFAULT vias defined.
[INFO GRT-0012] Found 0 antenna violations.
Placement Analysis
---------------------------------
total displacement          0.0 u
average displacement        0.0 u
max displacement            0.0 u
original HPWL           50315.5 u
legalized HPWL          50318.7 u
delta HPWL                    0 %

[INFO DPL-0020] Mirrored 133 instances
[INFO DPL-0021] HPWL before           50318.7 u
[INFO DPL-0022] HPWL after            50092.5 u
[INFO DPL-0023] HPWL delta               -0.4 %
[INFO]: Setting signal min routing layer to: met1 and clock min routing layer to met3. 
[INFO]: Setting signal max routing layer to: met5 and clock max routing layer to met5. 
-congestion_iterations 50 -verbose -congestion_report_file /openlane/designs/ZeroToFiveCounter/runs/RUN_2025.05.23_20.44.41/tmp/routing/groute-congestion.rpt
[INFO GRT-0020] Min routing layer: met1
[INFO GRT-0021] Max routing layer: met5
[INFO GRT-0022] Global adjustment: 30%
[INFO GRT-0023] Grid origin: (0, 0)
[INFO GRT-0043] No OR_DEFAULT vias defined.
[INFO GRT-0088] Layer li1     Track-Pitch = 0.4600  line-2-Via Pitch: 0.3400
[INFO GRT-0088] Layer met1    Track-Pitch = 0.3400  line-2-Via Pitch: 0.3400
[INFO GRT-0088] Layer met2    Track-Pitch = 0.4600  line-2-Via Pitch: 0.3500
[INFO GRT-0088] Layer met3    Track-Pitch = 0.6800  line-2-Via Pitch: 0.6150
[INFO GRT-0088] Layer met4    Track-Pitch = 0.9200  line-2-Via Pitch: 1.0400
[INFO GRT-0088] Layer met5    Track-Pitch = 3.4000  line-2-Via Pitch: 3.1100
[INFO GRT-0019] Found 6 clock nets.
[INFO GRT-0001] Minimum degree: 2
[INFO GRT-0002] Maximum degree: 13
[INFO GRT-0003] Macros: 0
[INFO GRT-0043] No OR_DEFAULT vias defined.
[INFO GRT-0004] Blockages: 458

[INFO GRT-0053] Routing resources analysis:
          Routing      Original      Derated      Resource
Layer     Direction    Resources     Resources    Reduction (%)
---------------------------------------------------------------
li1        Vertical            0             0          0.00%
met1       Horizontal      30850         15178          50.80%
met2       Vertical        24042         15366          36.09%
met3       Horizontal      15410         10360          32.77%
met4       Vertical         9700          4950          48.97%
met5       Horizontal       3076          1189          61.35%
---------------------------------------------------------------

[INFO GRT-0101] Running extra iterations to remove overflow.
[INFO GRT-0197] Via related to pin nodes: 1416
[INFO GRT-0198] Via related Steiner nodes: 93
[INFO GRT-0199] Via filling finished.
[INFO GRT-0111] Final number of vias: 2036
[INFO GRT-0112] Final usage 3D: 14063

[INFO GRT-0096] Final congestion report:
Layer         Resource        Demand        Usage (%)    Max H / Max V / Total Overflow
---------------------------------------------------------------------------------------
li1                  0             0            0.00%             0 /  0 /  0
met1             15178          3041           20.04%             0 /  0 /  0
met2             15366          4646           30.24%             0 /  0 /  0
met3             10360            88            0.85%             0 /  0 /  0
met4              4950           180            3.64%             0 /  0 /  0
met5              1189             0            0.00%             0 /  0 /  0
---------------------------------------------------------------------------------------
Total            47043          7955           16.91%             0 /  0 /  0

[INFO GRT-0018] Total wirelength: 61382 um
[INFO GRT-0014] Routed nets: 224
Setting global connections for newly added cells…
Writing OpenROAD database to '/openlane/designs/ZeroToFiveCounter/runs/RUN_2025.05.23_20.44.41/tmp/routing/18-global.odb'…
Writing layout to '/openlane/designs/ZeroToFiveCounter/runs/RUN_2025.05.23_20.44.41/tmp/routing/18-global.def'…
Writing routing guides to '/openlane/designs/ZeroToFiveCounter/runs/RUN_2025.05.23_20.44.41/tmp/routing/18-global.guide'…
