OpenROAD b16bda7e82721d10566ff7e2b68f1ff0be9f9e38 
Features included (+) or not (-): +Charts +GPU +GUI +Python
This program is licensed under the BSD-3 license. See the LICENSE file for details.
Components of this program may be licensed under more restrictive licenses which must be honored.
define_corners Typical
read_liberty -corner Typical /home/briandeniz/.volare/sky130A/libs.ref/sky130_fd_sc_hd/lib/sky130_fd_sc_hd__tt_025C_1v80.lib
Using 1e-12 for capacitance...
Using 1e+03 for resistance...
Using 1e-09 for time...
Using 1e+00 for voltage...
Using 1e-03 for current...
Using 1e-09 for power...
Using 1e-06 for distance...
[INFO]: Reading ODB at '/openlane/designs/TopCPU/runs/RUN_2025.06.04_20.13.44/tmp/routing/./21-diodes_legalized.odb'…
Reading design constraints file at '/openlane/designs/TopCPU/src/TopCPU.sdc'…
[INFO]: Setting signal min routing layer to: met1 and clock min routing layer to met3. 
[INFO]: Setting signal max routing layer to: met5 and clock max routing layer to met5. 
-congestion_iterations 50 -verbose -congestion_report_file /openlane/designs/TopCPU/runs/RUN_2025.06.04_20.13.44/tmp/routing/groute-congestion.rpt
[INFO GRT-0020] Min routing layer: met1
[INFO GRT-0021] Max routing layer: met5
[INFO GRT-0022] Global adjustment: 30%
[INFO GRT-0023] Grid origin: (0, 0)
[INFO GRT-0043] No OR_DEFAULT vias defined.
[INFO GRT-0088] Layer li1     Track-Pitch = 0.4600  line-2-Via Pitch: 0.3400
[INFO GRT-0088] Layer met1    Track-Pitch = 0.3400  line-2-Via Pitch: 0.3400
[INFO GRT-0088] Layer met2    Track-Pitch = 0.4600  line-2-Via Pitch: 0.3500
[INFO GRT-0088] Layer met3    Track-Pitch = 0.6800  line-2-Via Pitch: 0.6150
[INFO GRT-0088] Layer met4    Track-Pitch = 0.9200  line-2-Via Pitch: 1.0400
[INFO GRT-0088] Layer met5    Track-Pitch = 3.4000  line-2-Via Pitch: 3.1100
[INFO GRT-0019] Found 18 clock nets.
[INFO GRT-0001] Minimum degree: 2
[INFO GRT-0002] Maximum degree: 35
[INFO GRT-0003] Macros: 0
[INFO GRT-0043] No OR_DEFAULT vias defined.
[INFO GRT-0004] Blockages: 2831

[INFO GRT-0053] Routing resources analysis:
          Routing      Original      Derated      Resource
Layer     Direction    Resources     Resources    Reduction (%)
---------------------------------------------------------------
li1        Vertical            0             0          0.00%
met1       Horizontal    1131229        556927          50.77%
met2       Vertical       848245        557534          34.27%
met3       Horizontal     565506        386642          31.63%
met4       Vertical       339818        179149          47.28%
met5       Horizontal     112971         47088          58.32%
---------------------------------------------------------------

[INFO GRT-0197] Via related to pin nodes: 9956
[INFO GRT-0198] Via related Steiner nodes: 154
[INFO GRT-0199] Via filling finished.
[INFO GRT-0111] Final number of vias: 12484
[INFO GRT-0112] Final usage 3D: 46925

[INFO GRT-0096] Final congestion report:
Layer         Resource        Demand        Usage (%)    Max H / Max V / Total Overflow
---------------------------------------------------------------------------------------
li1                  0             0            0.00%             0 /  0 /  0
met1            556927          4317            0.78%             0 /  0 /  0
met2            557534          4817            0.86%             0 /  0 /  0
met3            386642           203            0.05%             0 /  0 /  0
met4            179149           136            0.08%             0 /  0 /  0
met5             47088             0            0.00%             0 /  0 /  0
---------------------------------------------------------------------------------------
Total          1727340          9473            0.55%             0 /  0 /  0

[INFO GRT-0018] Total wirelength: 95399 um
[INFO GRT-0014] Routed nets: 1596
[INFO GRT-0006] Repairing antennas, iteration 1.
[INFO GRT-0043] No OR_DEFAULT vias defined.
[INFO GRT-0012] Found 5 antenna violations.
[INFO GRT-0015] Inserted 6 diodes.
[INFO GRT-0009] rerouting 1283 nets.
[INFO GRT-0001] Minimum degree: 2
[INFO GRT-0002] Maximum degree: 35
[INFO GRT-0006] Repairing antennas, iteration 2.
[INFO GRT-0043] No OR_DEFAULT vias defined.
[INFO GRT-0012] Found 0 antenna violations.
Placement Analysis
---------------------------------
total displacement          0.0 u
average displacement        0.0 u
max displacement            0.0 u
original HPWL           58776.9 u
legalized HPWL          58776.6 u
delta HPWL                    0 %

[INFO DPL-0020] Mirrored 943 instances
[INFO DPL-0021] HPWL before           58776.6 u
[INFO DPL-0022] HPWL after            57336.0 u
[INFO DPL-0023] HPWL delta               -2.5 %
[INFO]: Setting signal min routing layer to: met1 and clock min routing layer to met3. 
[INFO]: Setting signal max routing layer to: met5 and clock max routing layer to met5. 
-congestion_iterations 50 -verbose -congestion_report_file /openlane/designs/TopCPU/runs/RUN_2025.06.04_20.13.44/tmp/routing/groute-congestion.rpt
[INFO GRT-0020] Min routing layer: met1
[INFO GRT-0021] Max routing layer: met5
[INFO GRT-0022] Global adjustment: 30%
[INFO GRT-0023] Grid origin: (0, 0)
[INFO GRT-0043] No OR_DEFAULT vias defined.
[INFO GRT-0088] Layer li1     Track-Pitch = 0.4600  line-2-Via Pitch: 0.3400
[INFO GRT-0088] Layer met1    Track-Pitch = 0.3400  line-2-Via Pitch: 0.3400
[INFO GRT-0088] Layer met2    Track-Pitch = 0.4600  line-2-Via Pitch: 0.3500
[INFO GRT-0088] Layer met3    Track-Pitch = 0.6800  line-2-Via Pitch: 0.6150
[INFO GRT-0088] Layer met4    Track-Pitch = 0.9200  line-2-Via Pitch: 1.0400
[INFO GRT-0088] Layer met5    Track-Pitch = 3.4000  line-2-Via Pitch: 3.1100
[INFO GRT-0019] Found 18 clock nets.
[INFO GRT-0001] Minimum degree: 2
[INFO GRT-0002] Maximum degree: 35
[INFO GRT-0003] Macros: 0
[INFO GRT-0043] No OR_DEFAULT vias defined.
[INFO GRT-0004] Blockages: 2831

[INFO GRT-0053] Routing resources analysis:
          Routing      Original      Derated      Resource
Layer     Direction    Resources     Resources    Reduction (%)
---------------------------------------------------------------
li1        Vertical            0             0          0.00%
met1       Horizontal    1131229        556928          50.77%
met2       Vertical       848245        557534          34.27%
met3       Horizontal     565506        386642          31.63%
met4       Vertical       339818        179149          47.28%
met5       Horizontal     112971         47088          58.32%
---------------------------------------------------------------

[INFO GRT-0197] Via related to pin nodes: 9951
[INFO GRT-0198] Via related Steiner nodes: 156
[INFO GRT-0199] Via filling finished.
[INFO GRT-0111] Final number of vias: 12478
[INFO GRT-0112] Final usage 3D: 46908

[INFO GRT-0096] Final congestion report:
Layer         Resource        Demand        Usage (%)    Max H / Max V / Total Overflow
---------------------------------------------------------------------------------------
li1                  0             0            0.00%             0 /  0 /  0
met1            556928          4313            0.77%             0 /  0 /  0
met2            557534          4822            0.86%             0 /  0 /  0
met3            386642           203            0.05%             0 /  0 /  0
met4            179149           136            0.08%             0 /  0 /  0
met5             47088             0            0.00%             0 /  0 /  0
---------------------------------------------------------------------------------------
Total          1727341          9474            0.55%             0 /  0 /  0

[INFO GRT-0018] Total wirelength: 95399 um
[INFO GRT-0014] Routed nets: 1596
Setting global connections for newly added cells…
Writing OpenROAD database to '/openlane/designs/TopCPU/runs/RUN_2025.06.04_20.13.44/tmp/routing/23-global.odb'…
Writing layout to '/openlane/designs/TopCPU/runs/RUN_2025.06.04_20.13.44/tmp/routing/23-global.def'…
Writing routing guides to '/openlane/designs/TopCPU/runs/RUN_2025.06.04_20.13.44/tmp/routing/23-global.guide'…
