OpenROAD b16bda7e82721d10566ff7e2b68f1ff0be9f9e38 
Features included (+) or not (-): +Charts +GPU +GUI +Python
This program is licensed under the BSD-3 license. See the LICENSE file for details.
Components of this program may be licensed under more restrictive licenses which must be honored.
define_corners Typical
read_liberty -corner Typical /home/briandeniz/.volare/sky130A/libs.ref/sky130_fd_sc_hd/lib/sky130_fd_sc_hd__tt_025C_1v80.lib
Using 1e-12 for capacitance...
Using 1e+03 for resistance...
Using 1e-09 for time...
Using 1e+00 for voltage...
Using 1e-03 for current...
Using 1e-09 for power...
Using 1e-06 for distance...
[INFO]: Reading ODB at '/openlane/designs/TopCPU/runs/RUN_2025.06.04_20.13.44/tmp/routing/26-fill.odb'…
Reading design constraints file at '/openlane/designs/TopCPU/src/TopCPU.sdc'…
[INFO ORD-0030] Using 2 thread(s).
[INFO DRT-0149] Reading tech and libs.
[WARNING DRT-0349] LEF58_ENCLOSURE with no CUTCLASS is not supported. Skipping for layer mcon
[WARNING DRT-0349] LEF58_ENCLOSURE with no CUTCLASS is not supported. Skipping for layer mcon
[WARNING DRT-0349] LEF58_ENCLOSURE with no CUTCLASS is not supported. Skipping for layer via
[WARNING DRT-0349] LEF58_ENCLOSURE with no CUTCLASS is not supported. Skipping for layer via
[WARNING DRT-0349] LEF58_ENCLOSURE with no CUTCLASS is not supported. Skipping for layer via2
[WARNING DRT-0349] LEF58_ENCLOSURE with no CUTCLASS is not supported. Skipping for layer via2
[WARNING DRT-0349] LEF58_ENCLOSURE with no CUTCLASS is not supported. Skipping for layer via3
[WARNING DRT-0349] LEF58_ENCLOSURE with no CUTCLASS is not supported. Skipping for layer via3
[WARNING DRT-0349] LEF58_ENCLOSURE with no CUTCLASS is not supported. Skipping for layer via4
[WARNING DRT-0349] LEF58_ENCLOSURE with no CUTCLASS is not supported. Skipping for layer via4

Units:                1000
Number of layers:     13
Number of macros:     441
Number of vias:       29
Number of viarulegen: 25

[INFO DRT-0150] Reading design.

Design:                   TopCPU
Die area:                 ( 0 0 ) ( 1500000 1800000 )
Number of track patterns: 12
Number of DEF vias:       0
Number of components:     267622
Number of terminals:      16
Number of snets:          2
Number of nets:           1596

[INFO DRT-0167] List of default vias:
  Layer via
    default via: M1M2_PR
  Layer via2
    default via: M2M3_PR
  Layer via3
    default via: M3M4_PR
  Layer via4
    default via: M4M5_PR
[INFO DRT-0162] Library cell analysis.
[INFO DRT-0163] Instance analysis.
  Complete 100000 instances.
  Complete 200000 instances.
[INFO DRT-0164] Number of unique instances = 285.
[INFO DRT-0168] Init region query.
[INFO DRT-0018]   Complete 100000 insts.
[INFO DRT-0018]   Complete 200000 insts.
[INFO DRT-0024]   Complete FR_MASTERSLICE.
[INFO DRT-0024]   Complete Fr_VIA.
[INFO DRT-0024]   Complete li1.
[INFO DRT-0024]   Complete mcon.
[INFO DRT-0024]   Complete met1.
[INFO DRT-0024]   Complete via.
[INFO DRT-0024]   Complete met2.
[INFO DRT-0024]   Complete via2.
[INFO DRT-0024]   Complete met3.
[INFO DRT-0024]   Complete via3.
[INFO DRT-0024]   Complete met4.
[INFO DRT-0024]   Complete via4.
[INFO DRT-0024]   Complete met5.
[INFO DRT-0033] FR_MASTERSLICE shape region query size = 0.
[INFO DRT-0033] FR_VIA shape region query size = 0.
[INFO DRT-0033] li1 shape region query size = 1410216.
[INFO DRT-0033] mcon shape region query size = 3582624.
[INFO DRT-0033] met1 shape region query size = 570252.
[INFO DRT-0033] via shape region query size = 163500.
[INFO DRT-0033] met2 shape region query size = 98111.
[INFO DRT-0033] via2 shape region query size = 130800.
[INFO DRT-0033] met3 shape region query size = 98103.
[INFO DRT-0033] via3 shape region query size = 130800.
[INFO DRT-0033] met4 shape region query size = 38850.
[INFO DRT-0033] via4 shape region query size = 5950.
[INFO DRT-0033] met5 shape region query size = 6188.
[INFO DRT-0165] Start pin access.
[INFO DRT-0078]   Complete 990 pins.
[INFO DRT-0079]   Complete 100 unique inst patterns.
[INFO DRT-0079]   Complete 200 unique inst patterns.
[INFO DRT-0081]   Complete 267 unique inst patterns.
[INFO DRT-0084]   Complete 2187 groups.
#scanned instances     = 267622
#unique  instances     = 285
#stdCellGenAp          = 7437
#stdCellValidPlanarAp  = 19
#stdCellValidViaAp     = 5814
#stdCellPinNoAp        = 0
#stdCellPinCnt         = 5143
#instTermValidViaApCnt = 0
#macroGenAp            = 0
#macroValidPlanarAp    = 0
#macroValidViaAp       = 0
#macroNoAp             = 0
[INFO DRT-0166] Complete pin access.
[INFO DRT-0267] cpu time = 00:00:17, elapsed time = 00:00:07, memory = 785.57 (MB), peak = 884.69 (MB)

Number of guides:     13211

[INFO DRT-0169] Post process guides.
[INFO DRT-0176] GCELLGRID X 0 DO 217 STEP 6900 ;
[INFO DRT-0177] GCELLGRID Y 0 DO 260 STEP 6900 ;
[INFO DRT-0028]   Complete FR_MASTERSLICE.
[INFO DRT-0028]   Complete Fr_VIA.
[INFO DRT-0028]   Complete li1.
[INFO DRT-0028]   Complete mcon.
[INFO DRT-0028]   Complete met1.
[INFO DRT-0028]   Complete via.
[INFO DRT-0028]   Complete met2.
[INFO DRT-0028]   Complete via2.
[INFO DRT-0028]   Complete met3.
[INFO DRT-0028]   Complete via3.
[INFO DRT-0028]   Complete met4.
[INFO DRT-0028]   Complete via4.
[INFO DRT-0028]   Complete met5.
[INFO DRT-0178] Init guide query.
[INFO DRT-0035]   Complete FR_MASTERSLICE (guide).
[INFO DRT-0035]   Complete Fr_VIA (guide).
[INFO DRT-0035]   Complete li1 (guide).
[INFO DRT-0035]   Complete mcon (guide).
[INFO DRT-0035]   Complete met1 (guide).
[INFO DRT-0035]   Complete via (guide).
[INFO DRT-0035]   Complete met2 (guide).
[INFO DRT-0035]   Complete via2 (guide).
[INFO DRT-0035]   Complete met3 (guide).
[INFO DRT-0035]   Complete via3 (guide).
[INFO DRT-0035]   Complete met4 (guide).
[INFO DRT-0035]   Complete via4 (guide).
[INFO DRT-0035]   Complete met5 (guide).
[INFO DRT-0036] FR_MASTERSLICE guide region query size = 0.
[INFO DRT-0036] FR_VIA guide region query size = 0.
[INFO DRT-0036] li1 guide region query size = 4709.
[INFO DRT-0036] mcon guide region query size = 0.
[INFO DRT-0036] met1 guide region query size = 3760.
[INFO DRT-0036] via guide region query size = 0.
[INFO DRT-0036] met2 guide region query size = 1915.
[INFO DRT-0036] via2 guide region query size = 0.
[INFO DRT-0036] met3 guide region query size = 34.
[INFO DRT-0036] via3 guide region query size = 0.
[INFO DRT-0036] met4 guide region query size = 17.
[INFO DRT-0036] via4 guide region query size = 0.
[INFO DRT-0036] met5 guide region query size = 0.
[INFO DRT-0179] Init gr pin query.
[INFO DRT-0245] skipped writing guide updates to database.
[INFO DRT-0185] Post process initialize RPin region query.
[INFO DRT-0181] Start track assignment.
[INFO DRT-0184] Done with 6641 vertical wires in 5 frboxes and 3794 horizontal wires in 6 frboxes.
[INFO DRT-0186] Done with 550 vertical wires in 5 frboxes and 1009 horizontal wires in 6 frboxes.
[INFO DRT-0182] Complete track assignment.
[INFO DRT-0267] cpu time = 00:00:09, elapsed time = 00:00:05, memory = 1187.92 (MB), peak = 1526.57 (MB)
[INFO DRT-0187] Start routing data preparation.
[INFO DRT-0267] cpu time = 00:00:00, elapsed time = 00:00:00, memory = 1187.92 (MB), peak = 1526.57 (MB)
[INFO DRT-0194] Start detail routing.
[INFO DRT-0195] Start 0th optimization iteration.
    Completing 10% with 0 violations.
    elapsed time = 00:00:01, memory = 1188.17 (MB).
    Completing 20% with 0 violations.
    elapsed time = 00:00:02, memory = 1326.42 (MB).
    Completing 30% with 99 violations.
    elapsed time = 00:00:03, memory = 1349.17 (MB).
    Completing 40% with 99 violations.
    elapsed time = 00:00:04, memory = 1349.17 (MB).
    Completing 50% with 99 violations.
    elapsed time = 00:00:05, memory = 1349.17 (MB).
    Completing 60% with 196 violations.
    elapsed time = 00:00:06, memory = 1349.17 (MB).
    Completing 70% with 196 violations.
    elapsed time = 00:00:07, memory = 1349.17 (MB).
    Completing 80% with 280 violations.
    elapsed time = 00:00:07, memory = 1349.17 (MB).
    Completing 90% with 280 violations.
    elapsed time = 00:00:08, memory = 1349.17 (MB).
    Completing 100% with 374 violations.
    elapsed time = 00:00:09, memory = 1349.17 (MB).
[INFO DRT-0199]   Number of violations = 607.
Viol/Layer         li1   met1   met2   met3   met4
Metal Spacing       15    102     22      0      0
Min Hole             0      0      1      0      0
Recheck              0    169     59      4      1
Short                0    209     25      0      0
[INFO DRT-0267] cpu time = 00:00:19, elapsed time = 00:00:09, memory = 1371.42 (MB), peak = 1526.57 (MB)
Total wire length = 67047 um.
Total wire length on LAYER li1 = 0 um.
Total wire length on LAYER met1 = 31714 um.
Total wire length on LAYER met2 = 33038 um.
Total wire length on LAYER met3 = 1427 um.
Total wire length on LAYER met4 = 867 um.
Total wire length on LAYER met5 = 0 um.
Total number of vias = 12262.
Up-via summary (total 12262):

------------------------
 FR_MASTERSLICE        0
            li1     6279
           met1     5914
           met2       44
           met3       25
           met4        0
------------------------
                   12262


[INFO DRT-0195] Start 1st optimization iteration.
    Completing 10% with 607 violations.
    elapsed time = 00:00:00, memory = 1371.42 (MB).
    Completing 20% with 607 violations.
    elapsed time = 00:00:01, memory = 1371.42 (MB).
    Completing 30% with 491 violations.
    elapsed time = 00:00:02, memory = 1371.42 (MB).
    Completing 40% with 491 violations.
    elapsed time = 00:00:03, memory = 1371.42 (MB).
    Completing 50% with 491 violations.
    elapsed time = 00:00:04, memory = 1371.42 (MB).
    Completing 60% with 403 violations.
    elapsed time = 00:00:04, memory = 1371.42 (MB).
    Completing 70% with 403 violations.
    elapsed time = 00:00:05, memory = 1371.42 (MB).
    Completing 80% with 279 violations.
    elapsed time = 00:00:06, memory = 1371.42 (MB).
    Completing 90% with 279 violations.
    elapsed time = 00:00:07, memory = 1371.42 (MB).
    Completing 100% with 160 violations.
    elapsed time = 00:00:07, memory = 1371.42 (MB).
[INFO DRT-0199]   Number of violations = 160.
Viol/Layer        met1   met2
Metal Spacing       27     17
Short              111      5
[INFO DRT-0267] cpu time = 00:00:15, elapsed time = 00:00:07, memory = 1371.54 (MB), peak = 1526.57 (MB)
Total wire length = 66701 um.
Total wire length on LAYER li1 = 0 um.
Total wire length on LAYER met1 = 31555 um.
Total wire length on LAYER met2 = 32880 um.
Total wire length on LAYER met3 = 1409 um.
Total wire length on LAYER met4 = 856 um.
Total wire length on LAYER met5 = 0 um.
Total number of vias = 12223.
Up-via summary (total 12223):

------------------------
 FR_MASTERSLICE        0
            li1     6277
           met1     5885
           met2       38
           met3       23
           met4        0
------------------------
                   12223


[INFO DRT-0195] Start 2nd optimization iteration.
    Completing 10% with 160 violations.
    elapsed time = 00:00:00, memory = 1371.54 (MB).
    Completing 20% with 160 violations.
    elapsed time = 00:00:00, memory = 1371.54 (MB).
    Completing 30% with 155 violations.
    elapsed time = 00:00:01, memory = 1371.54 (MB).
    Completing 40% with 155 violations.
    elapsed time = 00:00:01, memory = 1371.54 (MB).
    Completing 50% with 155 violations.
    elapsed time = 00:00:02, memory = 1371.54 (MB).
    Completing 60% with 142 violations.
    elapsed time = 00:00:02, memory = 1371.54 (MB).
    Completing 70% with 142 violations.
    elapsed time = 00:00:02, memory = 1371.54 (MB).
    Completing 80% with 144 violations.
    elapsed time = 00:00:03, memory = 1371.54 (MB).
    Completing 90% with 144 violations.
    elapsed time = 00:00:03, memory = 1371.54 (MB).
    Completing 100% with 134 violations.
    elapsed time = 00:00:04, memory = 1371.54 (MB).
[INFO DRT-0199]   Number of violations = 134.
Viol/Layer        met1   met2
Metal Spacing       35     14
Short               82      3
[INFO DRT-0267] cpu time = 00:00:09, elapsed time = 00:00:04, memory = 1371.54 (MB), peak = 1526.57 (MB)
Total wire length = 66609 um.
Total wire length on LAYER li1 = 0 um.
Total wire length on LAYER met1 = 31570 um.
Total wire length on LAYER met2 = 32764 um.
Total wire length on LAYER met3 = 1419 um.
Total wire length on LAYER met4 = 855 um.
Total wire length on LAYER met5 = 0 um.
Total number of vias = 12220.
Up-via summary (total 12220):

------------------------
 FR_MASTERSLICE        0
            li1     6277
           met1     5878
           met2       41
           met3       24
           met4        0
------------------------
                   12220


[INFO DRT-0195] Start 3rd optimization iteration.
    Completing 10% with 134 violations.
    elapsed time = 00:00:00, memory = 1371.54 (MB).
    Completing 20% with 134 violations.
    elapsed time = 00:00:00, memory = 1371.54 (MB).
    Completing 30% with 102 violations.
    elapsed time = 00:00:00, memory = 1371.54 (MB).
    Completing 40% with 102 violations.
    elapsed time = 00:00:00, memory = 1371.54 (MB).
    Completing 50% with 102 violations.
    elapsed time = 00:00:00, memory = 1371.54 (MB).
    Completing 60% with 65 violations.
    elapsed time = 00:00:01, memory = 1371.54 (MB).
    Completing 70% with 65 violations.
    elapsed time = 00:00:01, memory = 1371.54 (MB).
    Completing 80% with 34 violations.
    elapsed time = 00:00:01, memory = 1371.54 (MB).
    Completing 90% with 34 violations.
    elapsed time = 00:00:01, memory = 1371.54 (MB).
    Completing 100% with 0 violations.
    elapsed time = 00:00:01, memory = 1371.54 (MB).
[INFO DRT-0199]   Number of violations = 0.
[INFO DRT-0267] cpu time = 00:00:04, elapsed time = 00:00:02, memory = 1371.54 (MB), peak = 1526.57 (MB)
Total wire length = 66589 um.
Total wire length on LAYER li1 = 0 um.
Total wire length on LAYER met1 = 31391 um.
Total wire length on LAYER met2 = 32723 um.
Total wire length on LAYER met3 = 1580 um.
Total wire length on LAYER met4 = 894 um.
Total wire length on LAYER met5 = 0 um.
Total number of vias = 12351.
Up-via summary (total 12351):

------------------------
 FR_MASTERSLICE        0
            li1     6277
           met1     5967
           met2       79
           met3       28
           met4        0
------------------------
                   12351


[INFO DRT-0198] Complete detail routing.
Total wire length = 66589 um.
Total wire length on LAYER li1 = 0 um.
Total wire length on LAYER met1 = 31391 um.
Total wire length on LAYER met2 = 32723 um.
Total wire length on LAYER met3 = 1580 um.
Total wire length on LAYER met4 = 894 um.
Total wire length on LAYER met5 = 0 um.
Total number of vias = 12351.
Up-via summary (total 12351):

------------------------
 FR_MASTERSLICE        0
            li1     6277
           met1     5967
           met2       79
           met3       28
           met4        0
------------------------
                   12351


[INFO DRT-0267] cpu time = 00:00:48, elapsed time = 00:00:24, memory = 1371.54 (MB), peak = 1526.57 (MB)

[INFO DRT-0180] Post processing.
Setting global connections for newly added cells…
Writing OpenROAD database to '/openlane/designs/TopCPU/runs/RUN_2025.06.04_20.13.44/results/routing/TopCPU.odb'…
Writing netlist to '/openlane/designs/TopCPU/runs/RUN_2025.06.04_20.13.44/results/routing/TopCPU.nl.v'…
Writing powered netlist to '/openlane/designs/TopCPU/runs/RUN_2025.06.04_20.13.44/results/routing/TopCPU.pnl.v'…
Writing layout to '/openlane/designs/TopCPU/runs/RUN_2025.06.04_20.13.44/results/routing/TopCPU.def'…
