
===========================================================================
 report_power
============================================================================
======================= Fastest Corner ===================================

Group                  Internal  Switching    Leakage      Total
                          Power      Power      Power      Power (Watts)
----------------------------------------------------------------
Sequential             1.50e-04   0.00e+00   3.25e-08   1.50e-04  39.6%
Combinational          3.75e-14   2.89e-13   1.76e-09   1.76e-09   0.0%
Clock                  1.13e-04   1.16e-04   4.59e-09   2.29e-04  60.4%
Macro                  0.00e+00   0.00e+00   0.00e+00   0.00e+00   0.0%
Pad                    0.00e+00   0.00e+00   0.00e+00   0.00e+00   0.0%
----------------------------------------------------------------
Total                  2.63e-04   1.16e-04   3.88e-08   3.79e-04 100.0%
                          69.4%      30.6%       0.0%

======================= Slowest Corner ===================================

Group                  Internal  Switching    Leakage      Total
                          Power      Power      Power      Power (Watts)
----------------------------------------------------------------
Sequential             9.87e-05   0.00e+00   6.47e-07   9.94e-05  38.5%
Combinational          2.64e-14   1.94e-13   9.36e-07   9.36e-07   0.4%
Clock                  8.09e-05   7.67e-05   1.17e-07   1.58e-04  61.1%
Macro                  0.00e+00   0.00e+00   0.00e+00   0.00e+00   0.0%
Pad                    0.00e+00   0.00e+00   0.00e+00   0.00e+00   0.0%
----------------------------------------------------------------
Total                  1.80e-04   7.67e-05   1.70e-06   2.58e-04 100.0%
                          69.6%      29.7%       0.7%

======================= Typical Corner ===================================

Group                  Internal  Switching    Leakage      Total
                          Power      Power      Power      Power (Watts)
----------------------------------------------------------------
Sequential             1.29e-04   0.00e+00   3.18e-08   1.29e-04  39.6%
Combinational          3.19e-14   2.47e-13   8.07e-10   8.07e-10   0.0%
Clock                  9.89e-05   9.79e-05   4.30e-09   1.97e-04  60.4%
Macro                  0.00e+00   0.00e+00   0.00e+00   0.00e+00   0.0%
Pad                    0.00e+00   0.00e+00   0.00e+00   0.00e+00   0.0%
----------------------------------------------------------------
Total                  2.28e-04   9.79e-05   3.69e-08   3.26e-04 100.0%
                          70.0%      30.0%       0.0%

